Archive member included to satisfy reference by file (symbol)

d:/toolpath/arm-no~1/base_f~1/102021~1.10/bin/../lib/gcc/arm-none-eabi/10.3.1/thumb/v7e-m+fp/hard\libgcc.a(_arm_muldf3.o)
                              CMakeFiles/STM32H723ZGT6_CMake_2024_11_30.elf.dir/App/LCD/lcd_model.c.obj (__aeabi_dmul)
d:/toolpath/arm-no~1/base_f~1/102021~1.10/bin/../lib/gcc/arm-none-eabi/10.3.1/thumb/v7e-m+fp/hard\libgcc.a(_arm_addsubdf3.o)
                              CMakeFiles/STM32H723ZGT6_CMake_2024_11_30.elf.dir/App/LCD/spi.c.obj (__aeabi_dsub)
d:/toolpath/arm-no~1/base_f~1/102021~1.10/bin/../lib/gcc/arm-none-eabi/10.3.1/thumb/v7e-m+fp/hard\libgcc.a(_arm_muldivdf3.o)
                              CMakeFiles/STM32H723ZGT6_CMake_2024_11_30.elf.dir/App/LCD/lcd_model.c.obj (__aeabi_ddiv)
d:/toolpath/arm-no~1/base_f~1/102021~1.10/bin/../lib/gcc/arm-none-eabi/10.3.1/thumb/v7e-m+fp/hard\libgcc.a(_arm_cmpdf2.o)
                              CMakeFiles/STM32H723ZGT6_CMake_2024_11_30.elf.dir/CMyLib/Src/cJSON.c.obj (__aeabi_dcmpeq)
d:/toolpath/arm-no~1/base_f~1/102021~1.10/bin/../lib/gcc/arm-none-eabi/10.3.1/thumb/v7e-m+fp/hard\libgcc.a(_arm_fixdfsi.o)
                              CMakeFiles/STM32H723ZGT6_CMake_2024_11_30.elf.dir/App/LCD/lcd_model.c.obj (__aeabi_d2iz)
d:/toolpath/arm-no~1/base_f~1/102021~1.10/bin/../lib/gcc/arm-none-eabi/10.3.1/thumb/v7e-m+fp/hard\libgcc.a(_arm_truncdfsf2.o)
                              CMakeFiles/STM32H723ZGT6_CMake_2024_11_30.elf.dir/App/LCD/spi.c.obj (__aeabi_d2f)
d:/toolpath/arm-no~1/base_f~1/102021~1.10/bin/../lib/gcc/arm-none-eabi/10.3.1/thumb/v7e-m+fp/hard\libgcc.a(_aeabi_uldivmod.o)
                              CMakeFiles/STM32H723ZGT6_CMake_2024_11_30.elf.dir/System/STM32H7xx_HAL_Driver/Src/stm32h7xx_hal_uart.c.obj (__aeabi_uldivmod)
d:/toolpath/arm-no~1/base_f~1/102021~1.10/bin/../lib/gcc/arm-none-eabi/10.3.1/thumb/v7e-m+fp/hard\libgcc.a(_udivmoddi4.o)
                              d:/toolpath/arm-no~1/base_f~1/102021~1.10/bin/../lib/gcc/arm-none-eabi/10.3.1/thumb/v7e-m+fp/hard\libgcc.a(_aeabi_uldivmod.o) (__udivmoddi4)
d:/toolpath/arm-no~1/base_f~1/102021~1.10/bin/../lib/gcc/arm-none-eabi/10.3.1/thumb/v7e-m+fp/hard\libgcc.a(_dvmd_tls.o)
                              d:/toolpath/arm-no~1/base_f~1/102021~1.10/bin/../lib/gcc/arm-none-eabi/10.3.1/thumb/v7e-m+fp/hard\libgcc.a(_aeabi_uldivmod.o) (__aeabi_ldiv0)
d:/toolpath/arm-no~1/base_f~1/102021~1.10/bin/../lib/gcc/arm-none-eabi/10.3.1/../../../../arm-none-eabi/lib/thumb/v7e-m+fp/hard\libg_nano.a(lib_a-ctype_.o)
                              CMakeFiles/STM32H723ZGT6_CMake_2024_11_30.elf.dir/CMyLib/Src/cJSON.c.obj (_ctype_)
d:/toolpath/arm-no~1/base_f~1/102021~1.10/bin/../lib/gcc/arm-none-eabi/10.3.1/../../../../arm-none-eabi/lib/thumb/v7e-m+fp/hard\libg_nano.a(lib_a-errno.o)
                              CMakeFiles/STM32H723ZGT6_CMake_2024_11_30.elf.dir/CMyLib/Src/syscalls.c.obj (__errno)
d:/toolpath/arm-no~1/base_f~1/102021~1.10/bin/../lib/gcc/arm-none-eabi/10.3.1/../../../../arm-none-eabi/lib/thumb/v7e-m+fp/hard\libg_nano.a(lib_a-exit.o)
                              d:/toolpath/arm-no~1/base_f~1/102021~1.10/bin/../lib/gcc/arm-none-eabi/10.3.1/../../../../arm-none-eabi/lib/thumb/v7e-m+fp/hard/crt0.o (exit)
d:/toolpath/arm-no~1/base_f~1/102021~1.10/bin/../lib/gcc/arm-none-eabi/10.3.1/../../../../arm-none-eabi/lib/thumb/v7e-m+fp/hard\libg_nano.a(lib_a-impure.o)
                              d:/toolpath/arm-no~1/base_f~1/102021~1.10/bin/../lib/gcc/arm-none-eabi/10.3.1/../../../../arm-none-eabi/lib/thumb/v7e-m+fp/hard\libg_nano.a(lib_a-exit.o) (_global_impure_ptr)
d:/toolpath/arm-no~1/base_f~1/102021~1.10/bin/../lib/gcc/arm-none-eabi/10.3.1/../../../../arm-none-eabi/lib/thumb/v7e-m+fp/hard\libg_nano.a(lib_a-init.o)
                              d:/toolpath/arm-no~1/base_f~1/102021~1.10/bin/../lib/gcc/arm-none-eabi/10.3.1/../../../../arm-none-eabi/lib/thumb/v7e-m+fp/hard/crt0.o (__libc_init_array)
d:/toolpath/arm-no~1/base_f~1/102021~1.10/bin/../lib/gcc/arm-none-eabi/10.3.1/../../../../arm-none-eabi/lib/thumb/v7e-m+fp/hard\libg_nano.a(lib_a-malloc.o)
                              CMakeFiles/STM32H723ZGT6_CMake_2024_11_30.elf.dir/CMyLib/Src/cJSON.c.obj (malloc)
d:/toolpath/arm-no~1/base_f~1/102021~1.10/bin/../lib/gcc/arm-none-eabi/10.3.1/../../../../arm-none-eabi/lib/thumb/v7e-m+fp/hard\libg_nano.a(lib_a-memcpy-stub.o)
                              CMakeFiles/STM32H723ZGT6_CMake_2024_11_30.elf.dir/CMyLib/Src/cJSON.c.obj (memcpy)
d:/toolpath/arm-no~1/base_f~1/102021~1.10/bin/../lib/gcc/arm-none-eabi/10.3.1/../../../../arm-none-eabi/lib/thumb/v7e-m+fp/hard\libg_nano.a(lib_a-memset.o)
                              d:/toolpath/arm-no~1/base_f~1/102021~1.10/bin/../lib/gcc/arm-none-eabi/10.3.1/../../../../arm-none-eabi/lib/thumb/v7e-m+fp/hard/crt0.o (memset)
d:/toolpath/arm-no~1/base_f~1/102021~1.10/bin/../lib/gcc/arm-none-eabi/10.3.1/../../../../arm-none-eabi/lib/thumb/v7e-m+fp/hard\libg_nano.a(lib_a-nano-freer.o)
[...]
Memory Configuration

Name             Origin             Length             Attributes
ITCMRAM          0x00000000         0x00010000         xrw
DTCMRAM          0x20000000         0x00020000         xrw
FLASH            0x08000000         0x00100000         xr
RAM_D1           0x24000000         0x00050000         xrw
RAM_D2           0x30000000         0x00008000         xrw
RAM_D3           0x38000000         0x00004000         xrw
*default*        0x00000000         0xffffffff

Linker script and memory map

LOAD d:/toolpath/arm-no~1/base_f~1/102021~1.10/bin/../lib/gcc/arm-none-eabi/10.3.1/thumb/v7e-m+fp/hard/crti.o
LOAD d:/toolpath/arm-no~1/base_f~1/102021~1.10/bin/../lib/gcc/arm-none-eabi/10.3.1/thumb/v7e-m+fp/hard/crtbegin.o
LOAD d:/toolpath/arm-no~1/base_f~1/102021~1.10/bin/../lib/gcc/arm-none-eabi/10.3.1/../../../../arm-none-eabi/lib/thumb/v7e-m+fp/hard/crt0.o
LOAD CMakeFiles/STM32H723ZGT6_CMake_2024_11_30.elf.dir/App/FreeRTOS/userFreeRTOS.c.obj
LOAD CMakeFiles/STM32H723ZGT6_CMake_2024_11_30.elf.dir/App/LCD/lcd_fonts.c.obj
LOAD CMakeFiles/STM32H723ZGT6_CMake_2024_11_30.elf.dir/App/LCD/lcd_image.c.obj
LOAD CMakeFiles/STM32H723ZGT6_CMake_2024_11_30.elf.dir/App/LCD/lcd_model.c.obj
LOAD CMakeFiles/STM32H723ZGT6_CMake_2024_11_30.elf.dir/App/LCD/spi.c.obj
LOAD CMakeFiles/STM32H723ZGT6_CMake_2024_11_30.elf.dir/App/Led/led.c.obj
LOAD CMakeFiles/STM32H723ZGT6_CMake_2024_11_30.elf.dir/CMyLib/Define/define.c.obj
LOAD CMakeFiles/STM32H723ZGT6_CMake_2024_11_30.elf.dir/CMyLib/Dts/dts.c.obj
LOAD CMakeFiles/STM32H723ZGT6_CMake_2024_11_30.elf.dir/CMyLib/Src/TimeBase/stm32h7xx_hal_timebase_tim.c.obj
LOAD CMakeFiles/STM32H723ZGT6_CMake_2024_11_30.elf.dir/CMyLib/Src/cJSON.c.obj
LOAD CMakeFiles/STM32H723ZGT6_CMake_2024_11_30.elf.dir/CMyLib/Src/stm32h7xx_hal_msp.c.obj
LOAD CMakeFiles/STM32H723ZGT6_CMake_2024_11_30.elf.dir/CMyLib/Src/syscalls.c.obj
LOAD CMakeFiles/STM32H723ZGT6_CMake_2024_11_30.elf.dir/CMyLib/Src/sysmem.c.obj
LOAD CMakeFiles/STM32H723ZGT6_CMake_2024_11_30.elf.dir/CMyLib/Usart/usart.c.obj
LOAD CMakeFiles/STM32H723ZGT6_CMake_2024_11_30.elf.dir/CMyLib/cMyLib.c.obj
LOAD CMakeFiles/STM32H723ZGT6_CMake_2024_11_30.elf.dir/System/FreeRTOS/CMSIS_RTOS_V2/cmsis_os2.c.obj
LOAD CMakeFiles/STM32H723ZGT6_CMake_2024_11_30.elf.dir/System/FreeRTOS/croutine.c.obj
LOAD CMakeFiles/STM32H723ZGT6_CMake_2024_11_30.elf.dir/System/FreeRTOS/event_groups.c.obj
LOAD CMakeFiles/STM32H723ZGT6_CMake_2024_11_30.elf.dir/System/FreeRTOS/list.c.obj
LOAD CMakeFiles/STM32H723ZGT6_CMake_2024_11_30.elf.dir/System/FreeRTOS/portable/GCC/ARM_CM4F/port.c.obj
LOAD CMakeFiles/STM32H723ZGT6_CMake_2024_11_30.elf.dir/System/FreeRTOS/portable/MemMang/heap_4.c.obj
LOAD CMakeFiles/STM32H723ZGT6_CMake_2024_11_30.elf.dir/System/FreeRTOS/queue.c.obj
LOAD CMakeFiles/STM32H723ZGT6_CMake_2024_11_30.elf.dir/System/FreeRTOS/stream_buffer.c.obj
LOAD CMakeFiles/STM32H723ZGT6_CMake_2024_11_30.elf.dir/System/FreeRTOS/tasks.c.obj
LOAD CMakeFiles/STM32H723ZGT6_CMake_2024_11_30.elf.dir/System/FreeRTOS/timers.c.obj
LOAD CMakeFiles/STM32H723ZGT6_CMake_2024_11_30.elf.dir/System/STM32H7xx_HAL_Driver/Src/Legacy/stm32h7xx_hal_eth.c.obj
LOAD CMakeFiles/STM32H723ZGT6_CMake_2024_11_30.elf.dir/System/STM32H7xx_HAL_Driver/Src/Legacy/stm32h7xx_hal_eth_ex.c.obj
LOAD CMakeFiles/STM32H723ZGT6_CMake_2024_11_30.elf.dir/System/STM32H7xx_HAL_Driver/Src/stm32h7xx_hal.c.obj
LOAD CMakeFiles/STM32H723ZGT6_CMake_2024_11_30.elf.dir/System/STM32H7xx_HAL_Driver/Src/stm32h7xx_hal_adc.c.obj
LOAD CMakeFiles/STM32H723ZGT6_CMake_2024_11_30.elf.dir/System/STM32H7xx_HAL_Driver/Src/stm32h7xx_hal_adc_ex.c.obj
LOAD CMakeFiles/STM32H723ZGT6_CMake_2024_11_30.elf.dir/System/STM32H7xx_HAL_Driver/Src/stm32h7xx_hal_cec.c.obj
LOAD CMakeFiles/STM32H723ZGT6_CMake_2024_11_30.elf.dir/System/STM32H7xx_HAL_Driver/Src/stm32h7xx_hal_comp.c.obj
LOAD CMakeFiles/STM32H723ZGT6_CMake_2024_11_30.elf.dir/System/STM32H7xx_HAL_Driver/Src/stm32h7xx_hal_cordic.c.obj
LOAD CMakeFiles/STM32H723ZGT6_CMake_2024_11_30.elf.dir/System/STM32H7xx_HAL_Driver/Src/stm32h7xx_hal_cortex.c.obj
LOAD CMakeFiles/STM32H723ZGT6_CMake_2024_11_30.elf.dir/System/STM32H7xx_HAL_Driver/Src/stm32h7xx_hal_crc.c.obj
LOAD CMakeFiles/STM32H723ZGT6_CMake_2024_11_30.elf.dir/System/STM32H7xx_HAL_Driver/Src/stm32h7xx_hal_crc_ex.c.obj
LOAD CMakeFiles/STM32H723ZGT6_CMake_2024_11_30.elf.dir/System/STM32H7xx_HAL_Driver/Src/stm32h7xx_hal_cryp.c.obj
LOAD CMakeFiles/STM32H723ZGT6_CMake_2024_11_30.elf.dir/System/STM32H7xx_HAL_Driver/Src/stm32h7xx_hal_cryp_ex.c.obj
LOAD CMakeFiles/STM32H723ZGT6_CMake_2024_11_30.elf.dir/System/STM32H7xx_HAL_Driver/Src/stm32h7xx_hal_dac.c.obj
LOAD CMakeFiles/STM32H723ZGT6_CMake_2024_11_30.elf.dir/System/STM32H7xx_HAL_Driver/Src/stm32h7xx_hal_dac_ex.c.obj
LOAD CMakeFiles/STM32H723ZGT6_CMake_2024_11_30.elf.dir/System/STM32H7xx_HAL_Driver/Src/stm32h7xx_hal_dcmi.c.obj
LOAD CMakeFiles/STM32H723ZGT6_CMake_2024_11_30.elf.dir/System/STM32H7xx_HAL_Driver/Src/stm32h7xx_hal_dfsdm.c.obj
LOAD CMakeFiles/STM32H723ZGT6_CMake_2024_11_30.elf.dir/System/STM32H7xx_HAL_Driver/Src/stm32h7xx_hal_dfsdm_ex.c.obj
LOAD CMakeFiles/STM32H723ZGT6_CMake_2024_11_30.elf.dir/System/STM32H7xx_HAL_Driver/Src/stm32h7xx_hal_dma.c.obj
LOAD CMakeFiles/STM32H723ZGT6_CMake_2024_11_30.elf.dir/System/STM32H7xx_HAL_Driver/Src/stm32h7xx_hal_dma2d.c.obj
LOAD CMakeFiles/STM32H723ZGT6_CMake_2024_11_30.elf.dir/System/STM32H7xx_HAL_Driver/Src/stm32h7xx_hal_dma_ex.c.obj
LOAD CMakeFiles/STM32H723ZGT6_CMake_2024_11_30.elf.dir/System/STM32H7xx_HAL_Driver/Src/stm32h7xx_hal_dsi.c.obj
LOAD CMakeFiles/STM32H723ZGT6_CMake_2024_11_30.elf.dir/System/STM32H7xx_HAL_Driver/Src/stm32h7xx_hal_dts.c.obj
LOAD CMakeFiles/STM32H723ZGT6_CMake_2024_11_30.elf.dir/System/STM32H7xx_HAL_Driver/Src/stm32h7xx_hal_eth.c.obj
LOAD CMakeFiles/STM32H723ZGT6_CMake_2024_11_30.elf.dir/System/STM32H7xx_HAL_Driver/Src/stm32h7xx_hal_eth_ex.c.obj
LOAD CMakeFiles/STM32H723ZGT6_CMake_2024_11_30.elf.dir/System/STM32H7xx_HAL_Driver/Src/stm32h7xx_hal_exti.c.obj
LOAD CMakeFiles/STM32H723ZGT6_CMake_2024_11_30.elf.dir/System/STM32H7xx_HAL_Driver/Src/stm32h7xx_hal_fdcan.c.obj
LOAD CMakeFiles/STM32H723ZGT6_CMake_2024_11_30.elf.dir/System/STM32H7xx_HAL_Driver/Src/stm32h7xx_hal_flash.c.obj
LOAD CMakeFiles/STM32H723ZGT6_CMake_2024_11_30.elf.dir/System/STM32H7xx_HAL_Driver/Src/stm32h7xx_hal_flash_ex.c.obj
LOAD CMakeFiles/STM32H723ZGT6_CMake_2024_11_30.elf.dir/System/STM32H7xx_HAL_Driver/Src/stm32h7xx_hal_fmac.c.obj
LOAD CMakeFiles/STM32H723ZGT6_CMake_2024_11_30.elf.dir/System/STM32H7xx_HAL_Driver/Src/stm32h7xx_hal_gfxmmu.c.obj
LOAD CMakeFiles/STM32H723ZGT6_CMake_2024_11_30.elf.dir/System/STM32H7xx_HAL_Driver/Src/stm32h7xx_hal_gpio.c.obj
LOAD CMakeFiles/STM32H723ZGT6_CMake_2024_11_30.elf.dir/System/STM32H7xx_HAL_Driver/Src/stm32h7xx_hal_hash.c.obj
LOAD CMakeFiles/STM32H723ZGT6_CMake_2024_11_30.elf.dir/System/STM32H7xx_HAL_Driver/Src/stm32h7xx_hal_hash_ex.c.obj
LOAD CMakeFiles/STM32H723ZGT6_CMake_2024_11_30.elf.dir/System/STM32H7xx_HAL_Driver/Src/stm32h7xx_hal_hcd.c.obj
LOAD CMakeFiles/STM32H723ZGT6_CMake_2024_11_30.elf.dir/System/STM32H7xx_HAL_Driver/Src/stm32h7xx_hal_hrtim.c.obj
LOAD CMakeFiles/STM32H723ZGT6_CMake_2024_11_30.elf.dir/System/STM32H7xx_HAL_Driver/Src/stm32h7xx_hal_hsem.c.obj
LOAD CMakeFiles/STM32H723ZGT6_CMake_2024_11_30.elf.dir/System/STM32H7xx_HAL_Driver/Src/stm32h7xx_hal_i2c.c.obj
LOAD CMakeFiles/STM32H723ZGT6_CMake_2024_11_30.elf.dir/System/STM32H7xx_HAL_Driver/Src/stm32h7xx_hal_i2c_ex.c.obj
LOAD CMakeFiles/STM32H723ZGT6_CMake_2024_11_30.elf.dir/System/STM32H7xx_HAL_Driver/Src/stm32h7xx_hal_i2s.c.obj
LOAD CMakeFiles/STM32H723ZGT6_CMake_2024_11_30.elf.dir/System/STM32H7xx_HAL_Driver/Src/stm32h7xx_hal_i2s_ex.c.obj
LOAD CMakeFiles/STM32H723ZGT6_CMake_2024_11_30.elf.dir/System/STM32H7xx_HAL_Driver/Src/stm32h7xx_hal_irda.c.obj
LOAD CMakeFiles/STM32H723ZGT6_CMake_2024_11_30.elf.dir/System/STM32H7xx_HAL_Driver/Src/stm32h7xx_hal_iwdg.c.obj
LOAD CMakeFiles/STM32H723ZGT6_CMake_2024_11_30.elf.dir/System/STM32H7xx_HAL_Driver/Src/stm32h7xx_hal_jpeg.c.obj
LOAD CMakeFiles/STM32H723ZGT6_CMake_2024_11_30.elf.dir/System/STM32H7xx_HAL_Driver/Src/stm32h7xx_hal_lptim.c.obj
LOAD CMakeFiles/STM32H723ZGT6_CMake_2024_11_30.elf.dir/System/STM32H7xx_HAL_Driver/Src/stm32h7xx_hal_ltdc.c.obj
LOAD CMakeFiles/STM32H723ZGT6_CMake_2024_11_30.elf.dir/System/STM32H7xx_HAL_Driver/Src/stm32h7xx_hal_ltdc_ex.c.obj
LOAD CMakeFiles/STM32H723ZGT6_CMake_2024_11_30.elf.dir/System/STM32H7xx_HAL_Driver/Src/stm32h7xx_hal_mdios.c.obj
LOAD CMakeFiles/STM32H723ZGT6_CMake_2024_11_30.elf.dir/System/STM32H7xx_HAL_Driver/Src/stm32h7xx_hal_mdma.c.obj
LOAD CMakeFiles/STM32H723ZGT6_CMake_2024_11_30.elf.dir/System/STM32H7xx_HAL_Driver/Src/stm32h7xx_hal_mmc.c.obj
LOAD CMakeFiles/STM32H723ZGT6_CMake_2024_11_30.elf.dir/System/STM32H7xx_HAL_Driver/Src/stm32h7xx_hal_mmc_ex.c.obj
LOAD CMakeFiles/STM32H723ZGT6_CMake_2024_11_30.elf.dir/System/STM32H7xx_HAL_Driver/Src/stm32h7xx_hal_nand.c.obj
LOAD CMakeFiles/STM32H723ZGT6_CMake_2024_11_30.elf.dir/System/STM32H7xx_HAL_Driver/Src/stm32h7xx_hal_nor.c.obj
LOAD CMakeFiles/STM32H723ZGT6_CMake_2024_11_30.elf.dir/System/STM32H7xx_HAL_Driver/Src/stm32h7xx_hal_opamp.c.obj
LOAD CMakeFiles/STM32H723ZGT6_CMake_2024_11_30.elf.dir/System/STM32H7xx_HAL_Driver/Src/stm32h7xx_hal_opamp_ex.c.obj
LOAD CMakeFiles/STM32H723ZGT6_CMake_2024_11_30.elf.dir/System/STM32H7xx_HAL_Driver/Src/stm32h7xx_hal_ospi.c.obj
LOAD CMakeFiles/STM32H723ZGT6_CMake_2024_11_30.elf.dir/System/STM32H7xx_HAL_Driver/Src/stm32h7xx_hal_otfdec.c.obj
LOAD CMakeFiles/STM32H723ZGT6_CMake_2024_11_30.elf.dir/System/STM32H7xx_HAL_Driver/Src/stm32h7xx_hal_pcd.c.obj
LOAD CMakeFiles/STM32H723ZGT6_CMake_2024_11_30.elf.dir/System/STM32H7xx_HAL_Driver/Src/stm32h7xx_hal_pcd_ex.c.obj
LOAD CMakeFiles/STM32H723ZGT6_CMake_2024_11_30.elf.dir/System/STM32H7xx_HAL_Driver/Src/stm32h7xx_hal_pssi.c.obj
LOAD CMakeFiles/STM32H723ZGT6_CMake_2024_11_30.elf.dir/System/STM32H7xx_HAL_Driver/Src/stm32h7xx_hal_pwr.c.obj
LOAD CMakeFiles/STM32H723ZGT6_CMake_2024_11_30.elf.dir/System/STM32H7xx_HAL_Driver/Src/stm32h7xx_hal_pwr_ex.c.obj
LOAD CMakeFiles/STM32H723ZGT6_CMake_2024_11_30.elf.dir/System/STM32H7xx_HAL_Driver/Src/stm32h7xx_hal_qspi.c.obj
LOAD CMakeFiles/STM32H723ZGT6_CMake_2024_11_30.elf.dir/System/STM32H7xx_HAL_Driver/Src/stm32h7xx_hal_ramecc.c.obj
LOAD CMakeFiles/STM32H723ZGT6_CMake_2024_11_30.elf.dir/System/STM32H7xx_HAL_Driver/Src/stm32h7xx_hal_rcc.c.obj
LOAD CMakeFiles/STM32H723ZGT6_CMake_2024_11_30.elf.dir/System/STM32H7xx_HAL_Driver/Src/stm32h7xx_hal_rcc_ex.c.obj
LOAD CMakeFiles/STM32H723ZGT6_CMake_2024_11_30.elf.dir/System/STM32H7xx_HAL_Driver/Src/stm32h7xx_hal_rng.c.obj
LOAD CMakeFiles/STM32H723ZGT6_CMake_2024_11_30.elf.dir/System/STM32H7xx_HAL_Driver/Src/stm32h7xx_hal_rng_ex.c.obj
LOAD CMakeFiles/STM32H723ZGT6_CMake_2024_11_30.elf.dir/System/STM32H7xx_HAL_Driver/Src/stm32h7xx_hal_rtc.c.obj
LOAD CMakeFiles/STM32H723ZGT6_CMake_2024_11_30.elf.dir/System/STM32H7xx_HAL_Driver/Src/stm32h7xx_hal_rtc_ex.c.obj
LOAD CMakeFiles/STM32H723ZGT6_CMake_2024_11_30.elf.dir/System/STM32H7xx_HAL_Driver/Src/stm32h7xx_hal_sai.c.obj
LOAD CMakeFiles/STM32H723ZGT6_CMake_2024_11_30.elf.dir/System/STM32H7xx_HAL_Driver/Src/stm32h7xx_hal_sai_ex.c.obj
LOAD CMakeFiles/STM32H723ZGT6_CMake_2024_11_30.elf.dir/System/STM32H7xx_HAL_Driver/Src/stm32h7xx_hal_sd.c.obj
LOAD CMakeFiles/STM32H723ZGT6_CMake_2024_11_30.elf.dir/System/STM32H7xx_HAL_Driver/Src/stm32h7xx_hal_sd_ex.c.obj
LOAD CMakeFiles/STM32H723ZGT6_CMake_2024_11_30.elf.dir/System/STM32H7xx_HAL_Driver/Src/stm32h7xx_hal_sdio.c.obj
LOAD CMakeFiles/STM32H723ZGT6_CMake_2024_11_30.elf.dir/System/STM32H7xx_HAL_Driver/Src/stm32h7xx_hal_sdram.c.obj
LOAD CMakeFiles/STM32H723ZGT6_CMake_2024_11_30.elf.dir/System/STM32H7xx_HAL_Driver/Src/stm32h7xx_hal_smartcard.c.obj
LOAD CMakeFiles/STM32H723ZGT6_CMake_2024_11_30.elf.dir/System/STM32H7xx_HAL_Driver/Src/stm32h7xx_hal_smartcard_ex.c.obj
LOAD CMakeFiles/STM32H723ZGT6_CMake_2024_11_30.elf.dir/System/STM32H7xx_HAL_Driver/Src/stm32h7xx_hal_smbus.c.obj
LOAD CMakeFiles/STM32H723ZGT6_CMake_2024_11_30.elf.dir/System/STM32H7xx_HAL_Driver/Src/stm32h7xx_hal_smbus_ex.c.obj
LOAD CMakeFiles/STM32H723ZGT6_CMake_2024_11_30.elf.dir/System/STM32H7xx_HAL_Driver/Src/stm32h7xx_hal_spdifrx.c.obj
LOAD CMakeFiles/STM32H723ZGT6_CMake_2024_11_30.elf.dir/System/STM32H7xx_HAL_Driver/Src/stm32h7xx_hal_spi.c.obj
LOAD CMakeFiles/STM32H723ZGT6_CMake_2024_11_30.elf.dir/System/STM32H7xx_HAL_Driver/Src/stm32h7xx_hal_spi_ex.c.obj
LOAD CMakeFiles/STM32H723ZGT6_CMake_2024_11_30.elf.dir/System/STM32H7xx_HAL_Driver/Src/stm32h7xx_hal_sram.c.obj
LOAD CMakeFiles/STM32H723ZGT6_CMake_2024_11_30.elf.dir/System/STM32H7xx_HAL_Driver/Src/stm32h7xx_hal_swpmi.c.obj
LOAD CMakeFiles/STM32H723ZGT6_CMake_2024_11_30.elf.dir/System/STM32H7xx_HAL_Driver/Src/stm32h7xx_hal_tim.c.obj
LOAD CMakeFiles/STM32H723ZGT6_CMake_2024_11_30.elf.dir/System/STM32H7xx_HAL_Driver/Src/stm32h7xx_hal_tim_ex.c.obj
LOAD CMakeFiles/STM32H723ZGT6_CMake_2024_11_30.elf.dir/System/STM32H7xx_HAL_Driver/Src/stm32h7xx_hal_uart.c.obj
LOAD CMakeFiles/STM32H723ZGT6_CMake_2024_11_30.elf.dir/System/STM32H7xx_HAL_Driver/Src/stm32h7xx_hal_uart_ex.c.obj
LOAD CMakeFiles/STM32H723ZGT6_CMake_2024_11_30.elf.dir/System/STM32H7xx_HAL_Driver/Src/stm32h7xx_hal_usart.c.obj
LOAD CMakeFiles/STM32H723ZGT6_CMake_2024_11_30.elf.dir/System/STM32H7xx_HAL_Driver/Src/stm32h7xx_hal_usart_ex.c.obj
LOAD CMakeFiles/STM32H723ZGT6_CMake_2024_11_30.elf.dir/System/STM32H7xx_HAL_Driver/Src/stm32h7xx_hal_wwdg.c.obj
LOAD CMakeFiles/STM32H723ZGT6_CMake_2024_11_30.elf.dir/System/STM32H7xx_HAL_Driver/Src/stm32h7xx_ll_adc.c.obj
LOAD CMakeFiles/STM32H723ZGT6_CMake_2024_11_30.elf.dir/System/STM32H7xx_HAL_Driver/Src/stm32h7xx_ll_bdma.c.obj
LOAD CMakeFiles/STM32H723ZGT6_CMake_2024_11_30.elf.dir/System/STM32H7xx_HAL_Driver/Src/stm32h7xx_ll_comp.c.obj
LOAD CMakeFiles/STM32H723ZGT6_CMake_2024_11_30.elf.dir/System/STM32H7xx_HAL_Driver/Src/stm32h7xx_ll_cordic.c.obj
LOAD CMakeFiles/STM32H723ZGT6_CMake_2024_11_30.elf.dir/System/STM32H7xx_HAL_Driver/Src/stm32h7xx_ll_crc.c.obj
LOAD CMakeFiles/STM32H723ZGT6_CMake_2024_11_30.elf.dir/System/STM32H7xx_HAL_Driver/Src/stm32h7xx_ll_crs.c.obj
LOAD CMakeFiles/STM32H723ZGT6_CMake_2024_11_30.elf.dir/System/STM32H7xx_HAL_Driver/Src/stm32h7xx_ll_dac.c.obj
LOAD CMakeFiles/STM32H723ZGT6_CMake_2024_11_30.elf.dir/System/STM32H7xx_HAL_Driver/Src/stm32h7xx_ll_delayblock.c.obj
LOAD CMakeFiles/STM32H723ZGT6_CMake_2024_11_30.elf.dir/System/STM32H7xx_HAL_Driver/Src/stm32h7xx_ll_dma.c.obj
LOAD CMakeFiles/STM32H723ZGT6_CMake_2024_11_30.elf.dir/System/STM32H7xx_HAL_Driver/Src/stm32h7xx_ll_dma2d.c.obj
LOAD CMakeFiles/STM32H723ZGT6_CMake_2024_11_30.elf.dir/System/STM32H7xx_HAL_Driver/Src/stm32h7xx_ll_exti.c.obj
LOAD CMakeFiles/STM32H723ZGT6_CMake_2024_11_30.elf.dir/System/STM32H7xx_HAL_Driver/Src/stm32h7xx_ll_fmac.c.obj
LOAD CMakeFiles/STM32H723ZGT6_CMake_2024_11_30.elf.dir/System/STM32H7xx_HAL_Driver/Src/stm32h7xx_ll_fmc.c.obj
LOAD CMakeFiles/STM32H723ZGT6_CMake_2024_11_30.elf.dir/System/STM32H7xx_HAL_Driver/Src/stm32h7xx_ll_gpio.c.obj
LOAD CMakeFiles/STM32H723ZGT6_CMake_2024_11_30.elf.dir/System/STM32H7xx_HAL_Driver/Src/stm32h7xx_ll_hrtim.c.obj
LOAD CMakeFiles/STM32H723ZGT6_CMake_2024_11_30.elf.dir/System/STM32H7xx_HAL_Driver/Src/stm32h7xx_ll_i2c.c.obj
LOAD CMakeFiles/STM32H723ZGT6_CMake_2024_11_30.elf.dir/System/STM32H7xx_HAL_Driver/Src/stm32h7xx_ll_lptim.c.obj
LOAD CMakeFiles/STM32H723ZGT6_CMake_2024_11_30.elf.dir/System/STM32H7xx_HAL_Driver/Src/stm32h7xx_ll_lpuart.c.obj
LOAD CMakeFiles/STM32H723ZGT6_CMake_2024_11_30.elf.dir/System/STM32H7xx_HAL_Driver/Src/stm32h7xx_ll_mdma.c.obj
LOAD CMakeFiles/STM32H723ZGT6_CMake_2024_11_30.elf.dir/System/STM32H7xx_HAL_Driver/Src/stm32h7xx_ll_opamp.c.obj
LOAD CMakeFiles/STM32H723ZGT6_CMake_2024_11_30.elf.dir/System/STM32H7xx_HAL_Driver/Src/stm32h7xx_ll_pwr.c.obj
LOAD CMakeFiles/STM32H723ZGT6_CMake_2024_11_30.elf.dir/System/STM32H7xx_HAL_Driver/Src/stm32h7xx_ll_rcc.c.obj
LOAD CMakeFiles/STM32H723ZGT6_CMake_2024_11_30.elf.dir/System/STM32H7xx_HAL_Driver/Src/stm32h7xx_ll_rng.c.obj
LOAD CMakeFiles/STM32H723ZGT6_CMake_2024_11_30.elf.dir/System/STM32H7xx_HAL_Driver/Src/stm32h7xx_ll_rtc.c.obj
LOAD CMakeFiles/STM32H723ZGT6_CMake_2024_11_30.elf.dir/System/STM32H7xx_HAL_Driver/Src/stm32h7xx_ll_sdmmc.c.obj
LOAD CMakeFiles/STM32H723ZGT6_CMake_2024_11_30.elf.dir/System/STM32H7xx_HAL_Driver/Src/stm32h7xx_ll_spi.c.obj
LOAD CMakeFiles/STM32H723ZGT6_CMake_2024_11_30.elf.dir/System/STM32H7xx_HAL_Driver/Src/stm32h7xx_ll_swpmi.c.obj
LOAD CMakeFiles/STM32H723ZGT6_CMake_2024_11_30.elf.dir/System/STM32H7xx_HAL_Driver/Src/stm32h7xx_ll_tim.c.obj
LOAD CMakeFiles/STM32H723ZGT6_CMake_2024_11_30.elf.dir/System/STM32H7xx_HAL_Driver/Src/stm32h7xx_ll_usart.c.obj
LOAD CMakeFiles/STM32H723ZGT6_CMake_2024_11_30.elf.dir/System/STM32H7xx_HAL_Driver/Src/stm32h7xx_ll_usb.c.obj
LOAD CMakeFiles/STM32H723ZGT6_CMake_2024_11_30.elf.dir/System/STM32H7xx_HAL_Driver/Src/stm32h7xx_ll_utils.c.obj
LOAD CMakeFiles/STM32H723ZGT6_CMake_2024_11_30.elf.dir/System/Startup/startup_stm32h723zgtx.s.obj
LOAD CMakeFiles/STM32H723ZGT6_CMake_2024_11_30.elf.dir/User/Src/main.c.obj
LOAD CMakeFiles/STM32H723ZGT6_CMake_2024_11_30.elf.dir/User/Src/stm32h7xx_it.c.obj
LOAD CMakeFiles/STM32H723ZGT6_CMake_2024_11_30.elf.dir/User/Src/system_stm32h7xx.c.obj
START GROUP
LOAD d:/toolpath/arm-no~1/base_f~1/102021~1.10/bin/../lib/gcc/arm-none-eabi/10.3.1/thumb/v7e-m+fp/hard\libgcc.a
LOAD d:/toolpath/arm-no~1/base_f~1/102021~1.10/bin/../lib/gcc/arm-none-eabi/10.3.1/../../../../arm-none-eabi/lib/thumb/v7e-m+fp/hard\libg_nano.a
LOAD d:/toolpath/arm-no~1/base_f~1/102021~1.10/bin/../lib/gcc/arm-none-eabi/10.3.1/../../../../arm-none-eabi/lib/thumb/v7e-m+fp/hard\libc_nano.a
END GROUP
START GROUP
LOAD d:/toolpath/arm-no~1/base_f~1/102021~1.10/bin/../lib/gcc/arm-none-eabi/10.3.1/thumb/v7e-m+fp/hard\libgcc.a
LOAD d:/toolpath/arm-no~1/base_f~1/102021~1.10/bin/../lib/gcc/arm-none-eabi/10.3.1/../../../../arm-none-eabi/lib/thumb/v7e-m+fp/hard\libc_nano.a
LOAD d:/toolpath/arm-no~1/base_f~1/102021~1.10/bin/../lib/gcc/arm-none-eabi/10.3.1/../../../../arm-none-eabi/lib/thumb/v7e-m+fp/hard\libnosys.a
END GROUP
START GROUP
LOAD d:/toolpath/arm-no~1/base_f~1/102021~1.10/bin/../lib/gcc/arm-none-eabi/10.3.1/thumb/v7e-m+fp/hard\libgcc.a
LOAD d:/toolpath/arm-no~1/base_f~1/102021~1.10/bin/../lib/gcc/arm-none-eabi/10.3.1/../../../../arm-none-eabi/lib/thumb/v7e-m+fp/hard\libc_nano.a
LOAD d:/toolpath/arm-no~1/base_f~1/102021~1.10/bin/../lib/gcc/arm-none-eabi/10.3.1/../../../../arm-none-eabi/lib/thumb/v7e-m+fp/hard\libnosys.a
END GROUP
LOAD d:/toolpath/arm-no~1/base_f~1/102021~1.10/bin/../lib/gcc/arm-none-eabi/10.3.1/thumb/v7e-m+fp/hard/crtend.o
LOAD d:/toolpath/arm-no~1/base_f~1/102021~1.10/bin/../lib/gcc/arm-none-eabi/10.3.1/thumb/v7e-m+fp/hard/crtn.o
                0x24050000                _estack = (ORIGIN (RAM_D1) + LENGTH (RAM_D1))
                0x00000200                _Min_Heap_Size = 0x200
                0x00000400                _Min_Stack_Size = 0x400

.isr_vector     0x08000000      0x2cc
                0x08000000                . = ALIGN (0x4)
 *(.isr_vector)
 .isr_vector    0x08000000      0x2cc CMakeFiles/STM32H723ZGT6_CMake_2024_11_30.elf.dir/System/Startup/startup_stm32h723zgtx.s.obj
                0x08000000                g_pfnVectors
                0x080002cc                . = ALIGN (0x4)

.text           0x080002d0     0xc6ec
                0x080002d0                . = ALIGN (0x4)
 *(.text)
 .text          0x080002d0       0x40 d:/toolpath/arm-no~1/base_f~1/102021~1.10/bin/../lib/gcc/arm-none-eabi/10.3.1/thumb/v7e-m+fp/hard/crtbegin.o
 .text          0x08000310      0x378 d:/toolpath/arm-no~1/base_f~1/102021~1.10/bin/../lib/gcc/arm-none-eabi/10.3.1/thumb/v7e-m+fp/hard\libgcc.a(_arm_addsubdf3.o)
                0x08000310                __aeabi_drsub
                0x08000318                __aeabi_dsub
                0x08000318                __subdf3
                0x0800031c                __aeabi_dadd
                0x0800031c                __adddf3
                0x08000594                __floatunsidf
                0x08000594                __aeabi_ui2d
                0x080005b4                __floatsidf
                0x080005b4                __aeabi_i2d
                0x080005d8                __aeabi_f2d
                0x080005d8                __extendsfdf2
                0x0800061c                __floatundidf
                0x0800061c                __aeabi_ul2d
                0x0800062c                __floatdidf
                0x0800062c                __aeabi_l2d
 .text          0x08000688      0x424 d:/toolpath/arm-no~1/base_f~1/102021~1.10/bin/../lib/gcc/arm-none-eabi/10.3.1/thumb/v7e-m+fp/hard\libgcc.a(_arm_muldivdf3.o)
                0x08000688                __aeabi_dmul
                0x08000688                __muldf3
                0x080008dc                __divdf3
                0x080008dc                __aeabi_ddiv
 .text          0x08000aac      0x110 d:/toolpath/arm-no~1/base_f~1/102021~1.10/bin/../lib/gcc/arm-none-eabi/10.3.1/thumb/v7e-m+fp/hard\libgcc.a(_arm_cmpdf2.o)
                0x08000aac                __gtdf2
                0x08000aac                __gedf2
                0x08000ab4                __ltdf2
                0x08000ab4                __ledf2
                0x08000abc                __nedf2
                0x08000abc                __eqdf2
                0x08000abc                __cmpdf2
                0x08000b38                __aeabi_cdrcmple
                0x08000b48                __aeabi_cdcmpeq
                0x08000b48                __aeabi_cdcmple
                0x08000b58                __aeabi_dcmpeq
                0x08000b6c                __aeabi_dcmplt
                0x08000b80                __aeabi_dcmple
                0x08000b94                __aeabi_dcmpge
                0x08000ba8                __aeabi_dcmpgt
 .text          0x08000bbc       0x50 d:/toolpath/arm-no~1/base_f~1/102021~1.10/bin/../lib/gcc/arm-none-eabi/10.3.1/thumb/v7e-m+fp/hard\libgcc.a(_arm_fixdfsi.o)
                0x08000bbc                __aeabi_d2iz
                0x08000bbc                __fixdfsi
 .text          0x08000c0c       0x30 d:/toolpath/arm-no~1/base_f~1/102021~1.10/bin/../lib/gcc/arm-none-eabi/10.3.1/thumb/v7e-m+fp/hard\libgcc.a(_aeabi_uldivmod.o)
                0x08000c0c                __aeabi_uldivmod
 .text          0x08000c3c      0x2d0 d:/toolpath/arm-no~1/base_f~1/102021~1.10/bin/../lib/gcc/arm-none-eabi/10.3.1/thumb/v7e-m+fp/hard\libgcc.a(_udivmoddi4.o)
                0x08000c3c                __udivmoddi4
 .text          0x08000f0c        0x4 d:/toolpath/arm-no~1/base_f~1/102021~1.10/bin/../lib/gcc/arm-none-eabi/10.3.1/thumb/v7e-m+fp/hard\libgcc.a(_dvmd_tls.o)
                0x08000f0c                __aeabi_idiv0
                0x08000f0c                __aeabi_ldiv0
 .text          0x08000f10       0x10 d:/toolpath/arm-no~1/base_f~1/102021~1.10/bin/../lib/gcc/arm-none-eabi/10.3.1/../../../../arm-none-eabi/lib/thumb/v7e-m+fp/hard\libg_nano.a(lib_a-strlen.o)
                0x08000f10                strlen
 .text          0x08000f20       0xa0 d:/toolpath/arm-no~1/base_f~1/102021~1.10/bin/../lib/gcc/arm-none-eabi/10.3.1/../../../../arm-none-eabi/lib/thumb/v7e-m+fp/hard\libg_nano.a(lib_a-memchr.o)
                0x08000f20                memchr
 .text          0x08000fc0       0x2c d:/toolpath/arm-no~1/base_f~1/102021~1.10/bin/../lib/gcc/arm-none-eabi/10.3.1/thumb/v7e-m+fp/hard\libgcc.a(_arm_unorddf2.o)
                0x08000fc0                __unorddf2
                0x08000fc0                __aeabi_dcmpun
 *(.text*)
 .text.StartDefaultTask
                0x08000fec        0xa CMakeFiles/STM32H723ZGT6_CMake_2024_11_30.elf.dir/App/FreeRTOS/userFreeRTOS.c.obj
                0x08000fec                StartDefaultTask
 *fill*         0x08000ff6        0x2 
 .text.Start_flash_led
                0x08000ff8       0x18 CMakeFiles/STM32H723ZGT6_CMake_2024_11_30.elf.dir/App/FreeRTOS/userFreeRTOS.c.obj
                0x08000ff8                Start_flash_led
 .text.Start_usart1_printf
                0x08001010       0x3c CMakeFiles/STM32H723ZGT6_CMake_2024_11_30.elf.dir/App/FreeRTOS/userFreeRTOS.c.obj
                0x08001010                Start_usart1_printf
 .text.Start_lcd_printf
                0x0800104c       0x7c CMakeFiles/STM32H723ZGT6_CMake_2024_11_30.elf.dir/App/FreeRTOS/userFreeRTOS.c.obj
                0x0800104c                Start_lcd_printf
 .text.MX_FREERTOS_Init
                0x080010c8       0x6c CMakeFiles/STM32H723ZGT6_CMake_2024_11_30.elf.dir/App/FreeRTOS/userFreeRTOS.c.obj
                0x080010c8                MX_FREERTOS_Init
 .text.MX_SPI6_Init
                0x08001134       0x5c CMakeFiles/STM32H723ZGT6_CMake_2024_11_30.elf.dir/App/LCD/spi.c.obj
                0x08001134                MX_SPI6_Init
 .text.HAL_SPI_MspInit
                0x08001190       0xfc CMakeFiles/STM32H723ZGT6_CMake_2024_11_30.elf.dir/App/LCD/spi.c.obj
                0x08001190                HAL_SPI_MspInit
 .text.LCD_WriteCommand
                0x0800128c       0x34 CMakeFiles/STM32H723ZGT6_CMake_2024_11_30.elf.dir/App/LCD/spi.c.obj
                0x0800128c                LCD_WriteCommand
 .text.LCD_WriteData_8bit
                0x080012c0       0x34 CMakeFiles/STM32H723ZGT6_CMake_2024_11_30.elf.dir/App/LCD/spi.c.obj
                0x080012c0                LCD_WriteData_8bit
 .text.LCD_WriteData_16bit
                0x080012f4       0x38 CMakeFiles/STM32H723ZGT6_CMake_2024_11_30.elf.dir/App/LCD/spi.c.obj
                0x080012f4                LCD_WriteData_16bit
 .text.LCD_WriteBuff
                0x0800132c       0x40 CMakeFiles/STM32H723ZGT6_CMake_2024_11_30.elf.dir/App/LCD/spi.c.obj
                0x0800132c                LCD_WriteBuff
 .text.LCD_SetAddress
                0x0800136c       0x54 CMakeFiles/STM32H723ZGT6_CMake_2024_11_30.elf.dir/App/LCD/spi.c.obj
                0x0800136c                LCD_SetAddress
 .text.LCD_SetColor
                0x080013c0       0x24 CMakeFiles/STM32H723ZGT6_CMake_2024_11_30.elf.dir/App/LCD/spi.c.obj
                0x080013c0                LCD_SetColor
 .text.LCD_SetBackColor
                0x080013e4       0x24 CMakeFiles/STM32H723ZGT6_CMake_2024_11_30.elf.dir/App/LCD/spi.c.obj
                0x080013e4                LCD_SetBackColor
 .text.LCD_SetDirection
                0x08001408       0xa4 CMakeFiles/STM32H723ZGT6_CMake_2024_11_30.elf.dir/App/LCD/spi.c.obj
                0x08001408                LCD_SetDirection
 .text.LCD_SetAsciiFont
                0x080014ac        0xc CMakeFiles/STM32H723ZGT6_CMake_2024_11_30.elf.dir/App/LCD/spi.c.obj
                0x080014ac                LCD_SetAsciiFont
 .text.LCD_DisplayChar
                0x080014b8       0xb0 CMakeFiles/STM32H723ZGT6_CMake_2024_11_30.elf.dir/App/LCD/spi.c.obj
                0x080014b8                LCD_DisplayChar
 .text.LCD_SetTextFont
                0x08001568       0x6c CMakeFiles/STM32H723ZGT6_CMake_2024_11_30.elf.dir/App/LCD/spi.c.obj
                0x08001568                LCD_SetTextFont
 .text.LCD_DisplayChinese
                0x080015d4       0xdc CMakeFiles/STM32H723ZGT6_CMake_2024_11_30.elf.dir/App/LCD/spi.c.obj
                0x080015d4                LCD_DisplayChinese
 .text.LCD_DisplayText
                0x080016b0       0x4c CMakeFiles/STM32H723ZGT6_CMake_2024_11_30.elf.dir/App/LCD/spi.c.obj
                0x080016b0                LCD_DisplayText
 .text.LCD_ShowNumMode
                0x080016fc        0xc CMakeFiles/STM32H723ZGT6_CMake_2024_11_30.elf.dir/App/LCD/spi.c.obj
                0x080016fc                LCD_ShowNumMode
 .text.LCD_SPI_WaitOnFlagUntilTimeout
                0x08001708       0x48 CMakeFiles/STM32H723ZGT6_CMake_2024_11_30.elf.dir/App/LCD/spi.c.obj
                0x08001708                LCD_SPI_WaitOnFlagUntilTimeout
 .text.LCD_SPI_CloseTransfer
                0x08001750       0xd0 CMakeFiles/STM32H723ZGT6_CMake_2024_11_30.elf.dir/App/LCD/spi.c.obj
                0x08001750                LCD_SPI_CloseTransfer
 .text.LCD_SPI_Transmit
                0x08001820      0x174 CMakeFiles/STM32H723ZGT6_CMake_2024_11_30.elf.dir/App/LCD/spi.c.obj
                0x08001820                LCD_SPI_Transmit
 .text.LCD_Clear
                0x08001994       0x58 CMakeFiles/STM32H723ZGT6_CMake_2024_11_30.elf.dir/App/LCD/spi.c.obj
                0x08001994                LCD_Clear
 .text.SPI_LCD_Init
                0x080019ec      0x1b4 CMakeFiles/STM32H723ZGT6_CMake_2024_11_30.elf.dir/App/LCD/spi.c.obj
                0x080019ec                SPI_LCD_Init
 .text.LED_Init
                0x08001ba0       0x58 CMakeFiles/STM32H723ZGT6_CMake_2024_11_30.elf.dir/App/Led/led.c.obj
                0x08001ba0                LED_Init
 .text.Error_Handler
                0x08001bf8        0x4 CMakeFiles/STM32H723ZGT6_CMake_2024_11_30.elf.dir/CMyLib/Define/define.c.obj
                0x08001bf8                Error_Handler
 .text.SystemClock_Config
                0x08001bfc       0xac CMakeFiles/STM32H723ZGT6_CMake_2024_11_30.elf.dir/CMyLib/Define/define.c.obj
                0x08001bfc                SystemClock_Config
 .text.MX_DTS_Init
                0x08001ca8       0x34 CMakeFiles/STM32H723ZGT6_CMake_2024_11_30.elf.dir/CMyLib/Dts/dts.c.obj
                0x08001ca8                MX_DTS_Init
 .text.HAL_DTS_MspInit
                0x08001cdc       0x30 CMakeFiles/STM32H723ZGT6_CMake_2024_11_30.elf.dir/CMyLib/Dts/dts.c.obj
                0x08001cdc                HAL_DTS_MspInit
 .text.HAL_InitTick
                0x08001d0c       0xa4 CMakeFiles/STM32H723ZGT6_CMake_2024_11_30.elf.dir/CMyLib/Src/TimeBase/stm32h7xx_hal_timebase_tim.c.obj
                0x08001d0c                HAL_InitTick
 .text.HAL_TIM_PeriodElapsedCallback
                0x08001db0        0x8 CMakeFiles/STM32H723ZGT6_CMake_2024_11_30.elf.dir/CMyLib/Src/TimeBase/stm32h7xx_hal_timebase_tim.c.obj
                0x08001db0                HAL_TIM_PeriodElapsedCallback
 .text.TIM6_DAC_IRQHandler
                0x08001db8       0x10 CMakeFiles/STM32H723ZGT6_CMake_2024_11_30.elf.dir/CMyLib/Src/TimeBase/stm32h7xx_hal_timebase_tim.c.obj
                0x08001db8                TIM6_DAC_IRQHandler
 .text.cJSON_strcasecmp
                0x08001dc8       0x5c CMakeFiles/STM32H723ZGT6_CMake_2024_11_30.elf.dir/CMyLib/Src/cJSON.c.obj
 .text.pow2gt   0x08001e24       0x1a CMakeFiles/STM32H723ZGT6_CMake_2024_11_30.elf.dir/CMyLib/Src/cJSON.c.obj
 .text.parse_hex4
                0x08001e3e       0xd8 CMakeFiles/STM32H723ZGT6_CMake_2024_11_30.elf.dir/CMyLib/Src/cJSON.c.obj
 *fill*         0x08001f16        0x2 
 .text.parse_string
                0x08001f18      0x1d4 CMakeFiles/STM32H723ZGT6_CMake_2024_11_30.elf.dir/CMyLib/Src/cJSON.c.obj
 .text.skip     0x080020ec       0x10 CMakeFiles/STM32H723ZGT6_CMake_2024_11_30.elf.dir/CMyLib/Src/cJSON.c.obj
 .text.cJSON_New_Item
                0x080020fc       0x20 CMakeFiles/STM32H723ZGT6_CMake_2024_11_30.elf.dir/CMyLib/Src/cJSON.c.obj
 *fill*         0x0800211c        0x4 
 .text.parse_number
                0x08002120      0x1c0 CMakeFiles/STM32H723ZGT6_CMake_2024_11_30.elf.dir/CMyLib/Src/cJSON.c.obj
 .text.parse_value
                0x080022e0       0xa8 CMakeFiles/STM32H723ZGT6_CMake_2024_11_30.elf.dir/CMyLib/Src/cJSON.c.obj
 .text.parse_array
                0x08002388       0x98 CMakeFiles/STM32H723ZGT6_CMake_2024_11_30.elf.dir/CMyLib/Src/cJSON.c.obj
 .text.parse_object
                0x08002420       0xf8 CMakeFiles/STM32H723ZGT6_CMake_2024_11_30.elf.dir/CMyLib/Src/cJSON.c.obj
 .text.ensure   0x08002518       0x60 CMakeFiles/STM32H723ZGT6_CMake_2024_11_30.elf.dir/CMyLib/Src/cJSON.c.obj
 .text.cJSON_strdup
                0x08002578       0x28 CMakeFiles/STM32H723ZGT6_CMake_2024_11_30.elf.dir/CMyLib/Src/cJSON.c.obj
 .text.update   0x080025a0       0x1e CMakeFiles/STM32H723ZGT6_CMake_2024_11_30.elf.dir/CMyLib/Src/cJSON.c.obj
 *fill*         0x080025be        0x2 
 .text.print_number
                0x080025c0      0x188 CMakeFiles/STM32H723ZGT6_CMake_2024_11_30.elf.dir/CMyLib/Src/cJSON.c.obj
 .text.print_string_ptr
                0x08002748      0x1b0 CMakeFiles/STM32H723ZGT6_CMake_2024_11_30.elf.dir/CMyLib/Src/cJSON.c.obj
 .text.print_string
                0x080028f8        0xa CMakeFiles/STM32H723ZGT6_CMake_2024_11_30.elf.dir/CMyLib/Src/cJSON.c.obj
 *fill*         0x08002902        0x2 
 .text.print_object
                0x08002904      0x3d0 CMakeFiles/STM32H723ZGT6_CMake_2024_11_30.elf.dir/CMyLib/Src/cJSON.c.obj
 .text.print_value
                0x08002cd4      0x11c CMakeFiles/STM32H723ZGT6_CMake_2024_11_30.elf.dir/CMyLib/Src/cJSON.c.obj
 .text.print_array
                0x08002df0      0x22c CMakeFiles/STM32H723ZGT6_CMake_2024_11_30.elf.dir/CMyLib/Src/cJSON.c.obj
 .text.cJSON_GetErrorPtr
                0x0800301c        0xc CMakeFiles/STM32H723ZGT6_CMake_2024_11_30.elf.dir/CMyLib/Src/cJSON.c.obj
                0x0800301c                cJSON_GetErrorPtr
 .text.cJSON_Delete
                0x08003028       0x54 CMakeFiles/STM32H723ZGT6_CMake_2024_11_30.elf.dir/CMyLib/Src/cJSON.c.obj
                0x08003028                cJSON_Delete
 .text.cJSON_ParseWithOpts
                0x0800307c       0x58 CMakeFiles/STM32H723ZGT6_CMake_2024_11_30.elf.dir/CMyLib/Src/cJSON.c.obj
                0x0800307c                cJSON_ParseWithOpts
 .text.cJSON_Parse
                0x080030d4        0xc CMakeFiles/STM32H723ZGT6_CMake_2024_11_30.elf.dir/CMyLib/Src/cJSON.c.obj
                0x080030d4                cJSON_Parse
 .text.cJSON_Print
                0x080030e0        0xe CMakeFiles/STM32H723ZGT6_CMake_2024_11_30.elf.dir/CMyLib/Src/cJSON.c.obj
                0x080030e0                cJSON_Print
 .text.cJSON_GetObjectItem
                0x080030ee       0x1c CMakeFiles/STM32H723ZGT6_CMake_2024_11_30.elf.dir/CMyLib/Src/cJSON.c.obj
                0x080030ee                cJSON_GetObjectItem
 *fill*         0x0800310a        0x2 
 .text.HAL_MspInit
                0x0800310c       0x34 CMakeFiles/STM32H723ZGT6_CMake_2024_11_30.elf.dir/CMyLib/Src/stm32h7xx_hal_msp.c.obj
                0x0800310c                HAL_MspInit
 .text._getpid  0x08003140        0x4 CMakeFiles/STM32H723ZGT6_CMake_2024_11_30.elf.dir/CMyLib/Src/syscalls.c.obj
                0x08003140                _getpid
 .text._kill    0x08003144       0x10 CMakeFiles/STM32H723ZGT6_CMake_2024_11_30.elf.dir/CMyLib/Src/syscalls.c.obj
                0x08003144                _kill
 .text._exit    0x08003154        0xc CMakeFiles/STM32H723ZGT6_CMake_2024_11_30.elf.dir/CMyLib/Src/syscalls.c.obj
                0x08003154                _exit
 .text._read    0x08003160       0x20 CMakeFiles/STM32H723ZGT6_CMake_2024_11_30.elf.dir/CMyLib/Src/syscalls.c.obj
                0x08003160                _read
 .text._write   0x08003180       0x1c CMakeFiles/STM32H723ZGT6_CMake_2024_11_30.elf.dir/CMyLib/Src/syscalls.c.obj
                0x08003180                _write
 .text._close   0x0800319c        0x6 CMakeFiles/STM32H723ZGT6_CMake_2024_11_30.elf.dir/CMyLib/Src/syscalls.c.obj
                0x0800319c                _close
 .text._fstat   0x080031a2        0xa CMakeFiles/STM32H723ZGT6_CMake_2024_11_30.elf.dir/CMyLib/Src/syscalls.c.obj
                0x080031a2                _fstat
 .text._isatty  0x080031ac        0x4 CMakeFiles/STM32H723ZGT6_CMake_2024_11_30.elf.dir/CMyLib/Src/syscalls.c.obj
                0x080031ac                _isatty
 .text._lseek   0x080031b0        0x4 CMakeFiles/STM32H723ZGT6_CMake_2024_11_30.elf.dir/CMyLib/Src/syscalls.c.obj
                0x080031b0                _lseek
 .text._sbrk    0x080031b4       0x48 CMakeFiles/STM32H723ZGT6_CMake_2024_11_30.elf.dir/CMyLib/Src/sysmem.c.obj
                0x080031b4                _sbrk
 .text.MX_USART1_UART_Init
                0x080031fc       0x68 CMakeFiles/STM32H723ZGT6_CMake_2024_11_30.elf.dir/CMyLib/Usart/usart.c.obj
                0x080031fc                MX_USART1_UART_Init
 .text.HAL_UART_MspInit
                0x08003264       0x98 CMakeFiles/STM32H723ZGT6_CMake_2024_11_30.elf.dir/CMyLib/Usart/usart.c.obj
                0x08003264                HAL_UART_MspInit
 .text.__io_putchar
                0x080032fc       0x20 CMakeFiles/STM32H723ZGT6_CMake_2024_11_30.elf.dir/CMyLib/Usart/usart.c.obj
                0x080032fc                __io_putchar
 .text.CJSON_Test
                0x0800331c       0x88 CMakeFiles/STM32H723ZGT6_CMake_2024_11_30.elf.dir/CMyLib/cMyLib.c.obj
                0x0800331c                CJSON_Test
 .text.SysTick_Handler
                0x080033a4       0x18 CMakeFiles/STM32H723ZGT6_CMake_2024_11_30.elf.dir/System/FreeRTOS/CMSIS_RTOS_V2/cmsis_os2.c.obj
                0x080033a4                SysTick_Handler
 .text.osKernelInitialize
                0x080033bc       0x24 CMakeFiles/STM32H723ZGT6_CMake_2024_11_30.elf.dir/System/FreeRTOS/CMSIS_RTOS_V2/cmsis_os2.c.obj
                0x080033bc                osKernelInitialize
 .text.osKernelStart
                0x080033e0       0x38 CMakeFiles/STM32H723ZGT6_CMake_2024_11_30.elf.dir/System/FreeRTOS/CMSIS_RTOS_V2/cmsis_os2.c.obj
                0x080033e0                osKernelStart
 .text.osThreadNew
                0x08003418       0xbe CMakeFiles/STM32H723ZGT6_CMake_2024_11_30.elf.dir/System/FreeRTOS/CMSIS_RTOS_V2/cmsis_os2.c.obj
                0x08003418                osThreadNew
 .text.osDelay  0x080034d6       0x1c CMakeFiles/STM32H723ZGT6_CMake_2024_11_30.elf.dir/System/FreeRTOS/CMSIS_RTOS_V2/cmsis_os2.c.obj
                0x080034d6                osDelay
 *fill*         0x080034f2        0x2 
 .text.vApplicationGetIdleTaskMemory
                0x080034f4       0x18 CMakeFiles/STM32H723ZGT6_CMake_2024_11_30.elf.dir/System/FreeRTOS/CMSIS_RTOS_V2/cmsis_os2.c.obj
                0x080034f4                vApplicationGetIdleTaskMemory
 .text.vApplicationGetTimerTaskMemory
                0x0800350c       0x18 CMakeFiles/STM32H723ZGT6_CMake_2024_11_30.elf.dir/System/FreeRTOS/CMSIS_RTOS_V2/cmsis_os2.c.obj
                0x0800350c                vApplicationGetTimerTaskMemory
 .text.vListInitialise
                0x08003524       0x16 CMakeFiles/STM32H723ZGT6_CMake_2024_11_30.elf.dir/System/FreeRTOS/list.c.obj
                0x08003524                vListInitialise
 .text.vListInitialiseItem
                0x0800353a        0x6 CMakeFiles/STM32H723ZGT6_CMake_2024_11_30.elf.dir/System/FreeRTOS/list.c.obj
                0x0800353a                vListInitialiseItem
 .text.vListInsertEnd
                0x08003540       0x16 CMakeFiles/STM32H723ZGT6_CMake_2024_11_30.elf.dir/System/FreeRTOS/list.c.obj
                0x08003540                vListInsertEnd
 .text.vListInsert
                0x08003556       0x32 CMakeFiles/STM32H723ZGT6_CMake_2024_11_30.elf.dir/System/FreeRTOS/list.c.obj
                0x08003556                vListInsert
 .text.uxListRemove
                0x08003588       0x26 CMakeFiles/STM32H723ZGT6_CMake_2024_11_30.elf.dir/System/FreeRTOS/list.c.obj
                0x08003588                uxListRemove
 *fill*         0x080035ae        0x2 
 .text.prvTaskExitError
                0x080035b0       0x40 CMakeFiles/STM32H723ZGT6_CMake_2024_11_30.elf.dir/System/FreeRTOS/portable/GCC/ARM_CM4F/port.c.obj
 .text.prvPortStartFirstTask
                0x080035f0       0x28 CMakeFiles/STM32H723ZGT6_CMake_2024_11_30.elf.dir/System/FreeRTOS/portable/GCC/ARM_CM4F/port.c.obj
 .text.vPortEnableVFP
                0x08003618       0x14 CMakeFiles/STM32H723ZGT6_CMake_2024_11_30.elf.dir/System/FreeRTOS/portable/GCC/ARM_CM4F/port.c.obj
 .text.pxPortInitialiseStack
                0x0800362c       0x2c CMakeFiles/STM32H723ZGT6_CMake_2024_11_30.elf.dir/System/FreeRTOS/portable/GCC/ARM_CM4F/port.c.obj
                0x0800362c                pxPortInitialiseStack
 *fill*         0x08003658        0x8 
 .text.SVC_Handler
                0x08003660       0x24 CMakeFiles/STM32H723ZGT6_CMake_2024_11_30.elf.dir/System/FreeRTOS/portable/GCC/ARM_CM4F/port.c.obj
                0x08003660                SVC_Handler
 .text.vPortEnterCritical
                0x08003684       0x44 CMakeFiles/STM32H723ZGT6_CMake_2024_11_30.elf.dir/System/FreeRTOS/portable/GCC/ARM_CM4F/port.c.obj
                0x08003684                vPortEnterCritical
 .text.vPortExitCritical
                0x080036c8       0x2c CMakeFiles/STM32H723ZGT6_CMake_2024_11_30.elf.dir/System/FreeRTOS/portable/GCC/ARM_CM4F/port.c.obj
                0x080036c8                vPortExitCritical
 *fill*         0x080036f4        0xc 
 .text.PendSV_Handler
                0x08003700       0x64 CMakeFiles/STM32H723ZGT6_CMake_2024_11_30.elf.dir/System/FreeRTOS/portable/GCC/ARM_CM4F/port.c.obj
                0x08003700                PendSV_Handler
 .text.xPortSysTickHandler
                0x08003764       0x2c CMakeFiles/STM32H723ZGT6_CMake_2024_11_30.elf.dir/System/FreeRTOS/portable/GCC/ARM_CM4F/port.c.obj
                0x08003764                xPortSysTickHandler
 .text.vPortSetupTimerInterrupt
                0x08003790       0x28 CMakeFiles/STM32H723ZGT6_CMake_2024_11_30.elf.dir/System/FreeRTOS/portable/GCC/ARM_CM4F/port.c.obj
                0x08003790                vPortSetupTimerInterrupt
 .text.xPortStartScheduler
                0x080037b8      0x118 CMakeFiles/STM32H723ZGT6_CMake_2024_11_30.elf.dir/System/FreeRTOS/portable/GCC/ARM_CM4F/port.c.obj
                0x080037b8                xPortStartScheduler
 .text.vPortValidateInterruptPriority
                0x080038d0       0x5c CMakeFiles/STM32H723ZGT6_CMake_2024_11_30.elf.dir/System/FreeRTOS/portable/GCC/ARM_CM4F/port.c.obj
                0x080038d0                vPortValidateInterruptPriority
 .text.prvHeapInit
                0x0800392c       0x64 CMakeFiles/STM32H723ZGT6_CMake_2024_11_30.elf.dir/System/FreeRTOS/portable/MemMang/heap_4.c.obj
 .text.prvInsertBlockIntoFreeList
                0x08003990       0x64 CMakeFiles/STM32H723ZGT6_CMake_2024_11_30.elf.dir/System/FreeRTOS/portable/MemMang/heap_4.c.obj
 .text.pvPortMalloc
                0x080039f4       0xfc CMakeFiles/STM32H723ZGT6_CMake_2024_11_30.elf.dir/System/FreeRTOS/portable/MemMang/heap_4.c.obj
                0x080039f4                pvPortMalloc
 .text.vPortFree
                0x08003af0       0x7c CMakeFiles/STM32H723ZGT6_CMake_2024_11_30.elf.dir/System/FreeRTOS/portable/MemMang/heap_4.c.obj
                0x08003af0                vPortFree
 .text.prvIsQueueFull
                0x08003b6c       0x1e CMakeFiles/STM32H723ZGT6_CMake_2024_11_30.elf.dir/System/FreeRTOS/queue.c.obj
 .text.prvIsQueueEmpty
                0x08003b8a       0x1a CMakeFiles/STM32H723ZGT6_CMake_2024_11_30.elf.dir/System/FreeRTOS/queue.c.obj
 .text.prvCopyDataToQueue
                0x08003ba4       0x76 CMakeFiles/STM32H723ZGT6_CMake_2024_11_30.elf.dir/System/FreeRTOS/queue.c.obj
 .text.prvCopyDataFromQueue
                0x08003c1a       0x24 CMakeFiles/STM32H723ZGT6_CMake_2024_11_30.elf.dir/System/FreeRTOS/queue.c.obj
 .text.prvUnlockQueue
                0x08003c3e       0x6e CMakeFiles/STM32H723ZGT6_CMake_2024_11_30.elf.dir/System/FreeRTOS/queue.c.obj
 .text.xQueueGenericReset
                0x08003cac       0x84 CMakeFiles/STM32H723ZGT6_CMake_2024_11_30.elf.dir/System/FreeRTOS/queue.c.obj
                0x08003cac                xQueueGenericReset
 .text.prvInitialiseNewQueue
                0x08003d30       0x22 CMakeFiles/STM32H723ZGT6_CMake_2024_11_30.elf.dir/System/FreeRTOS/queue.c.obj
 .text.xQueueGenericCreateStatic
                0x08003d52       0xa6 CMakeFiles/STM32H723ZGT6_CMake_2024_11_30.elf.dir/System/FreeRTOS/queue.c.obj
                0x08003d52                xQueueGenericCreateStatic
 .text.xQueueGenericSend
                0x08003df8      0x188 CMakeFiles/STM32H723ZGT6_CMake_2024_11_30.elf.dir/System/FreeRTOS/queue.c.obj
                0x08003df8                xQueueGenericSend
 .text.xQueueGenericSendFromISR
                0x08003f80       0xce CMakeFiles/STM32H723ZGT6_CMake_2024_11_30.elf.dir/System/FreeRTOS/queue.c.obj
                0x08003f80                xQueueGenericSendFromISR
 .text.xQueueReceive
                0x0800404e      0x15e CMakeFiles/STM32H723ZGT6_CMake_2024_11_30.elf.dir/System/FreeRTOS/queue.c.obj
                0x0800404e                xQueueReceive
 .text.vQueueAddToRegistry
                0x080041ac       0x28 CMakeFiles/STM32H723ZGT6_CMake_2024_11_30.elf.dir/System/FreeRTOS/queue.c.obj
                0x080041ac                vQueueAddToRegistry
 .text.vQueueWaitForMessageRestricted
                0x080041d4       0x52 CMakeFiles/STM32H723ZGT6_CMake_2024_11_30.elf.dir/System/FreeRTOS/queue.c.obj
                0x080041d4                vQueueWaitForMessageRestricted
 *fill*         0x08004226        0x2 
 .text.prvResetNextTaskUnblockTime
                0x08004228       0x2c CMakeFiles/STM32H723ZGT6_CMake_2024_11_30.elf.dir/System/FreeRTOS/tasks.c.obj
 .text.prvInitialiseNewTask
                0x08004254      0x106 CMakeFiles/STM32H723ZGT6_CMake_2024_11_30.elf.dir/System/FreeRTOS/tasks.c.obj
 *fill*         0x0800435a        0x2 
 .text.prvInitialiseTaskLists
                0x0800435c       0x68 CMakeFiles/STM32H723ZGT6_CMake_2024_11_30.elf.dir/System/FreeRTOS/tasks.c.obj
 .text.prvAddNewTaskToReadyList
                0x080043c4       0xac CMakeFiles/STM32H723ZGT6_CMake_2024_11_30.elf.dir/System/FreeRTOS/tasks.c.obj
 .text.prvDeleteTCB
                0x08004470       0x40 CMakeFiles/STM32H723ZGT6_CMake_2024_11_30.elf.dir/System/FreeRTOS/tasks.c.obj
 .text.prvCheckTasksWaitingTermination
                0x080044b0       0x4c CMakeFiles/STM32H723ZGT6_CMake_2024_11_30.elf.dir/System/FreeRTOS/tasks.c.obj
 .text.prvIdleTask
                0x080044fc       0x28 CMakeFiles/STM32H723ZGT6_CMake_2024_11_30.elf.dir/System/FreeRTOS/tasks.c.obj
 .text.prvAddCurrentTaskToDelayedList
                0x08004524       0x84 CMakeFiles/STM32H723ZGT6_CMake_2024_11_30.elf.dir/System/FreeRTOS/tasks.c.obj
 .text.xTaskCreateStatic
                0x080045a8       0x7a CMakeFiles/STM32H723ZGT6_CMake_2024_11_30.elf.dir/System/FreeRTOS/tasks.c.obj
                0x080045a8                xTaskCreateStatic
 .text.xTaskCreate
                0x08004622       0x6a CMakeFiles/STM32H723ZGT6_CMake_2024_11_30.elf.dir/System/FreeRTOS/tasks.c.obj
                0x08004622                xTaskCreate
 .text.vTaskStartScheduler
                0x0800468c       0xac CMakeFiles/STM32H723ZGT6_CMake_2024_11_30.elf.dir/System/FreeRTOS/tasks.c.obj
                0x0800468c                vTaskStartScheduler
 .text.vTaskSuspendAll
                0x08004738       0x10 CMakeFiles/STM32H723ZGT6_CMake_2024_11_30.elf.dir/System/FreeRTOS/tasks.c.obj
                0x08004738                vTaskSuspendAll
 .text.xTaskGetTickCount
                0x08004748        0xc CMakeFiles/STM32H723ZGT6_CMake_2024_11_30.elf.dir/System/FreeRTOS/tasks.c.obj
                0x08004748                xTaskGetTickCount
 .text.xTaskIncrementTick
                0x08004754      0x118 CMakeFiles/STM32H723ZGT6_CMake_2024_11_30.elf.dir/System/FreeRTOS/tasks.c.obj
                0x08004754                xTaskIncrementTick
 .text.xTaskResumeAll
                0x0800486c       0xf8 CMakeFiles/STM32H723ZGT6_CMake_2024_11_30.elf.dir/System/FreeRTOS/tasks.c.obj
                0x0800486c                xTaskResumeAll
 .text.vTaskDelay
                0x08004964       0x4c CMakeFiles/STM32H723ZGT6_CMake_2024_11_30.elf.dir/System/FreeRTOS/tasks.c.obj
                0x08004964                vTaskDelay
 .text.vTaskSwitchContext
                0x080049b0       0xa0 CMakeFiles/STM32H723ZGT6_CMake_2024_11_30.elf.dir/System/FreeRTOS/tasks.c.obj
                0x080049b0                vTaskSwitchContext
 .text.vTaskPlaceOnEventList
                0x08004a50       0x30 CMakeFiles/STM32H723ZGT6_CMake_2024_11_30.elf.dir/System/FreeRTOS/tasks.c.obj
                0x08004a50                vTaskPlaceOnEventList
 .text.vTaskPlaceOnEventListRestricted
                0x08004a80       0x38 CMakeFiles/STM32H723ZGT6_CMake_2024_11_30.elf.dir/System/FreeRTOS/tasks.c.obj
                0x08004a80                vTaskPlaceOnEventListRestricted
 .text.xTaskRemoveFromEventList
                0x08004ab8       0x8c CMakeFiles/STM32H723ZGT6_CMake_2024_11_30.elf.dir/System/FreeRTOS/tasks.c.obj
                0x08004ab8                xTaskRemoveFromEventList
 .text.vTaskInternalSetTimeOutState
                0x08004b44       0x18 CMakeFiles/STM32H723ZGT6_CMake_2024_11_30.elf.dir/System/FreeRTOS/tasks.c.obj
                0x08004b44                vTaskInternalSetTimeOutState
 .text.xTaskCheckForTimeOut
                0x08004b5c       0x84 CMakeFiles/STM32H723ZGT6_CMake_2024_11_30.elf.dir/System/FreeRTOS/tasks.c.obj
                0x08004b5c                xTaskCheckForTimeOut
 .text.vTaskMissedYield
                0x08004be0        0xc CMakeFiles/STM32H723ZGT6_CMake_2024_11_30.elf.dir/System/FreeRTOS/tasks.c.obj
                0x08004be0                vTaskMissedYield
 .text.xTaskGetSchedulerState
                0x08004bec       0x20 CMakeFiles/STM32H723ZGT6_CMake_2024_11_30.elf.dir/System/FreeRTOS/tasks.c.obj
                0x08004bec                xTaskGetSchedulerState
 .text.xTaskPriorityDisinherit
                0x08004c0c       0x90 CMakeFiles/STM32H723ZGT6_CMake_2024_11_30.elf.dir/System/FreeRTOS/tasks.c.obj
                0x08004c0c                xTaskPriorityDisinherit
 .text.prvGetNextExpireTime
                0x08004c9c       0x20 CMakeFiles/STM32H723ZGT6_CMake_2024_11_30.elf.dir/System/FreeRTOS/timers.c.obj
 .text.prvInsertTimerInActiveList
                0x08004cbc       0x50 CMakeFiles/STM32H723ZGT6_CMake_2024_11_30.elf.dir/System/FreeRTOS/timers.c.obj
 .text.prvCheckForValidListAndQueue
                0x08004d0c       0x70 CMakeFiles/STM32H723ZGT6_CMake_2024_11_30.elf.dir/System/FreeRTOS/timers.c.obj
 .text.xTimerCreateTimerTask
                0x08004d7c       0x64 CMakeFiles/STM32H723ZGT6_CMake_2024_11_30.elf.dir/System/FreeRTOS/timers.c.obj
                0x08004d7c                xTimerCreateTimerTask
 .text.xTimerGenericCommand
                0x08004de0       0x6c CMakeFiles/STM32H723ZGT6_CMake_2024_11_30.elf.dir/System/FreeRTOS/timers.c.obj
                0x08004de0                xTimerGenericCommand
 .text.prvSwitchTimerLists
                0x08004e4c       0x7c CMakeFiles/STM32H723ZGT6_CMake_2024_11_30.elf.dir/System/FreeRTOS/timers.c.obj
 .text.prvSampleTimeNow
                0x08004ec8       0x2c CMakeFiles/STM32H723ZGT6_CMake_2024_11_30.elf.dir/System/FreeRTOS/timers.c.obj
 .text.prvProcessExpiredTimer
                0x08004ef4       0x6c CMakeFiles/STM32H723ZGT6_CMake_2024_11_30.elf.dir/System/FreeRTOS/timers.c.obj
 .text.prvProcessTimerOrBlockTask
                0x08004f60       0x78 CMakeFiles/STM32H723ZGT6_CMake_2024_11_30.elf.dir/System/FreeRTOS/timers.c.obj
 .text.prvProcessReceivedCommands
                0x08004fd8      0x10c CMakeFiles/STM32H723ZGT6_CMake_2024_11_30.elf.dir/System/FreeRTOS/timers.c.obj
 .text.prvTimerTask
                0x080050e4       0x16 CMakeFiles/STM32H723ZGT6_CMake_2024_11_30.elf.dir/System/FreeRTOS/timers.c.obj
 *fill*         0x080050fa        0x2 
 .text.HAL_Init
                0x080050fc       0x5c CMakeFiles/STM32H723ZGT6_CMake_2024_11_30.elf.dir/System/STM32H7xx_HAL_Driver/Src/stm32h7xx_hal.c.obj
                0x080050fc                HAL_Init
 .text.HAL_IncTick
                0x08005158       0x18 CMakeFiles/STM32H723ZGT6_CMake_2024_11_30.elf.dir/System/STM32H7xx_HAL_Driver/Src/stm32h7xx_hal.c.obj
                0x08005158                HAL_IncTick
 .text.HAL_GetTick
                0x08005170        0xc CMakeFiles/STM32H723ZGT6_CMake_2024_11_30.elf.dir/System/STM32H7xx_HAL_Driver/Src/stm32h7xx_hal.c.obj
                0x08005170                HAL_GetTick
 .text.HAL_Delay
                0x0800517c       0x28 CMakeFiles/STM32H723ZGT6_CMake_2024_11_30.elf.dir/System/STM32H7xx_HAL_Driver/Src/stm32h7xx_hal.c.obj
                0x0800517c                HAL_Delay
 .text.HAL_NVIC_SetPriorityGrouping
                0x080051a4       0x24 CMakeFiles/STM32H723ZGT6_CMake_2024_11_30.elf.dir/System/STM32H7xx_HAL_Driver/Src/stm32h7xx_hal_cortex.c.obj
                0x080051a4                HAL_NVIC_SetPriorityGrouping
 .text.HAL_NVIC_SetPriority
                0x080051c8       0x6c CMakeFiles/STM32H723ZGT6_CMake_2024_11_30.elf.dir/System/STM32H7xx_HAL_Driver/Src/stm32h7xx_hal_cortex.c.obj
                0x080051c8                HAL_NVIC_SetPriority
 .text.HAL_NVIC_EnableIRQ
                0x08005234       0x1c CMakeFiles/STM32H723ZGT6_CMake_2024_11_30.elf.dir/System/STM32H7xx_HAL_Driver/Src/stm32h7xx_hal_cortex.c.obj
                0x08005234                HAL_NVIC_EnableIRQ
 .text.HAL_DTS_Init
                0x08005250       0xd0 CMakeFiles/STM32H723ZGT6_CMake_2024_11_30.elf.dir/System/STM32H7xx_HAL_Driver/Src/stm32h7xx_hal_dts.c.obj
                0x08005250                HAL_DTS_Init
 .text.HAL_DTS_Start
                0x08005320       0x68 CMakeFiles/STM32H723ZGT6_CMake_2024_11_30.elf.dir/System/STM32H7xx_HAL_Driver/Src/stm32h7xx_hal_dts.c.obj
                0x08005320                HAL_DTS_Start
 .text.HAL_DTS_GetTemperature
                0x08005388       0x96 CMakeFiles/STM32H723ZGT6_CMake_2024_11_30.elf.dir/System/STM32H7xx_HAL_Driver/Src/stm32h7xx_hal_dts.c.obj
                0x08005388                HAL_DTS_GetTemperature
 *fill*         0x0800541e        0x2 
 .text.HAL_GPIO_Init
                0x08005420      0x214 CMakeFiles/STM32H723ZGT6_CMake_2024_11_30.elf.dir/System/STM32H7xx_HAL_Driver/Src/stm32h7xx_hal_gpio.c.obj
                0x08005420                HAL_GPIO_Init
 .text.HAL_GPIO_WritePin
                0x08005634        0xc CMakeFiles/STM32H723ZGT6_CMake_2024_11_30.elf.dir/System/STM32H7xx_HAL_Driver/Src/stm32h7xx_hal_gpio.c.obj
                0x08005634                HAL_GPIO_WritePin
 .text.HAL_GPIO_TogglePin
                0x08005640       0x12 CMakeFiles/STM32H723ZGT6_CMake_2024_11_30.elf.dir/System/STM32H7xx_HAL_Driver/Src/stm32h7xx_hal_gpio.c.obj
                0x08005640                HAL_GPIO_TogglePin
 *fill*         0x08005652        0x2 
 .text.HAL_PWREx_ConfigSupply
                0x08005654       0x54 CMakeFiles/STM32H723ZGT6_CMake_2024_11_30.elf.dir/System/STM32H7xx_HAL_Driver/Src/stm32h7xx_hal_pwr_ex.c.obj
                0x08005654                HAL_PWREx_ConfigSupply
 .text.HAL_RCC_OscConfig
                0x080056a8      0x5ec CMakeFiles/STM32H723ZGT6_CMake_2024_11_30.elf.dir/System/STM32H7xx_HAL_Driver/Src/stm32h7xx_hal_rcc.c.obj
                0x080056a8                HAL_RCC_OscConfig
 .text.HAL_RCC_GetSysClockFreq
                0x08005c94      0x1f4 CMakeFiles/STM32H723ZGT6_CMake_2024_11_30.elf.dir/System/STM32H7xx_HAL_Driver/Src/stm32h7xx_hal_rcc.c.obj
                0x08005c94                HAL_RCC_GetSysClockFreq
 .text.HAL_RCC_ClockConfig
                0x08005e88      0x294 CMakeFiles/STM32H723ZGT6_CMake_2024_11_30.elf.dir/System/STM32H7xx_HAL_Driver/Src/stm32h7xx_hal_rcc.c.obj
                0x08005e88                HAL_RCC_ClockConfig
 .text.HAL_RCC_GetHCLKFreq
                0x0800611c       0x44 CMakeFiles/STM32H723ZGT6_CMake_2024_11_30.elf.dir/System/STM32H7xx_HAL_Driver/Src/stm32h7xx_hal_rcc.c.obj
                0x0800611c                HAL_RCC_GetHCLKFreq
 .text.HAL_RCC_GetPCLK1Freq
                0x08006160       0x24 CMakeFiles/STM32H723ZGT6_CMake_2024_11_30.elf.dir/System/STM32H7xx_HAL_Driver/Src/stm32h7xx_hal_rcc.c.obj
                0x08006160                HAL_RCC_GetPCLK1Freq
 .text.HAL_RCC_GetPCLK2Freq
                0x08006184       0x24 CMakeFiles/STM32H723ZGT6_CMake_2024_11_30.elf.dir/System/STM32H7xx_HAL_Driver/Src/stm32h7xx_hal_rcc.c.obj
                0x08006184                HAL_RCC_GetPCLK2Freq
 .text.HAL_RCC_GetClockConfig
                0x080061a8       0x54 CMakeFiles/STM32H723ZGT6_CMake_2024_11_30.elf.dir/System/STM32H7xx_HAL_Driver/Src/stm32h7xx_hal_rcc.c.obj
                0x080061a8                HAL_RCC_GetClockConfig
 .text.RCCEx_PLL2_Config
                0x080061fc      0x10c CMakeFiles/STM32H723ZGT6_CMake_2024_11_30.elf.dir/System/STM32H7xx_HAL_Driver/Src/stm32h7xx_hal_rcc_ex.c.obj
 .text.RCCEx_PLL3_Config
                0x08006308      0x10c CMakeFiles/STM32H723ZGT6_CMake_2024_11_30.elf.dir/System/STM32H7xx_HAL_Driver/Src/stm32h7xx_hal_rcc_ex.c.obj
 .text.HAL_RCCEx_PeriphCLKConfig
                0x08006414      0xa0c CMakeFiles/STM32H723ZGT6_CMake_2024_11_30.elf.dir/System/STM32H7xx_HAL_Driver/Src/stm32h7xx_hal_rcc_ex.c.obj
                0x08006414                HAL_RCCEx_PeriphCLKConfig
 .text.HAL_RCCEx_GetD3PCLK1Freq
                0x08006e20       0x24 CMakeFiles/STM32H723ZGT6_CMake_2024_11_30.elf.dir/System/STM32H7xx_HAL_Driver/Src/stm32h7xx_hal_rcc_ex.c.obj
                0x08006e20                HAL_RCCEx_GetD3PCLK1Freq
 .text.HAL_RCCEx_GetPLL2ClockFreq
                0x08006e44      0x1f8 CMakeFiles/STM32H723ZGT6_CMake_2024_11_30.elf.dir/System/STM32H7xx_HAL_Driver/Src/stm32h7xx_hal_rcc_ex.c.obj
                0x08006e44                HAL_RCCEx_GetPLL2ClockFreq
 .text.HAL_RCCEx_GetPLL3ClockFreq
                0x0800703c      0x1f8 CMakeFiles/STM32H723ZGT6_CMake_2024_11_30.elf.dir/System/STM32H7xx_HAL_Driver/Src/stm32h7xx_hal_rcc_ex.c.obj
                0x0800703c                HAL_RCCEx_GetPLL3ClockFreq
 .text.SPI_CloseTransfer
                0x08007234       0xd0 CMakeFiles/STM32H723ZGT6_CMake_2024_11_30.elf.dir/System/STM32H7xx_HAL_Driver/Src/stm32h7xx_hal_spi.c.obj
 .text.SPI_GetPacketSize
                0x08007304       0x10 CMakeFiles/STM32H723ZGT6_CMake_2024_11_30.elf.dir/System/STM32H7xx_HAL_Driver/Src/stm32h7xx_hal_spi.c.obj
 .text.SPI_WaitOnFlagUntilTimeout
                0x08007314       0x46 CMakeFiles/STM32H723ZGT6_CMake_2024_11_30.elf.dir/System/STM32H7xx_HAL_Driver/Src/stm32h7xx_hal_spi.c.obj
 *fill*         0x0800735a        0x2 
 .text.HAL_SPI_Init
                0x0800735c      0x190 CMakeFiles/STM32H723ZGT6_CMake_2024_11_30.elf.dir/System/STM32H7xx_HAL_Driver/Src/stm32h7xx_hal_spi.c.obj
                0x0800735c                HAL_SPI_Init
 .text.HAL_SPI_Transmit
                0x080074ec      0x2c4 CMakeFiles/STM32H723ZGT6_CMake_2024_11_30.elf.dir/System/STM32H7xx_HAL_Driver/Src/stm32h7xx_hal_spi.c.obj
                0x080074ec                HAL_SPI_Transmit
 .text.HAL_TIM_Base_MspInit
                0x080077b0        0x2 CMakeFiles/STM32H723ZGT6_CMake_2024_11_30.elf.dir/System/STM32H7xx_HAL_Driver/Src/stm32h7xx_hal_tim.c.obj
                0x080077b0                HAL_TIM_Base_MspInit
 *fill*         0x080077b2        0x2 
 .text.HAL_TIM_Base_Start_IT
                0x080077b4       0xa0 CMakeFiles/STM32H723ZGT6_CMake_2024_11_30.elf.dir/System/STM32H7xx_HAL_Driver/Src/stm32h7xx_hal_tim.c.obj
                0x080077b4                HAL_TIM_Base_Start_IT
 .text.HAL_TIM_OC_DelayElapsedCallback
                0x08007854        0x2 CMakeFiles/STM32H723ZGT6_CMake_2024_11_30.elf.dir/System/STM32H7xx_HAL_Driver/Src/stm32h7xx_hal_tim.c.obj
                0x08007854                HAL_TIM_OC_DelayElapsedCallback
 .text.HAL_TIM_IC_CaptureCallback
                0x08007856        0x2 CMakeFiles/STM32H723ZGT6_CMake_2024_11_30.elf.dir/System/STM32H7xx_HAL_Driver/Src/stm32h7xx_hal_tim.c.obj
                0x08007856                HAL_TIM_IC_CaptureCallback
 .text.HAL_TIM_PWM_PulseFinishedCallback
                0x08007858        0x2 CMakeFiles/STM32H723ZGT6_CMake_2024_11_30.elf.dir/System/STM32H7xx_HAL_Driver/Src/stm32h7xx_hal_tim.c.obj
                0x08007858                HAL_TIM_PWM_PulseFinishedCallback
 .text.HAL_TIM_TriggerCallback
                0x0800785a        0x2 CMakeFiles/STM32H723ZGT6_CMake_2024_11_30.elf.dir/System/STM32H7xx_HAL_Driver/Src/stm32h7xx_hal_tim.c.obj
                0x0800785a                HAL_TIM_TriggerCallback
 .text.HAL_TIM_IRQHandler
                0x0800785c      0x17a CMakeFiles/STM32H723ZGT6_CMake_2024_11_30.elf.dir/System/STM32H7xx_HAL_Driver/Src/stm32h7xx_hal_tim.c.obj
                0x0800785c                HAL_TIM_IRQHandler
 *fill*         0x080079d6        0x2 
 .text.TIM_Base_SetConfig
                0x080079d8      0x120 CMakeFiles/STM32H723ZGT6_CMake_2024_11_30.elf.dir/System/STM32H7xx_HAL_Driver/Src/stm32h7xx_hal_tim.c.obj
                0x080079d8                TIM_Base_SetConfig
 .text.HAL_TIM_Base_Init
                0x08007af8       0x60 CMakeFiles/STM32H723ZGT6_CMake_2024_11_30.elf.dir/System/STM32H7xx_HAL_Driver/Src/stm32h7xx_hal_tim.c.obj
                0x08007af8                HAL_TIM_Base_Init
 .text.HAL_TIMEx_CommutCallback
                0x08007b58        0x2 CMakeFiles/STM32H723ZGT6_CMake_2024_11_30.elf.dir/System/STM32H7xx_HAL_Driver/Src/stm32h7xx_hal_tim_ex.c.obj
                0x08007b58                HAL_TIMEx_CommutCallback
 .text.HAL_TIMEx_BreakCallback
                0x08007b5a        0x2 CMakeFiles/STM32H723ZGT6_CMake_2024_11_30.elf.dir/System/STM32H7xx_HAL_Driver/Src/stm32h7xx_hal_tim_ex.c.obj
                0x08007b5a                HAL_TIMEx_BreakCallback
 .text.HAL_TIMEx_Break2Callback
                0x08007b5c        0x2 CMakeFiles/STM32H723ZGT6_CMake_2024_11_30.elf.dir/System/STM32H7xx_HAL_Driver/Src/stm32h7xx_hal_tim_ex.c.obj
                0x08007b5c                HAL_TIMEx_Break2Callback
 *fill*         0x08007b5e        0x2 
 .text.UART_EndRxTransfer
                0x08007b60       0x58 CMakeFiles/STM32H723ZGT6_CMake_2024_11_30.elf.dir/System/STM32H7xx_HAL_Driver/Src/stm32h7xx_hal_uart.c.obj
 .text.UART_SetConfig
                0x08007bb8      0x6bc CMakeFiles/STM32H723ZGT6_CMake_2024_11_30.elf.dir/System/STM32H7xx_HAL_Driver/Src/stm32h7xx_hal_uart.c.obj
                0x08007bb8                UART_SetConfig
 .text.UART_AdvFeatureConfig
                0x08008274       0xca CMakeFiles/STM32H723ZGT6_CMake_2024_11_30.elf.dir/System/STM32H7xx_HAL_Driver/Src/stm32h7xx_hal_uart.c.obj
                0x08008274                UART_AdvFeatureConfig
 .text.UART_WaitOnFlagUntilTimeout
                0x0800833e       0xaa CMakeFiles/STM32H723ZGT6_CMake_2024_11_30.elf.dir/System/STM32H7xx_HAL_Driver/Src/stm32h7xx_hal_uart.c.obj
                0x0800833e                UART_WaitOnFlagUntilTimeout
 .text.HAL_UART_Transmit
                0x080083e8       0xd0 CMakeFiles/STM32H723ZGT6_CMake_2024_11_30.elf.dir/System/STM32H7xx_HAL_Driver/Src/stm32h7xx_hal_uart.c.obj
                0x080083e8                HAL_UART_Transmit
 .text.UART_CheckIdleState
                0x080084b8       0xca CMakeFiles/STM32H723ZGT6_CMake_2024_11_30.elf.dir/System/STM32H7xx_HAL_Driver/Src/stm32h7xx_hal_uart.c.obj
                0x080084b8                UART_CheckIdleState
 .text.HAL_UART_Init
                0x08008582       0x66 CMakeFiles/STM32H723ZGT6_CMake_2024_11_30.elf.dir/System/STM32H7xx_HAL_Driver/Src/stm32h7xx_hal_uart.c.obj
                0x08008582                HAL_UART_Init
 .text.UARTEx_SetNbDataToProcess
                0x080085e8       0x4c CMakeFiles/STM32H723ZGT6_CMake_2024_11_30.elf.dir/System/STM32H7xx_HAL_Driver/Src/stm32h7xx_hal_uart_ex.c.obj
 .text.HAL_UARTEx_DisableFifoMode
                0x08008634       0x3e CMakeFiles/STM32H723ZGT6_CMake_2024_11_30.elf.dir/System/STM32H7xx_HAL_Driver/Src/stm32h7xx_hal_uart_ex.c.obj
                0x08008634                HAL_UARTEx_DisableFifoMode
 .text.HAL_UARTEx_SetTxFifoThreshold
                0x08008672       0x4a CMakeFiles/STM32H723ZGT6_CMake_2024_11_30.elf.dir/System/STM32H7xx_HAL_Driver/Src/stm32h7xx_hal_uart_ex.c.obj
                0x08008672                HAL_UARTEx_SetTxFifoThreshold
 .text.HAL_UARTEx_SetRxFifoThreshold
                0x080086bc       0x4a CMakeFiles/STM32H723ZGT6_CMake_2024_11_30.elf.dir/System/STM32H7xx_HAL_Driver/Src/stm32h7xx_hal_uart_ex.c.obj
                0x080086bc                HAL_UARTEx_SetRxFifoThreshold
 *fill*         0x08008706        0x2 
 .text.Reset_Handler
                0x08008708       0x50 CMakeFiles/STM32H723ZGT6_CMake_2024_11_30.elf.dir/System/Startup/startup_stm32h723zgtx.s.obj
                0x08008708                Reset_Handler
 .text.Default_Handler
                0x08008758        0x2 CMakeFiles/STM32H723ZGT6_CMake_2024_11_30.elf.dir/System/Startup/startup_stm32h723zgtx.s.obj
                0x08008758                RTC_Alarm_IRQHandler
                0x08008758                EXTI2_IRQHandler
                0x08008758                TIM8_CC_IRQHandler
                0x08008758                UART8_IRQHandler
                0x08008758                SPI4_IRQHandler
                0x08008758                FDCAN3_IT0_IRQHandler
                0x08008758                TIM1_CC_IRQHandler
                0x08008758                BDMA_Channel6_IRQHandler
                0x08008758                DMA2_Stream5_IRQHandler
                0x08008758                DMA1_Stream5_IRQHandler
                0x08008758                CORDIC_IRQHandler
                0x08008758                BDMA_Channel1_IRQHandler
                0x08008758                TAMP_STAMP_IRQHandler
                0x08008758                EXTI3_IRQHandler
                0x08008758                LPTIM4_IRQHandler
                0x08008758                TIM8_TRG_COM_TIM14_IRQHandler
                0x08008758                LPTIM2_IRQHandler
                0x08008758                DFSDM1_FLT1_IRQHandler
                0x08008758                DMAMUX2_OVR_IRQHandler
                0x08008758                TIM8_UP_TIM13_IRQHandler
                0x08008758                I2C3_ER_IRQHandler
                0x08008758                DFSDM1_FLT2_IRQHandler
                0x08008758                I2C5_EV_IRQHandler
                0x08008758                USART10_IRQHandler
                0x08008758                MDMA_IRQHandler
                0x08008758                LPTIM3_IRQHandler
                0x08008758                HSEM1_IRQHandler
                0x08008758                EXTI0_IRQHandler
                0x08008758                I2C2_EV_IRQHandler
                0x08008758                DMA1_Stream2_IRQHandler
                0x08008758                FPU_IRQHandler
                0x08008758                OTG_HS_WKUP_IRQHandler
                0x08008758                FDCAN1_IT1_IRQHandler
                0x08008758                LTDC_ER_IRQHandler
                0x08008758                DMA2_Stream2_IRQHandler
                0x08008758                SPI1_IRQHandler
                0x08008758                OCTOSPI1_IRQHandler
                0x08008758                DMA2_Stream3_IRQHandler
                0x08008758                OCTOSPI2_IRQHandler
                0x08008758                DFSDM1_FLT3_IRQHandler
                0x08008758                TIM23_IRQHandler
                0x08008758                USART6_IRQHandler
                0x08008758                TIM17_IRQHandler
                0x08008758                USART3_IRQHandler
                0x08008758                BDMA_Channel7_IRQHandler
                0x08008758                LPTIM5_IRQHandler
                0x08008758                UART5_IRQHandler
                0x08008758                ADC3_IRQHandler
                0x08008758                DMA2_Stream0_IRQHandler
                0x08008758                TIM4_IRQHandler
                0x08008758                BDMA_Channel2_IRQHandler
                0x08008758                I2C1_EV_IRQHandler
                0x08008758                DMA1_Stream6_IRQHandler
                0x08008758                DMAMUX1_OVR_IRQHandler
                0x08008758                DMA1_Stream1_IRQHandler
                0x08008758                TIM16_IRQHandler
                0x08008758                UART4_IRQHandler
                0x08008758                BDMA_Channel5_IRQHandler
                0x08008758                TIM3_IRQHandler
                0x08008758                RCC_IRQHandler
                0x08008758                UART9_IRQHandler
                0x08008758                TIM8_BRK_TIM12_IRQHandler
                0x08008758                TIM1_TRG_COM_IRQHandler
                0x08008758                Default_Handler
                0x08008758                ECC_IRQHandler
                0x08008758                FMAC_IRQHandler
                0x08008758                CEC_IRQHandler
                0x08008758                EXTI15_10_IRQHandler
                0x08008758                BDMA_Channel0_IRQHandler
                0x08008758                ADC_IRQHandler
                0x08008758                I2C5_ER_IRQHandler
                0x08008758                DMA1_Stream7_IRQHandler
                0x08008758                SPI5_IRQHandler
                0x08008758                TIM7_IRQHandler
                0x08008758                FDCAN3_IT1_IRQHandler
                0x08008758                SDMMC1_IRQHandler
                0x08008758                TIM5_IRQHandler
                0x08008758                DMA2_Stream7_IRQHandler
                0x08008758                TIM15_IRQHandler
                0x08008758                PVD_AVD_IRQHandler
                0x08008758                I2C3_EV_IRQHandler
                0x08008758                EXTI9_5_IRQHandler
                0x08008758                RTC_WKUP_IRQHandler
                0x08008758                LTDC_IRQHandler
                0x08008758                ETH_WKUP_IRQHandler
                0x08008758                SPDIF_RX_IRQHandler
                0x08008758                SPI2_IRQHandler
                0x08008758                OTG_HS_EP1_IN_IRQHandler
                0x08008758                DMA1_Stream0_IRQHandler
                0x08008758                TIM24_IRQHandler
                0x08008758                CRS_IRQHandler
                0x08008758                EXTI4_IRQHandler
                0x08008758                RNG_IRQHandler
                0x08008758                FDCAN2_IT1_IRQHandler
                0x08008758                ETH_IRQHandler
                0x08008758                TIM1_UP_IRQHandler
                0x08008758                BDMA_Channel4_IRQHandler
                0x08008758                OTG_HS_EP1_OUT_IRQHandler
                0x08008758                WWDG_IRQHandler
                0x08008758                SPI6_IRQHandler
                0x08008758                MDIOS_IRQHandler
                0x08008758                I2C4_EV_IRQHandler
                0x08008758                FDCAN2_IT0_IRQHandler
                0x08008758                LPUART1_IRQHandler
                0x08008758                FDCAN1_IT0_IRQHandler
                0x08008758                TIM2_IRQHandler
                0x08008758                OTG_HS_IRQHandler
                0x08008758                DMA2D_IRQHandler
                0x08008758                TIM1_BRK_IRQHandler
                0x08008758                EXTI1_IRQHandler
                0x08008758                SDMMC2_IRQHandler
                0x08008758                BDMA_Channel3_IRQHandler
                0x08008758                DTS_IRQHandler
                0x08008758                UART7_IRQHandler
                0x08008758                MDIOS_WKUP_IRQHandler
                0x08008758                USART2_IRQHandler
                0x08008758                DFSDM1_FLT0_IRQHandler
                0x08008758                SAI4_IRQHandler
                0x08008758                I2C2_ER_IRQHandler
                0x08008758                DMA2_Stream1_IRQHandler
                0x08008758                FLASH_IRQHandler
                0x08008758                DMA2_Stream4_IRQHandler
                0x08008758                USART1_IRQHandler
                0x08008758                SPI3_IRQHandler
                0x08008758                WAKEUP_PIN_IRQHandler
                0x08008758                DMA1_Stream4_IRQHandler
                0x08008758                I2C1_ER_IRQHandler
                0x08008758                FMC_IRQHandler
                0x08008758                FDCAN_CAL_IRQHandler
                0x08008758                SWPMI1_IRQHandler
                0x08008758                COMP1_IRQHandler
                0x08008758                LPTIM1_IRQHandler
                0x08008758                DCMI_PSSI_IRQHandler
                0x08008758                I2C4_ER_IRQHandler
                0x08008758                DMA2_Stream6_IRQHandler
                0x08008758                SAI1_IRQHandler
                0x08008758                DMA1_Stream3_IRQHandler
 *fill*         0x0800875a        0x2 
 .text.main     0x0800875c       0x48 CMakeFiles/STM32H723ZGT6_CMake_2024_11_30.elf.dir/User/Src/main.c.obj
                0x0800875c                main
 .text.NMI_Handler
                0x080087a4        0x2 CMakeFiles/STM32H723ZGT6_CMake_2024_11_30.elf.dir/User/Src/stm32h7xx_it.c.obj
                0x080087a4                NMI_Handler
 .text.HardFault_Handler
                0x080087a6        0x2 CMakeFiles/STM32H723ZGT6_CMake_2024_11_30.elf.dir/User/Src/stm32h7xx_it.c.obj
                0x080087a6                HardFault_Handler
 .text.MemManage_Handler
                0x080087a8        0x2 CMakeFiles/STM32H723ZGT6_CMake_2024_11_30.elf.dir/User/Src/stm32h7xx_it.c.obj
                0x080087a8                MemManage_Handler
 .text.BusFault_Handler
                0x080087aa        0x2 CMakeFiles/STM32H723ZGT6_CMake_2024_11_30.elf.dir/User/Src/stm32h7xx_it.c.obj
                0x080087aa                BusFault_Handler
 .text.UsageFault_Handler
                0x080087ac        0x2 CMakeFiles/STM32H723ZGT6_CMake_2024_11_30.elf.dir/User/Src/stm32h7xx_it.c.obj
                0x080087ac                UsageFault_Handler
 .text.DebugMon_Handler
                0x080087ae        0x2 CMakeFiles/STM32H723ZGT6_CMake_2024_11_30.elf.dir/User/Src/stm32h7xx_it.c.obj
                0x080087ae                DebugMon_Handler
 .text.SystemInit
                0x080087b0       0xac CMakeFiles/STM32H723ZGT6_CMake_2024_11_30.elf.dir/User/Src/system_stm32h7xx.c.obj
                0x080087b0                SystemInit
 .text.__errno  0x0800885c        0xc d:/toolpath/arm-no~1/base_f~1/102021~1.10/bin/../lib/gcc/arm-none-eabi/10.3.1/../../../../arm-none-eabi/lib/thumb/v7e-m+fp/hard\libg_nano.a(lib_a-errno.o)
                0x0800885c                __errno
 .text.__libc_init_array
                0x08008868       0x48 d:/toolpath/arm-no~1/base_f~1/102021~1.10/bin/../lib/gcc/arm-none-eabi/10.3.1/../../../../arm-none-eabi/lib/thumb/v7e-m+fp/hard\libg_nano.a(lib_a-init.o)
                0x08008868                __libc_init_array
 .text.malloc   0x080088b0       0x10 d:/toolpath/arm-no~1/base_f~1/102021~1.10/bin/../lib/gcc/arm-none-eabi/10.3.1/../../../../arm-none-eabi/lib/thumb/v7e-m+fp/hard\libg_nano.a(lib_a-malloc.o)
                0x080088b0                malloc
 .text.free     0x080088c0       0x10 d:/toolpath/arm-no~1/base_f~1/102021~1.10/bin/../lib/gcc/arm-none-eabi/10.3.1/../../../../arm-none-eabi/lib/thumb/v7e-m+fp/hard\libg_nano.a(lib_a-malloc.o)
                0x080088c0                free
 .text.memcpy   0x080088d0       0x1c d:/toolpath/arm-no~1/base_f~1/102021~1.10/bin/../lib/gcc/arm-none-eabi/10.3.1/../../../../arm-none-eabi/lib/thumb/v7e-m+fp/hard\libg_nano.a(lib_a-memcpy-stub.o)
                0x080088d0                memcpy
 .text.memset   0x080088ec       0x10 d:/toolpath/arm-no~1/base_f~1/102021~1.10/bin/../lib/gcc/arm-none-eabi/10.3.1/../../../../arm-none-eabi/lib/thumb/v7e-m+fp/hard\libg_nano.a(lib_a-memset.o)
                0x080088ec                memset
 .text._free_r  0x080088fc       0x98 d:/toolpath/arm-no~1/base_f~1/102021~1.10/bin/../lib/gcc/arm-none-eabi/10.3.1/../../../../arm-none-eabi/lib/thumb/v7e-m+fp/hard\libg_nano.a(lib_a-nano-freer.o)
                0x080088fc                _free_r
 .text.sbrk_aligned
                0x08008994       0x40 d:/toolpath/arm-no~1/base_f~1/102021~1.10/bin/../lib/gcc/arm-none-eabi/10.3.1/../../../../arm-none-eabi/lib/thumb/v7e-m+fp/hard\libg_nano.a(lib_a-nano-mallocr.o)
 .text._malloc_r
                0x080089d4       0xe8 d:/toolpath/arm-no~1/base_f~1/102021~1.10/bin/../lib/gcc/arm-none-eabi/10.3.1/../../../../arm-none-eabi/lib/thumb/v7e-m+fp/hard\libg_nano.a(lib_a-nano-mallocr.o)
                0x080089d4                _malloc_r
 .text.__cvt    0x08008abc       0xc4 d:/toolpath/arm-no~1/base_f~1/102021~1.10/bin/../lib/gcc/arm-none-eabi/10.3.1/../../../../arm-none-eabi/lib/thumb/v7e-m+fp/hard\libg_nano.a(lib_a-nano-vfprintf_float.o)
                0x08008abc                __cvt
 .text.__exponent
                0x08008b80       0x7c d:/toolpath/arm-no~1/base_f~1/102021~1.10/bin/../lib/gcc/arm-none-eabi/10.3.1/../../../../arm-none-eabi/lib/thumb/v7e-m+fp/hard\libg_nano.a(lib_a-nano-vfprintf_float.o)
                0x08008b80                __exponent
 .text._printf_float
                0x08008bfc      0x46c d:/toolpath/arm-no~1/base_f~1/102021~1.10/bin/../lib/gcc/arm-none-eabi/10.3.1/../../../../arm-none-eabi/lib/thumb/v7e-m+fp/hard\libg_nano.a(lib_a-nano-vfprintf_float.o)
                0x08008bfc                _printf_float
 .text._printf_common
                0x08009068       0xda d:/toolpath/arm-no~1/base_f~1/102021~1.10/bin/../lib/gcc/arm-none-eabi/10.3.1/../../../../arm-none-eabi/lib/thumb/v7e-m+fp/hard\libg_nano.a(lib_a-nano-vfprintf_i.o)
                0x08009068                _printf_common
 *fill*         0x08009142        0x2 
 .text._printf_i
                0x08009144      0x24c d:/toolpath/arm-no~1/base_f~1/102021~1.10/bin/../lib/gcc/arm-none-eabi/10.3.1/../../../../arm-none-eabi/lib/thumb/v7e-m+fp/hard\libg_nano.a(lib_a-nano-vfprintf_i.o)
                0x08009144                _printf_i
 .text.printf   0x08009390       0x30 d:/toolpath/arm-no~1/base_f~1/102021~1.10/bin/../lib/gcc/arm-none-eabi/10.3.1/../../../../arm-none-eabi/lib/thumb/v7e-m+fp/hard\libg_nano.a(lib_a-printf.o)
                0x08009390                iprintf
                0x08009390                printf
 .text._puts_r  0x080093c0       0xdc d:/toolpath/arm-no~1/base_f~1/102021~1.10/bin/../lib/gcc/arm-none-eabi/10.3.1/../../../../arm-none-eabi/lib/thumb/v7e-m+fp/hard\libg_nano.a(lib_a-puts.o)
                0x080093c0                _puts_r
 .text.puts     0x0800949c       0x10 d:/toolpath/arm-no~1/base_f~1/102021~1.10/bin/../lib/gcc/arm-none-eabi/10.3.1/../../../../arm-none-eabi/lib/thumb/v7e-m+fp/hard\libg_nano.a(lib_a-puts.o)
                0x0800949c                puts
 .text.cleanup_glue
                0x080094ac       0x1a d:/toolpath/arm-no~1/base_f~1/102021~1.10/bin/../lib/gcc/arm-none-eabi/10.3.1/../../../../arm-none-eabi/lib/thumb/v7e-m+fp/hard\libg_nano.a(lib_a-reent.o)
                0x080094ac                cleanup_glue
 *fill*         0x080094c6        0x2 
 .text._reclaim_reent
                0x080094c8       0xb8 d:/toolpath/arm-no~1/base_f~1/102021~1.10/bin/../lib/gcc/arm-none-eabi/10.3.1/../../../../arm-none-eabi/lib/thumb/v7e-m+fp/hard\libg_nano.a(lib_a-reent.o)
                0x080094c8                _reclaim_reent
 .text._sbrk_r  0x08009580       0x20 d:/toolpath/arm-no~1/base_f~1/102021~1.10/bin/../lib/gcc/arm-none-eabi/10.3.1/../../../../arm-none-eabi/lib/thumb/v7e-m+fp/hard\libg_nano.a(lib_a-sbrkr.o)
                0x08009580                _sbrk_r
 .text.sprintf  0x080095a0       0x40 d:/toolpath/arm-no~1/base_f~1/102021~1.10/bin/../lib/gcc/arm-none-eabi/10.3.1/../../../../arm-none-eabi/lib/thumb/v7e-m+fp/hard\libg_nano.a(lib_a-sprintf.o)
                0x080095a0                siprintf
                0x080095a0                sprintf
 .text.strchr   0x080095e0       0x1a d:/toolpath/arm-no~1/base_f~1/102021~1.10/bin/../lib/gcc/arm-none-eabi/10.3.1/../../../../arm-none-eabi/lib/thumb/v7e-m+fp/hard\libg_nano.a(lib_a-strchr.o)
                0x080095e0                strchr
 .text.strcpy   0x080095fa       0x10 d:/toolpath/arm-no~1/base_f~1/102021~1.10/bin/../lib/gcc/arm-none-eabi/10.3.1/../../../../arm-none-eabi/lib/thumb/v7e-m+fp/hard\libg_nano.a(lib_a-strcpy.o)
                0x080095fa                strcpy
 .text.strncmp  0x0800960a       0x28 d:/toolpath/arm-no~1/base_f~1/102021~1.10/bin/../lib/gcc/arm-none-eabi/10.3.1/../../../../arm-none-eabi/lib/thumb/v7e-m+fp/hard\libg_nano.a(lib_a-strncmp.o)
                0x0800960a                strncmp
 *fill*         0x08009632        0x2 
 .text.__swbuf_r
                0x08009634       0xa4 d:/toolpath/arm-no~1/base_f~1/102021~1.10/bin/../lib/gcc/arm-none-eabi/10.3.1/../../../../arm-none-eabi/lib/thumb/v7e-m+fp/hard\libg_nano.a(lib_a-wbuf.o)
                0x08009634                __swbuf_r
 .text.__swsetup_r
                0x080096d8       0xdc d:/toolpath/arm-no~1/base_f~1/102021~1.10/bin/../lib/gcc/arm-none-eabi/10.3.1/../../../../arm-none-eabi/lib/thumb/v7e-m+fp/hard\libg_nano.a(lib_a-wsetup.o)
                0x080096d8                __swsetup_r
 .text.quorem   0x080097b4      0x116 d:/toolpath/arm-no~1/base_f~1/102021~1.10/bin/../lib/gcc/arm-none-eabi/10.3.1/../../../../arm-none-eabi/lib/thumb/v7e-m+fp/hard\libg_nano.a(lib_a-dtoa.o)
 *fill*         0x080098ca        0x6 
 .text._dtoa_r  0x080098d0      0xbdc d:/toolpath/arm-no~1/base_f~1/102021~1.10/bin/../lib/gcc/arm-none-eabi/10.3.1/../../../../arm-none-eabi/lib/thumb/v7e-m+fp/hard\libg_nano.a(lib_a-dtoa.o)
                0x080098d0                _dtoa_r
 .text.__sflush_r
                0x0800a4ac      0x10c d:/toolpath/arm-no~1/base_f~1/102021~1.10/bin/../lib/gcc/arm-none-eabi/10.3.1/../../../../arm-none-eabi/lib/thumb/v7e-m+fp/hard\libg_nano.a(lib_a-fflush.o)
                0x0800a4ac                __sflush_r
 .text._fflush_r
                0x0800a5b8       0x78 d:/toolpath/arm-no~1/base_f~1/102021~1.10/bin/../lib/gcc/arm-none-eabi/10.3.1/../../../../arm-none-eabi/lib/thumb/v7e-m+fp/hard\libg_nano.a(lib_a-fflush.o)
                0x0800a5b8                _fflush_r
 .text.std      0x0800a630       0x48 d:/toolpath/arm-no~1/base_f~1/102021~1.10/bin/../lib/gcc/arm-none-eabi/10.3.1/../../../../arm-none-eabi/lib/thumb/v7e-m+fp/hard\libg_nano.a(lib_a-findfp.o)
 .text._cleanup_r
                0x0800a678        0xc d:/toolpath/arm-no~1/base_f~1/102021~1.10/bin/../lib/gcc/arm-none-eabi/10.3.1/../../../../arm-none-eabi/lib/thumb/v7e-m+fp/hard\libg_nano.a(lib_a-findfp.o)
                0x0800a678                _cleanup_r
 .text.__sfmoreglue
                0x0800a684       0x2c d:/toolpath/arm-no~1/base_f~1/102021~1.10/bin/../lib/gcc/arm-none-eabi/10.3.1/../../../../arm-none-eabi/lib/thumb/v7e-m+fp/hard\libg_nano.a(lib_a-findfp.o)
                0x0800a684                __sfmoreglue
 .text.__sfp_lock_acquire
                0x0800a6b0        0xc d:/toolpath/arm-no~1/base_f~1/102021~1.10/bin/../lib/gcc/arm-none-eabi/10.3.1/../../../../arm-none-eabi/lib/thumb/v7e-m+fp/hard\libg_nano.a(lib_a-findfp.o)
                0x0800a6b0                __sfp_lock_acquire
 .text.__sfp_lock_release
                0x0800a6bc        0xc d:/toolpath/arm-no~1/base_f~1/102021~1.10/bin/../lib/gcc/arm-none-eabi/10.3.1/../../../../arm-none-eabi/lib/thumb/v7e-m+fp/hard\libg_nano.a(lib_a-findfp.o)
                0x0800a6bc                __sfp_lock_release
 .text.__sinit_lock_acquire
                0x0800a6c8        0xc d:/toolpath/arm-no~1/base_f~1/102021~1.10/bin/../lib/gcc/arm-none-eabi/10.3.1/../../../../arm-none-eabi/lib/thumb/v7e-m+fp/hard\libg_nano.a(lib_a-findfp.o)
                0x0800a6c8                __sinit_lock_acquire
 .text.__sinit_lock_release
                0x0800a6d4        0xc d:/toolpath/arm-no~1/base_f~1/102021~1.10/bin/../lib/gcc/arm-none-eabi/10.3.1/../../../../arm-none-eabi/lib/thumb/v7e-m+fp/hard\libg_nano.a(lib_a-findfp.o)
                0x0800a6d4                __sinit_lock_release
 .text.__sinit  0x0800a6e0       0x70 d:/toolpath/arm-no~1/base_f~1/102021~1.10/bin/../lib/gcc/arm-none-eabi/10.3.1/../../../../arm-none-eabi/lib/thumb/v7e-m+fp/hard\libg_nano.a(lib_a-findfp.o)
                0x0800a6e0                __sinit
 .text.__sfp    0x0800a750       0x8c d:/toolpath/arm-no~1/base_f~1/102021~1.10/bin/../lib/gcc/arm-none-eabi/10.3.1/../../../../arm-none-eabi/lib/thumb/v7e-m+fp/hard\libg_nano.a(lib_a-findfp.o)
                0x0800a750                __sfp
 .text._fwalk_reent
                0x0800a7dc       0x3e d:/toolpath/arm-no~1/base_f~1/102021~1.10/bin/../lib/gcc/arm-none-eabi/10.3.1/../../../../arm-none-eabi/lib/thumb/v7e-m+fp/hard\libg_nano.a(lib_a-fwalk.o)
                0x0800a7dc                _fwalk_reent
 *fill*         0x0800a81a        0x2 
 .text._localeconv_r
                0x0800a81c        0x8 d:/toolpath/arm-no~1/base_f~1/102021~1.10/bin/../lib/gcc/arm-none-eabi/10.3.1/../../../../arm-none-eabi/lib/thumb/v7e-m+fp/hard\libg_nano.a(lib_a-localeconv.o)
                0x0800a81c                _localeconv_r
 .text.__retarget_lock_init_recursive
                0x0800a824        0x2 d:/toolpath/arm-no~1/base_f~1/102021~1.10/bin/../lib/gcc/arm-none-eabi/10.3.1/../../../../arm-none-eabi/lib/thumb/v7e-m+fp/hard\libg_nano.a(lib_a-lock.o)
                0x0800a824                __retarget_lock_init_recursive
 .text.__retarget_lock_acquire_recursive
                0x0800a826        0x2 d:/toolpath/arm-no~1/base_f~1/102021~1.10/bin/../lib/gcc/arm-none-eabi/10.3.1/../../../../arm-none-eabi/lib/thumb/v7e-m+fp/hard\libg_nano.a(lib_a-lock.o)
                0x0800a826                __retarget_lock_acquire_recursive
 .text.__retarget_lock_release_recursive
                0x0800a828        0x2 d:/toolpath/arm-no~1/base_f~1/102021~1.10/bin/../lib/gcc/arm-none-eabi/10.3.1/../../../../arm-none-eabi/lib/thumb/v7e-m+fp/hard\libg_nano.a(lib_a-lock.o)
                0x0800a828                __retarget_lock_release_recursive
 .text.__swhatbuf_r
                0x0800a82a       0x4a d:/toolpath/arm-no~1/base_f~1/102021~1.10/bin/../lib/gcc/arm-none-eabi/10.3.1/../../../../arm-none-eabi/lib/thumb/v7e-m+fp/hard\libg_nano.a(lib_a-makebuf.o)
                0x0800a82a                __swhatbuf_r
 .text.__smakebuf_r
                0x0800a874       0x80 d:/toolpath/arm-no~1/base_f~1/102021~1.10/bin/../lib/gcc/arm-none-eabi/10.3.1/../../../../arm-none-eabi/lib/thumb/v7e-m+fp/hard\libg_nano.a(lib_a-makebuf.o)
                0x0800a874                __smakebuf_r
 .text.__malloc_lock
                0x0800a8f4        0xc d:/toolpath/arm-no~1/base_f~1/102021~1.10/bin/../lib/gcc/arm-none-eabi/10.3.1/../../../../arm-none-eabi/lib/thumb/v7e-m+fp/hard\libg_nano.a(lib_a-mlock.o)
                0x0800a8f4                __malloc_lock
 .text.__malloc_unlock
                0x0800a900        0xc d:/toolpath/arm-no~1/base_f~1/102021~1.10/bin/../lib/gcc/arm-none-eabi/10.3.1/../../../../arm-none-eabi/lib/thumb/v7e-m+fp/hard\libg_nano.a(lib_a-mlock.o)
                0x0800a900                __malloc_unlock
 .text._Balloc  0x0800a90c       0x80 d:/toolpath/arm-no~1/base_f~1/102021~1.10/bin/../lib/gcc/arm-none-eabi/10.3.1/../../../../arm-none-eabi/lib/thumb/v7e-m+fp/hard\libg_nano.a(lib_a-mprec.o)
                0x0800a90c                _Balloc
 .text._Bfree   0x0800a98c       0x44 d:/toolpath/arm-no~1/base_f~1/102021~1.10/bin/../lib/gcc/arm-none-eabi/10.3.1/../../../../arm-none-eabi/lib/thumb/v7e-m+fp/hard\libg_nano.a(lib_a-mprec.o)
                0x0800a98c                _Bfree
 .text.__multadd
                0x0800a9d0       0x8c d:/toolpath/arm-no~1/base_f~1/102021~1.10/bin/../lib/gcc/arm-none-eabi/10.3.1/../../../../arm-none-eabi/lib/thumb/v7e-m+fp/hard\libg_nano.a(lib_a-mprec.o)
                0x0800a9d0                __multadd
 .text.__hi0bits
                0x0800aa5c       0x40 d:/toolpath/arm-no~1/base_f~1/102021~1.10/bin/../lib/gcc/arm-none-eabi/10.3.1/../../../../arm-none-eabi/lib/thumb/v7e-m+fp/hard\libg_nano.a(lib_a-mprec.o)
                0x0800aa5c                __hi0bits
 .text.__lo0bits
                0x0800aa9c       0x5e d:/toolpath/arm-no~1/base_f~1/102021~1.10/bin/../lib/gcc/arm-none-eabi/10.3.1/../../../../arm-none-eabi/lib/thumb/v7e-m+fp/hard\libg_nano.a(lib_a-mprec.o)
                0x0800aa9c                __lo0bits
 *fill*         0x0800aafa        0x2 
 .text.__i2b    0x0800aafc       0x2c d:/toolpath/arm-no~1/base_f~1/102021~1.10/bin/../lib/gcc/arm-none-eabi/10.3.1/../../../../arm-none-eabi/lib/thumb/v7e-m+fp/hard\libg_nano.a(lib_a-mprec.o)
                0x0800aafc                __i2b
 .text.__multiply
                0x0800ab28      0x154 d:/toolpath/arm-no~1/base_f~1/102021~1.10/bin/../lib/gcc/arm-none-eabi/10.3.1/../../../../arm-none-eabi/lib/thumb/v7e-m+fp/hard\libg_nano.a(lib_a-mprec.o)
                0x0800ab28                __multiply
 .text.__pow5mult
                0x0800ac7c       0xb4 d:/toolpath/arm-no~1/base_f~1/102021~1.10/bin/../lib/gcc/arm-none-eabi/10.3.1/../../../../arm-none-eabi/lib/thumb/v7e-m+fp/hard\libg_nano.a(lib_a-mprec.o)
                0x0800ac7c                __pow5mult
 .text.__lshift
                0x0800ad30       0xe0 d:/toolpath/arm-no~1/base_f~1/102021~1.10/bin/../lib/gcc/arm-none-eabi/10.3.1/../../../../arm-none-eabi/lib/thumb/v7e-m+fp/hard\libg_nano.a(lib_a-mprec.o)
                0x0800ad30                __lshift
 .text.__mcmp   0x0800ae10       0x38 d:/toolpath/arm-no~1/base_f~1/102021~1.10/bin/../lib/gcc/arm-none-eabi/10.3.1/../../../../arm-none-eabi/lib/thumb/v7e-m+fp/hard\libg_nano.a(lib_a-mprec.o)
                0x0800ae10                __mcmp
 .text.__mdiff  0x0800ae48      0x114 d:/toolpath/arm-no~1/base_f~1/102021~1.10/bin/../lib/gcc/arm-none-eabi/10.3.1/../../../../arm-none-eabi/lib/thumb/v7e-m+fp/hard\libg_nano.a(lib_a-mprec.o)
                0x0800ae48                __mdiff
 .text.__d2b    0x0800af5c       0xb8 d:/toolpath/arm-no~1/base_f~1/102021~1.10/bin/../lib/gcc/arm-none-eabi/10.3.1/../../../../arm-none-eabi/lib/thumb/v7e-m+fp/hard\libg_nano.a(lib_a-mprec.o)
                0x0800af5c                __d2b
 .text._calloc_r
                0x0800b014       0x2c d:/toolpath/arm-no~1/base_f~1/102021~1.10/bin/../lib/gcc/arm-none-eabi/10.3.1/../../../../arm-none-eabi/lib/thumb/v7e-m+fp/hard\libg_nano.a(lib_a-nano-callocr.o)
                0x0800b014                _calloc_r
 .text.__ssputs_r
                0x0800b040       0xb6 d:/toolpath/arm-no~1/base_f~1/102021~1.10/bin/../lib/gcc/arm-none-eabi/10.3.1/../../../../arm-none-eabi/lib/thumb/v7e-m+fp/hard\libg_nano.a(lib_a-nano-svfprintf.o)
                0x0800b040                __ssputs_r
 *fill*         0x0800b0f6        0x2 
 .text._svfprintf_r
                0x0800b0f8      0x200 d:/toolpath/arm-no~1/base_f~1/102021~1.10/bin/../lib/gcc/arm-none-eabi/10.3.1/../../../../arm-none-eabi/lib/thumb/v7e-m+fp/hard\libg_nano.a(lib_a-nano-svfprintf.o)
                0x0800b0f8                _svfiprintf_r
                0x0800b0f8                _svfprintf_r
 .text.__sfputc_r
                0x0800b2f8       0x2e d:/toolpath/arm-no~1/base_f~1/102021~1.10/bin/../lib/gcc/arm-none-eabi/10.3.1/../../../../arm-none-eabi/lib/thumb/v7e-m+fp/hard\libg_nano.a(lib_a-nano-vfprintf.o)
 .text.__sfputs_r
                0x0800b326       0x24 d:/toolpath/arm-no~1/base_f~1/102021~1.10/bin/../lib/gcc/arm-none-eabi/10.3.1/../../../../arm-none-eabi/lib/thumb/v7e-m+fp/hard\libg_nano.a(lib_a-nano-vfprintf.o)
                0x0800b326                __sfputs_r
 *fill*         0x0800b34a        0x2 
 .text._vfprintf_r
                0x0800b34c      0x260 d:/toolpath/arm-no~1/base_f~1/102021~1.10/bin/../lib/gcc/arm-none-eabi/10.3.1/../../../../arm-none-eabi/lib/thumb/v7e-m+fp/hard\libg_nano.a(lib_a-nano-vfprintf.o)
                0x0800b34c                _vfprintf_r
                0x0800b34c                _vfiprintf_r
 .text.__sread  0x0800b5ac       0x22 d:/toolpath/arm-no~1/base_f~1/102021~1.10/bin/../lib/gcc/arm-none-eabi/10.3.1/../../../../arm-none-eabi/lib/thumb/v7e-m+fp/hard\libg_nano.a(lib_a-stdio.o)
                0x0800b5ac                __sread
 .text.__swrite
                0x0800b5ce       0x38 d:/toolpath/arm-no~1/base_f~1/102021~1.10/bin/../lib/gcc/arm-none-eabi/10.3.1/../../../../arm-none-eabi/lib/thumb/v7e-m+fp/hard\libg_nano.a(lib_a-stdio.o)
                0x0800b5ce                __swrite
 .text.__sseek  0x0800b606       0x24 d:/toolpath/arm-no~1/base_f~1/102021~1.10/bin/../lib/gcc/arm-none-eabi/10.3.1/../../../../arm-none-eabi/lib/thumb/v7e-m+fp/hard\libg_nano.a(lib_a-stdio.o)
                0x0800b606                __sseek
 .text.__sclose
                0x0800b62a        0x8 d:/toolpath/arm-no~1/base_f~1/102021~1.10/bin/../lib/gcc/arm-none-eabi/10.3.1/../../../../arm-none-eabi/lib/thumb/v7e-m+fp/hard\libg_nano.a(lib_a-stdio.o)
                0x0800b62a                __sclose
 *fill*         0x0800b632        0x2 
 .text._write_r
                0x0800b634       0x24 d:/toolpath/arm-no~1/base_f~1/102021~1.10/bin/../lib/gcc/arm-none-eabi/10.3.1/../../../../arm-none-eabi/lib/thumb/v7e-m+fp/hard\libg_nano.a(lib_a-writer.o)
                0x0800b634                _write_r
 .text.__assert_func
                0x0800b658       0x3c d:/toolpath/arm-no~1/base_f~1/102021~1.10/bin/../lib/gcc/arm-none-eabi/10.3.1/../../../../arm-none-eabi/lib/thumb/v7e-m+fp/hard\libg_nano.a(lib_a-assert.o)
                0x0800b658                __assert_func
 .text._close_r
                0x0800b694       0x20 d:/toolpath/arm-no~1/base_f~1/102021~1.10/bin/../lib/gcc/arm-none-eabi/10.3.1/../../../../arm-none-eabi/lib/thumb/v7e-m+fp/hard\libg_nano.a(lib_a-closer.o)
                0x0800b694                _close_r
 .text.fprintf  0x0800b6b4       0x24 d:/toolpath/arm-no~1/base_f~1/102021~1.10/bin/../lib/gcc/arm-none-eabi/10.3.1/../../../../arm-none-eabi/lib/thumb/v7e-m+fp/hard\libg_nano.a(lib_a-fprintf.o)
                0x0800b6b4                fiprintf
                0x0800b6b4                fprintf
 .text._fstat_r
                0x0800b6d8       0x24 d:/toolpath/arm-no~1/base_f~1/102021~1.10/bin/../lib/gcc/arm-none-eabi/10.3.1/../../../../arm-none-eabi/lib/thumb/v7e-m+fp/hard\libg_nano.a(lib_a-fstatr.o)
                0x0800b6d8                _fstat_r
 .text._isatty_r
                0x0800b6fc       0x20 d:/toolpath/arm-no~1/base_f~1/102021~1.10/bin/../lib/gcc/arm-none-eabi/10.3.1/../../../../arm-none-eabi/lib/thumb/v7e-m+fp/hard\libg_nano.a(lib_a-isattyr.o)
                0x0800b6fc                _isatty_r
 .text._lseek_r
                0x0800b71c       0x24 d:/toolpath/arm-no~1/base_f~1/102021~1.10/bin/../lib/gcc/arm-none-eabi/10.3.1/../../../../arm-none-eabi/lib/thumb/v7e-m+fp/hard\libg_nano.a(lib_a-lseekr.o)