Archive member included to satisfy reference by file (symbol)

d:/toolpath/arm-no~1/base_f~1/102021~1.10/bin/../lib/gcc/arm-none-eabi/10.3.1/thumb/v7e-m+fp/hard\libgcc.a(_arm_muldf3.o)
                              CMakeFiles/STM32H723ZGT6_CMake_2024_11_30.elf.dir/App/LCD/lcdMode.c.obj (__aeabi_dmul)
d:/toolpath/arm-no~1/base_f~1/102021~1.10/bin/../lib/gcc/arm-none-eabi/10.3.1/thumb/v7e-m+fp/hard\libgcc.a(_arm_addsubdf3.o)
                              CMakeFiles/STM32H723ZGT6_CMake_2024_11_30.elf.dir/App/LCD/lcdMode.c.obj (__aeabi_dsub)
d:/toolpath/arm-no~1/base_f~1/102021~1.10/bin/../lib/gcc/arm-none-eabi/10.3.1/thumb/v7e-m+fp/hard\libgcc.a(_arm_muldivdf3.o)
                              CMakeFiles/STM32H723ZGT6_CMake_2024_11_30.elf.dir/App/LCD/lcd_spi_154.c.obj (__aeabi_ddiv)
d:/toolpath/arm-no~1/base_f~1/102021~1.10/bin/../lib/gcc/arm-none-eabi/10.3.1/thumb/v7e-m+fp/hard\libgcc.a(_arm_cmpdf2.o)
                              CMakeFiles/STM32H723ZGT6_CMake_2024_11_30.elf.dir/CMyLib/Src/cJSON.c.obj (__aeabi_dcmpeq)
d:/toolpath/arm-no~1/base_f~1/102021~1.10/bin/../lib/gcc/arm-none-eabi/10.3.1/thumb/v7e-m+fp/hard\libgcc.a(_arm_fixdfsi.o)
                              CMakeFiles/STM32H723ZGT6_CMake_2024_11_30.elf.dir/App/LCD/lcd_spi_154.c.obj (__aeabi_d2iz)
d:/toolpath/arm-no~1/base_f~1/102021~1.10/bin/../lib/gcc/arm-none-eabi/10.3.1/thumb/v7e-m+fp/hard\libgcc.a(_arm_truncdfsf2.o)
                              CMakeFiles/STM32H723ZGT6_CMake_2024_11_30.elf.dir/App/LCD/lcd_spi_154.c.obj (__aeabi_d2f)
d:/toolpath/arm-no~1/base_f~1/102021~1.10/bin/../lib/gcc/arm-none-eabi/10.3.1/thumb/v7e-m+fp/hard\libgcc.a(_aeabi_uldivmod.o)
                              CMakeFiles/STM32H723ZGT6_CMake_2024_11_30.elf.dir/System/STM32H7xx_HAL_Driver/Src/stm32h7xx_hal_uart.c.obj (__aeabi_uldivmod)
d:/toolpath/arm-no~1/base_f~1/102021~1.10/bin/../lib/gcc/arm-none-eabi/10.3.1/thumb/v7e-m+fp/hard\libgcc.a(_udivmoddi4.o)
                              d:/toolpath/arm-no~1/base_f~1/102021~1.10/bin/../lib/gcc/arm-none-eabi/10.3.1/thumb/v7e-m+fp/hard\libgcc.a(_aeabi_uldivmod.o) (__udivmoddi4)
d:/toolpath/arm-no~1/base_f~1/102021~1.10/bin/../lib/gcc/arm-none-eabi/10.3.1/thumb/v7e-m+fp/hard\libgcc.a(_dvmd_tls.o)
                              d:/toolpath/arm-no~1/base_f~1/102021~1.10/bin/../lib/gcc/arm-none-eabi/10.3.1/thumb/v7e-m+fp/hard\libgcc.a(_aeabi_uldivmod.o) (__aeabi_ldiv0)
d:/toolpath/arm-no~1/base_f~1/102021~1.10/bin/../lib/gcc/arm-none-eabi/10.3.1/../../../../arm-none-eabi/lib/thumb/v7e-m+fp/hard\libg_nano.a(lib_a-ctype_.o)
                              CMakeFiles/STM32H723ZGT6_CMake_2024_11_30.elf.dir/CMyLib/Src/cJSON.c.obj (_ctype_)
d:/toolpath/arm-no~1/base_f~1/102021~1.10/bin/../lib/gcc/arm-none-eabi/10.3.1/../../../../arm-none-eabi/lib/thumb/v7e-m+fp/hard\libg_nano.a(lib_a-errno.o)
                              CMakeFiles/STM32H723ZGT6_CMake_2024_11_30.elf.dir/CMyLib/Src/syscalls.c.obj (__errno)
d:/toolpath/arm-no~1/base_f~1/102021~1.10/bin/../lib/gcc/arm-none-eabi/10.3.1/../../../../arm-none-eabi/lib/thumb/v7e-m+fp/hard\libg_nano.a(lib_a-exit.o)
                              d:/toolpath/arm-no~1/base_f~1/102021~1.10/bin/../lib/gcc/arm-none-eabi/10.3.1/../../../../arm-none-eabi/lib/thumb/v7e-m+fp/hard/crt0.o (exit)
d:/toolpath/arm-no~1/base_f~1/102021~1.10/bin/../lib/gcc/arm-none-eabi/10.3.1/../../../../arm-none-eabi/lib/thumb/v7e-m+fp/hard\libg_nano.a(lib_a-impure.o)
                              d:/toolpath/arm-no~1/base_f~1/102021~1.10/bin/../lib/gcc/arm-none-eabi/10.3.1/../../../../arm-none-eabi/lib/thumb/v7e-m+fp/hard\libg_nano.a(lib_a-exit.o) (_global_impure_ptr)
d:/toolpath/arm-no~1/base_f~1/102021~1.10/bin/../lib/gcc/arm-none-eabi/10.3.1/../../../../arm-none-eabi/lib/thumb/v7e-m+fp/hard\libg_nano.a(lib_a-init.o)
                              d:/toolpath/arm-no~1/base_f~1/102021~1.10/bin/../lib/gcc/arm-none-eabi/10.3.1/../../../../arm-none-eabi/lib/thumb/v7e-m+fp/hard/crt0.o (__libc_init_array)
d:/toolpath/arm-no~1/base_f~1/102021~1.10/bin/../lib/gcc/arm-none-eabi/10.3.1/../../../../arm-none-eabi/lib/thumb/v7e-m+fp/hard\libg_nano.a(lib_a-malloc.o)
                              CMakeFiles/STM32H723ZGT6_CMake_2024_11_30.elf.dir/CMyLib/Src/cJSON.c.obj (malloc)
d:/toolpath/arm-no~1/base_f~1/102021~1.10/bin/../lib/gcc/arm-none-eabi/10.3.1/../../../../arm-none-eabi/lib/thumb/v7e-m+fp/hard\libg_nano.a(lib_a-memcpy-stub.o)
                              CMakeFiles/STM32H723ZGT6_CMake_2024_11_30.elf.dir/CMyLib/Src/cJSON.c.obj (memcpy)
d:/toolpath/arm-no~1/base_f~1/102021~1.10/bin/../lib/gcc/arm-none-eabi/10.3.1/../../../../arm-none-eabi/lib/thumb/v7e-m+fp/hard\libg_nano.a(lib_a-memset.o)
                              d:/toolpath/arm-no~1/base_f~1/102021~1.10/bin/../lib/gcc/arm-none-eabi/10.3.1/../../../../arm-none-eabi/lib/thumb/v7e-m+fp/hard/crt0.o (memset)
d:/toolpath/arm-no~1/base_f~1/102021~1.10/bin/../lib/gcc/arm-none-eabi/10.3.1/../../../../arm-none-eabi/lib/thumb/v7e-m+fp/hard\libg_nano.a(lib_a-nano-freer.o)
[...]
Memory Configuration

Name             Origin             Length             Attributes
ITCMRAM          0x00000000         0x00010000         xrw
DTCMRAM          0x20000000         0x00020000         xrw
FLASH            0x08000000         0x00100000         xr
RAM_D1           0x24000000         0x00050000         xrw
RAM_D2           0x30000000         0x00008000         xrw
RAM_D3           0x38000000         0x00004000         xrw
*default*        0x00000000         0xffffffff

Linker script and memory map

LOAD d:/toolpath/arm-no~1/base_f~1/102021~1.10/bin/../lib/gcc/arm-none-eabi/10.3.1/thumb/v7e-m+fp/hard/crti.o
LOAD d:/toolpath/arm-no~1/base_f~1/102021~1.10/bin/../lib/gcc/arm-none-eabi/10.3.1/thumb/v7e-m+fp/hard/crtbegin.o
LOAD d:/toolpath/arm-no~1/base_f~1/102021~1.10/bin/../lib/gcc/arm-none-eabi/10.3.1/../../../../arm-none-eabi/lib/thumb/v7e-m+fp/hard/crt0.o
LOAD CMakeFiles/STM32H723ZGT6_CMake_2024_11_30.elf.dir/App/FreeRTOS/userFreeRTOS.c.obj
LOAD CMakeFiles/STM32H723ZGT6_CMake_2024_11_30.elf.dir/App/LCD/lcdMode.c.obj
LOAD CMakeFiles/STM32H723ZGT6_CMake_2024_11_30.elf.dir/App/LCD/lcd_fonts.c.obj
LOAD CMakeFiles/STM32H723ZGT6_CMake_2024_11_30.elf.dir/App/LCD/lcd_image.c.obj
LOAD CMakeFiles/STM32H723ZGT6_CMake_2024_11_30.elf.dir/App/LCD/lcd_spi_154.c.obj
LOAD CMakeFiles/STM32H723ZGT6_CMake_2024_11_30.elf.dir/App/Led/led.c.obj
LOAD CMakeFiles/STM32H723ZGT6_CMake_2024_11_30.elf.dir/App/W25Q64/fatFs.c.obj
LOAD CMakeFiles/STM32H723ZGT6_CMake_2024_11_30.elf.dir/App/W25Q64/ospi_w25q64.c.obj
LOAD CMakeFiles/STM32H723ZGT6_CMake_2024_11_30.elf.dir/CMyLib/Define/define.c.obj
LOAD CMakeFiles/STM32H723ZGT6_CMake_2024_11_30.elf.dir/CMyLib/Dts/dts.c.obj
LOAD CMakeFiles/STM32H723ZGT6_CMake_2024_11_30.elf.dir/CMyLib/FatFs/diskio.c.obj
LOAD CMakeFiles/STM32H723ZGT6_CMake_2024_11_30.elf.dir/CMyLib/FatFs/ff.c.obj
LOAD CMakeFiles/STM32H723ZGT6_CMake_2024_11_30.elf.dir/CMyLib/FatFs/ffsystem.c.obj
LOAD CMakeFiles/STM32H723ZGT6_CMake_2024_11_30.elf.dir/CMyLib/FatFs/ffunicode.c.obj
LOAD CMakeFiles/STM32H723ZGT6_CMake_2024_11_30.elf.dir/CMyLib/Src/TimeBase/stm32h7xx_hal_timebase_tim.c.obj
LOAD CMakeFiles/STM32H723ZGT6_CMake_2024_11_30.elf.dir/CMyLib/Src/cJSON.c.obj
LOAD CMakeFiles/STM32H723ZGT6_CMake_2024_11_30.elf.dir/CMyLib/Src/stm32h7xx_hal_msp.c.obj
LOAD CMakeFiles/STM32H723ZGT6_CMake_2024_11_30.elf.dir/CMyLib/Src/syscalls.c.obj
LOAD CMakeFiles/STM32H723ZGT6_CMake_2024_11_30.elf.dir/CMyLib/Src/sysmem.c.obj
LOAD CMakeFiles/STM32H723ZGT6_CMake_2024_11_30.elf.dir/CMyLib/Usart/usart.c.obj
LOAD CMakeFiles/STM32H723ZGT6_CMake_2024_11_30.elf.dir/CMyLib/cMyLib.c.obj
LOAD CMakeFiles/STM32H723ZGT6_CMake_2024_11_30.elf.dir/System/FreeRTOS/CMSIS_RTOS_V2/cmsis_os2.c.obj
LOAD CMakeFiles/STM32H723ZGT6_CMake_2024_11_30.elf.dir/System/FreeRTOS/croutine.c.obj
LOAD CMakeFiles/STM32H723ZGT6_CMake_2024_11_30.elf.dir/System/FreeRTOS/event_groups.c.obj
LOAD CMakeFiles/STM32H723ZGT6_CMake_2024_11_30.elf.dir/System/FreeRTOS/list.c.obj
LOAD CMakeFiles/STM32H723ZGT6_CMake_2024_11_30.elf.dir/System/FreeRTOS/portable/GCC/ARM_CM4F/port.c.obj
LOAD CMakeFiles/STM32H723ZGT6_CMake_2024_11_30.elf.dir/System/FreeRTOS/portable/MemMang/heap_4.c.obj
LOAD CMakeFiles/STM32H723ZGT6_CMake_2024_11_30.elf.dir/System/FreeRTOS/queue.c.obj
LOAD CMakeFiles/STM32H723ZGT6_CMake_2024_11_30.elf.dir/System/FreeRTOS/stream_buffer.c.obj
LOAD CMakeFiles/STM32H723ZGT6_CMake_2024_11_30.elf.dir/System/FreeRTOS/tasks.c.obj
LOAD CMakeFiles/STM32H723ZGT6_CMake_2024_11_30.elf.dir/System/FreeRTOS/timers.c.obj
LOAD CMakeFiles/STM32H723ZGT6_CMake_2024_11_30.elf.dir/System/STM32H7xx_HAL_Driver/Src/Legacy/stm32h7xx_hal_eth.c.obj
LOAD CMakeFiles/STM32H723ZGT6_CMake_2024_11_30.elf.dir/System/STM32H7xx_HAL_Driver/Src/Legacy/stm32h7xx_hal_eth_ex.c.obj
LOAD CMakeFiles/STM32H723ZGT6_CMake_2024_11_30.elf.dir/System/STM32H7xx_HAL_Driver/Src/stm32h7xx_hal.c.obj
LOAD CMakeFiles/STM32H723ZGT6_CMake_2024_11_30.elf.dir/System/STM32H7xx_HAL_Driver/Src/stm32h7xx_hal_adc.c.obj
LOAD CMakeFiles/STM32H723ZGT6_CMake_2024_11_30.elf.dir/System/STM32H7xx_HAL_Driver/Src/stm32h7xx_hal_adc_ex.c.obj
LOAD CMakeFiles/STM32H723ZGT6_CMake_2024_11_30.elf.dir/System/STM32H7xx_HAL_Driver/Src/stm32h7xx_hal_cec.c.obj
LOAD CMakeFiles/STM32H723ZGT6_CMake_2024_11_30.elf.dir/System/STM32H7xx_HAL_Driver/Src/stm32h7xx_hal_comp.c.obj
LOAD CMakeFiles/STM32H723ZGT6_CMake_2024_11_30.elf.dir/System/STM32H7xx_HAL_Driver/Src/stm32h7xx_hal_cordic.c.obj
LOAD CMakeFiles/STM32H723ZGT6_CMake_2024_11_30.elf.dir/System/STM32H7xx_HAL_Driver/Src/stm32h7xx_hal_cortex.c.obj
LOAD CMakeFiles/STM32H723ZGT6_CMake_2024_11_30.elf.dir/System/STM32H7xx_HAL_Driver/Src/stm32h7xx_hal_crc.c.obj
LOAD CMakeFiles/STM32H723ZGT6_CMake_2024_11_30.elf.dir/System/STM32H7xx_HAL_Driver/Src/stm32h7xx_hal_crc_ex.c.obj
LOAD CMakeFiles/STM32H723ZGT6_CMake_2024_11_30.elf.dir/System/STM32H7xx_HAL_Driver/Src/stm32h7xx_hal_cryp.c.obj
LOAD CMakeFiles/STM32H723ZGT6_CMake_2024_11_30.elf.dir/System/STM32H7xx_HAL_Driver/Src/stm32h7xx_hal_cryp_ex.c.obj
LOAD CMakeFiles/STM32H723ZGT6_CMake_2024_11_30.elf.dir/System/STM32H7xx_HAL_Driver/Src/stm32h7xx_hal_dac.c.obj
LOAD CMakeFiles/STM32H723ZGT6_CMake_2024_11_30.elf.dir/System/STM32H7xx_HAL_Driver/Src/stm32h7xx_hal_dac_ex.c.obj
LOAD CMakeFiles/STM32H723ZGT6_CMake_2024_11_30.elf.dir/System/STM32H7xx_HAL_Driver/Src/stm32h7xx_hal_dcmi.c.obj
LOAD CMakeFiles/STM32H723ZGT6_CMake_2024_11_30.elf.dir/System/STM32H7xx_HAL_Driver/Src/stm32h7xx_hal_dfsdm.c.obj
LOAD CMakeFiles/STM32H723ZGT6_CMake_2024_11_30.elf.dir/System/STM32H7xx_HAL_Driver/Src/stm32h7xx_hal_dfsdm_ex.c.obj
LOAD CMakeFiles/STM32H723ZGT6_CMake_2024_11_30.elf.dir/System/STM32H7xx_HAL_Driver/Src/stm32h7xx_hal_dma.c.obj
LOAD CMakeFiles/STM32H723ZGT6_CMake_2024_11_30.elf.dir/System/STM32H7xx_HAL_Driver/Src/stm32h7xx_hal_dma2d.c.obj
LOAD CMakeFiles/STM32H723ZGT6_CMake_2024_11_30.elf.dir/System/STM32H7xx_HAL_Driver/Src/stm32h7xx_hal_dma_ex.c.obj
LOAD CMakeFiles/STM32H723ZGT6_CMake_2024_11_30.elf.dir/System/STM32H7xx_HAL_Driver/Src/stm32h7xx_hal_dsi.c.obj
LOAD CMakeFiles/STM32H723ZGT6_CMake_2024_11_30.elf.dir/System/STM32H7xx_HAL_Driver/Src/stm32h7xx_hal_dts.c.obj
LOAD CMakeFiles/STM32H723ZGT6_CMake_2024_11_30.elf.dir/System/STM32H7xx_HAL_Driver/Src/stm32h7xx_hal_eth.c.obj
LOAD CMakeFiles/STM32H723ZGT6_CMake_2024_11_30.elf.dir/System/STM32H7xx_HAL_Driver/Src/stm32h7xx_hal_eth_ex.c.obj
LOAD CMakeFiles/STM32H723ZGT6_CMake_2024_11_30.elf.dir/System/STM32H7xx_HAL_Driver/Src/stm32h7xx_hal_exti.c.obj
LOAD CMakeFiles/STM32H723ZGT6_CMake_2024_11_30.elf.dir/System/STM32H7xx_HAL_Driver/Src/stm32h7xx_hal_fdcan.c.obj
LOAD CMakeFiles/STM32H723ZGT6_CMake_2024_11_30.elf.dir/System/STM32H7xx_HAL_Driver/Src/stm32h7xx_hal_flash.c.obj
LOAD CMakeFiles/STM32H723ZGT6_CMake_2024_11_30.elf.dir/System/STM32H7xx_HAL_Driver/Src/stm32h7xx_hal_flash_ex.c.obj
LOAD CMakeFiles/STM32H723ZGT6_CMake_2024_11_30.elf.dir/System/STM32H7xx_HAL_Driver/Src/stm32h7xx_hal_fmac.c.obj
LOAD CMakeFiles/STM32H723ZGT6_CMake_2024_11_30.elf.dir/System/STM32H7xx_HAL_Driver/Src/stm32h7xx_hal_gfxmmu.c.obj
LOAD CMakeFiles/STM32H723ZGT6_CMake_2024_11_30.elf.dir/System/STM32H7xx_HAL_Driver/Src/stm32h7xx_hal_gpio.c.obj
LOAD CMakeFiles/STM32H723ZGT6_CMake_2024_11_30.elf.dir/System/STM32H7xx_HAL_Driver/Src/stm32h7xx_hal_hash.c.obj
LOAD CMakeFiles/STM32H723ZGT6_CMake_2024_11_30.elf.dir/System/STM32H7xx_HAL_Driver/Src/stm32h7xx_hal_hash_ex.c.obj
LOAD CMakeFiles/STM32H723ZGT6_CMake_2024_11_30.elf.dir/System/STM32H7xx_HAL_Driver/Src/stm32h7xx_hal_hcd.c.obj
LOAD CMakeFiles/STM32H723ZGT6_CMake_2024_11_30.elf.dir/System/STM32H7xx_HAL_Driver/Src/stm32h7xx_hal_hrtim.c.obj
LOAD CMakeFiles/STM32H723ZGT6_CMake_2024_11_30.elf.dir/System/STM32H7xx_HAL_Driver/Src/stm32h7xx_hal_hsem.c.obj
LOAD CMakeFiles/STM32H723ZGT6_CMake_2024_11_30.elf.dir/System/STM32H7xx_HAL_Driver/Src/stm32h7xx_hal_i2c.c.obj
LOAD CMakeFiles/STM32H723ZGT6_CMake_2024_11_30.elf.dir/System/STM32H7xx_HAL_Driver/Src/stm32h7xx_hal_i2c_ex.c.obj
LOAD CMakeFiles/STM32H723ZGT6_CMake_2024_11_30.elf.dir/System/STM32H7xx_HAL_Driver/Src/stm32h7xx_hal_i2s.c.obj
LOAD CMakeFiles/STM32H723ZGT6_CMake_2024_11_30.elf.dir/System/STM32H7xx_HAL_Driver/Src/stm32h7xx_hal_i2s_ex.c.obj
LOAD CMakeFiles/STM32H723ZGT6_CMake_2024_11_30.elf.dir/System/STM32H7xx_HAL_Driver/Src/stm32h7xx_hal_irda.c.obj
LOAD CMakeFiles/STM32H723ZGT6_CMake_2024_11_30.elf.dir/System/STM32H7xx_HAL_Driver/Src/stm32h7xx_hal_iwdg.c.obj
LOAD CMakeFiles/STM32H723ZGT6_CMake_2024_11_30.elf.dir/System/STM32H7xx_HAL_Driver/Src/stm32h7xx_hal_jpeg.c.obj
LOAD CMakeFiles/STM32H723ZGT6_CMake_2024_11_30.elf.dir/System/STM32H7xx_HAL_Driver/Src/stm32h7xx_hal_lptim.c.obj
LOAD CMakeFiles/STM32H723ZGT6_CMake_2024_11_30.elf.dir/System/STM32H7xx_HAL_Driver/Src/stm32h7xx_hal_ltdc.c.obj
LOAD CMakeFiles/STM32H723ZGT6_CMake_2024_11_30.elf.dir/System/STM32H7xx_HAL_Driver/Src/stm32h7xx_hal_ltdc_ex.c.obj
LOAD CMakeFiles/STM32H723ZGT6_CMake_2024_11_30.elf.dir/System/STM32H7xx_HAL_Driver/Src/stm32h7xx_hal_mdios.c.obj
LOAD CMakeFiles/STM32H723ZGT6_CMake_2024_11_30.elf.dir/System/STM32H7xx_HAL_Driver/Src/stm32h7xx_hal_mdma.c.obj
LOAD CMakeFiles/STM32H723ZGT6_CMake_2024_11_30.elf.dir/System/STM32H7xx_HAL_Driver/Src/stm32h7xx_hal_mmc.c.obj
LOAD CMakeFiles/STM32H723ZGT6_CMake_2024_11_30.elf.dir/System/STM32H7xx_HAL_Driver/Src/stm32h7xx_hal_mmc_ex.c.obj
LOAD CMakeFiles/STM32H723ZGT6_CMake_2024_11_30.elf.dir/System/STM32H7xx_HAL_Driver/Src/stm32h7xx_hal_nand.c.obj
LOAD CMakeFiles/STM32H723ZGT6_CMake_2024_11_30.elf.dir/System/STM32H7xx_HAL_Driver/Src/stm32h7xx_hal_nor.c.obj
LOAD CMakeFiles/STM32H723ZGT6_CMake_2024_11_30.elf.dir/System/STM32H7xx_HAL_Driver/Src/stm32h7xx_hal_opamp.c.obj
LOAD CMakeFiles/STM32H723ZGT6_CMake_2024_11_30.elf.dir/System/STM32H7xx_HAL_Driver/Src/stm32h7xx_hal_opamp_ex.c.obj
LOAD CMakeFiles/STM32H723ZGT6_CMake_2024_11_30.elf.dir/System/STM32H7xx_HAL_Driver/Src/stm32h7xx_hal_ospi.c.obj
LOAD CMakeFiles/STM32H723ZGT6_CMake_2024_11_30.elf.dir/System/STM32H7xx_HAL_Driver/Src/stm32h7xx_hal_otfdec.c.obj
LOAD CMakeFiles/STM32H723ZGT6_CMake_2024_11_30.elf.dir/System/STM32H7xx_HAL_Driver/Src/stm32h7xx_hal_pcd.c.obj
LOAD CMakeFiles/STM32H723ZGT6_CMake_2024_11_30.elf.dir/System/STM32H7xx_HAL_Driver/Src/stm32h7xx_hal_pcd_ex.c.obj
LOAD CMakeFiles/STM32H723ZGT6_CMake_2024_11_30.elf.dir/System/STM32H7xx_HAL_Driver/Src/stm32h7xx_hal_pssi.c.obj
LOAD CMakeFiles/STM32H723ZGT6_CMake_2024_11_30.elf.dir/System/STM32H7xx_HAL_Driver/Src/stm32h7xx_hal_pwr.c.obj
LOAD CMakeFiles/STM32H723ZGT6_CMake_2024_11_30.elf.dir/System/STM32H7xx_HAL_Driver/Src/stm32h7xx_hal_pwr_ex.c.obj
LOAD CMakeFiles/STM32H723ZGT6_CMake_2024_11_30.elf.dir/System/STM32H7xx_HAL_Driver/Src/stm32h7xx_hal_qspi.c.obj
LOAD CMakeFiles/STM32H723ZGT6_CMake_2024_11_30.elf.dir/System/STM32H7xx_HAL_Driver/Src/stm32h7xx_hal_ramecc.c.obj
LOAD CMakeFiles/STM32H723ZGT6_CMake_2024_11_30.elf.dir/System/STM32H7xx_HAL_Driver/Src/stm32h7xx_hal_rcc.c.obj
LOAD CMakeFiles/STM32H723ZGT6_CMake_2024_11_30.elf.dir/System/STM32H7xx_HAL_Driver/Src/stm32h7xx_hal_rcc_ex.c.obj
LOAD CMakeFiles/STM32H723ZGT6_CMake_2024_11_30.elf.dir/System/STM32H7xx_HAL_Driver/Src/stm32h7xx_hal_rng.c.obj
LOAD CMakeFiles/STM32H723ZGT6_CMake_2024_11_30.elf.dir/System/STM32H7xx_HAL_Driver/Src/stm32h7xx_hal_rng_ex.c.obj
LOAD CMakeFiles/STM32H723ZGT6_CMake_2024_11_30.elf.dir/System/STM32H7xx_HAL_Driver/Src/stm32h7xx_hal_rtc.c.obj
LOAD CMakeFiles/STM32H723ZGT6_CMake_2024_11_30.elf.dir/System/STM32H7xx_HAL_Driver/Src/stm32h7xx_hal_rtc_ex.c.obj
LOAD CMakeFiles/STM32H723ZGT6_CMake_2024_11_30.elf.dir/System/STM32H7xx_HAL_Driver/Src/stm32h7xx_hal_sai.c.obj
LOAD CMakeFiles/STM32H723ZGT6_CMake_2024_11_30.elf.dir/System/STM32H7xx_HAL_Driver/Src/stm32h7xx_hal_sai_ex.c.obj
LOAD CMakeFiles/STM32H723ZGT6_CMake_2024_11_30.elf.dir/System/STM32H7xx_HAL_Driver/Src/stm32h7xx_hal_sd.c.obj
LOAD CMakeFiles/STM32H723ZGT6_CMake_2024_11_30.elf.dir/System/STM32H7xx_HAL_Driver/Src/stm32h7xx_hal_sd_ex.c.obj
LOAD CMakeFiles/STM32H723ZGT6_CMake_2024_11_30.elf.dir/System/STM32H7xx_HAL_Driver/Src/stm32h7xx_hal_sdio.c.obj
LOAD CMakeFiles/STM32H723ZGT6_CMake_2024_11_30.elf.dir/System/STM32H7xx_HAL_Driver/Src/stm32h7xx_hal_sdram.c.obj
LOAD CMakeFiles/STM32H723ZGT6_CMake_2024_11_30.elf.dir/System/STM32H7xx_HAL_Driver/Src/stm32h7xx_hal_smartcard.c.obj
LOAD CMakeFiles/STM32H723ZGT6_CMake_2024_11_30.elf.dir/System/STM32H7xx_HAL_Driver/Src/stm32h7xx_hal_smartcard_ex.c.obj
LOAD CMakeFiles/STM32H723ZGT6_CMake_2024_11_30.elf.dir/System/STM32H7xx_HAL_Driver/Src/stm32h7xx_hal_smbus.c.obj
LOAD CMakeFiles/STM32H723ZGT6_CMake_2024_11_30.elf.dir/System/STM32H7xx_HAL_Driver/Src/stm32h7xx_hal_smbus_ex.c.obj
LOAD CMakeFiles/STM32H723ZGT6_CMake_2024_11_30.elf.dir/System/STM32H7xx_HAL_Driver/Src/stm32h7xx_hal_spdifrx.c.obj
LOAD CMakeFiles/STM32H723ZGT6_CMake_2024_11_30.elf.dir/System/STM32H7xx_HAL_Driver/Src/stm32h7xx_hal_spi.c.obj
LOAD CMakeFiles/STM32H723ZGT6_CMake_2024_11_30.elf.dir/System/STM32H7xx_HAL_Driver/Src/stm32h7xx_hal_spi_ex.c.obj
LOAD CMakeFiles/STM32H723ZGT6_CMake_2024_11_30.elf.dir/System/STM32H7xx_HAL_Driver/Src/stm32h7xx_hal_sram.c.obj
LOAD CMakeFiles/STM32H723ZGT6_CMake_2024_11_30.elf.dir/System/STM32H7xx_HAL_Driver/Src/stm32h7xx_hal_swpmi.c.obj
LOAD CMakeFiles/STM32H723ZGT6_CMake_2024_11_30.elf.dir/System/STM32H7xx_HAL_Driver/Src/stm32h7xx_hal_tim.c.obj
LOAD CMakeFiles/STM32H723ZGT6_CMake_2024_11_30.elf.dir/System/STM32H7xx_HAL_Driver/Src/stm32h7xx_hal_tim_ex.c.obj
LOAD CMakeFiles/STM32H723ZGT6_CMake_2024_11_30.elf.dir/System/STM32H7xx_HAL_Driver/Src/stm32h7xx_hal_uart.c.obj
LOAD CMakeFiles/STM32H723ZGT6_CMake_2024_11_30.elf.dir/System/STM32H7xx_HAL_Driver/Src/stm32h7xx_hal_uart_ex.c.obj
LOAD CMakeFiles/STM32H723ZGT6_CMake_2024_11_30.elf.dir/System/STM32H7xx_HAL_Driver/Src/stm32h7xx_hal_usart.c.obj
LOAD CMakeFiles/STM32H723ZGT6_CMake_2024_11_30.elf.dir/System/STM32H7xx_HAL_Driver/Src/stm32h7xx_hal_usart_ex.c.obj
LOAD CMakeFiles/STM32H723ZGT6_CMake_2024_11_30.elf.dir/System/STM32H7xx_HAL_Driver/Src/stm32h7xx_hal_wwdg.c.obj
LOAD CMakeFiles/STM32H723ZGT6_CMake_2024_11_30.elf.dir/System/STM32H7xx_HAL_Driver/Src/stm32h7xx_ll_adc.c.obj
LOAD CMakeFiles/STM32H723ZGT6_CMake_2024_11_30.elf.dir/System/STM32H7xx_HAL_Driver/Src/stm32h7xx_ll_bdma.c.obj
LOAD CMakeFiles/STM32H723ZGT6_CMake_2024_11_30.elf.dir/System/STM32H7xx_HAL_Driver/Src/stm32h7xx_ll_comp.c.obj
LOAD CMakeFiles/STM32H723ZGT6_CMake_2024_11_30.elf.dir/System/STM32H7xx_HAL_Driver/Src/stm32h7xx_ll_cordic.c.obj
LOAD CMakeFiles/STM32H723ZGT6_CMake_2024_11_30.elf.dir/System/STM32H7xx_HAL_Driver/Src/stm32h7xx_ll_crc.c.obj
LOAD CMakeFiles/STM32H723ZGT6_CMake_2024_11_30.elf.dir/System/STM32H7xx_HAL_Driver/Src/stm32h7xx_ll_crs.c.obj
LOAD CMakeFiles/STM32H723ZGT6_CMake_2024_11_30.elf.dir/System/STM32H7xx_HAL_Driver/Src/stm32h7xx_ll_dac.c.obj
LOAD CMakeFiles/STM32H723ZGT6_CMake_2024_11_30.elf.dir/System/STM32H7xx_HAL_Driver/Src/stm32h7xx_ll_delayblock.c.obj
LOAD CMakeFiles/STM32H723ZGT6_CMake_2024_11_30.elf.dir/System/STM32H7xx_HAL_Driver/Src/stm32h7xx_ll_dma.c.obj
LOAD CMakeFiles/STM32H723ZGT6_CMake_2024_11_30.elf.dir/System/STM32H7xx_HAL_Driver/Src/stm32h7xx_ll_dma2d.c.obj
LOAD CMakeFiles/STM32H723ZGT6_CMake_2024_11_30.elf.dir/System/STM32H7xx_HAL_Driver/Src/stm32h7xx_ll_exti.c.obj
LOAD CMakeFiles/STM32H723ZGT6_CMake_2024_11_30.elf.dir/System/STM32H7xx_HAL_Driver/Src/stm32h7xx_ll_fmac.c.obj
LOAD CMakeFiles/STM32H723ZGT6_CMake_2024_11_30.elf.dir/System/STM32H7xx_HAL_Driver/Src/stm32h7xx_ll_fmc.c.obj
LOAD CMakeFiles/STM32H723ZGT6_CMake_2024_11_30.elf.dir/System/STM32H7xx_HAL_Driver/Src/stm32h7xx_ll_gpio.c.obj
LOAD CMakeFiles/STM32H723ZGT6_CMake_2024_11_30.elf.dir/System/STM32H7xx_HAL_Driver/Src/stm32h7xx_ll_hrtim.c.obj
LOAD CMakeFiles/STM32H723ZGT6_CMake_2024_11_30.elf.dir/System/STM32H7xx_HAL_Driver/Src/stm32h7xx_ll_i2c.c.obj
LOAD CMakeFiles/STM32H723ZGT6_CMake_2024_11_30.elf.dir/System/STM32H7xx_HAL_Driver/Src/stm32h7xx_ll_lptim.c.obj
LOAD CMakeFiles/STM32H723ZGT6_CMake_2024_11_30.elf.dir/System/STM32H7xx_HAL_Driver/Src/stm32h7xx_ll_lpuart.c.obj
LOAD CMakeFiles/STM32H723ZGT6_CMake_2024_11_30.elf.dir/System/STM32H7xx_HAL_Driver/Src/stm32h7xx_ll_mdma.c.obj
LOAD CMakeFiles/STM32H723ZGT6_CMake_2024_11_30.elf.dir/System/STM32H7xx_HAL_Driver/Src/stm32h7xx_ll_opamp.c.obj
LOAD CMakeFiles/STM32H723ZGT6_CMake_2024_11_30.elf.dir/System/STM32H7xx_HAL_Driver/Src/stm32h7xx_ll_pwr.c.obj
LOAD CMakeFiles/STM32H723ZGT6_CMake_2024_11_30.elf.dir/System/STM32H7xx_HAL_Driver/Src/stm32h7xx_ll_rcc.c.obj
LOAD CMakeFiles/STM32H723ZGT6_CMake_2024_11_30.elf.dir/System/STM32H7xx_HAL_Driver/Src/stm32h7xx_ll_rng.c.obj
LOAD CMakeFiles/STM32H723ZGT6_CMake_2024_11_30.elf.dir/System/STM32H7xx_HAL_Driver/Src/stm32h7xx_ll_rtc.c.obj
LOAD CMakeFiles/STM32H723ZGT6_CMake_2024_11_30.elf.dir/System/STM32H7xx_HAL_Driver/Src/stm32h7xx_ll_sdmmc.c.obj
LOAD CMakeFiles/STM32H723ZGT6_CMake_2024_11_30.elf.dir/System/STM32H7xx_HAL_Driver/Src/stm32h7xx_ll_spi.c.obj
LOAD CMakeFiles/STM32H723ZGT6_CMake_2024_11_30.elf.dir/System/STM32H7xx_HAL_Driver/Src/stm32h7xx_ll_swpmi.c.obj
LOAD CMakeFiles/STM32H723ZGT6_CMake_2024_11_30.elf.dir/System/STM32H7xx_HAL_Driver/Src/stm32h7xx_ll_tim.c.obj
LOAD CMakeFiles/STM32H723ZGT6_CMake_2024_11_30.elf.dir/System/STM32H7xx_HAL_Driver/Src/stm32h7xx_ll_usart.c.obj
LOAD CMakeFiles/STM32H723ZGT6_CMake_2024_11_30.elf.dir/System/STM32H7xx_HAL_Driver/Src/stm32h7xx_ll_usb.c.obj
LOAD CMakeFiles/STM32H723ZGT6_CMake_2024_11_30.elf.dir/System/STM32H7xx_HAL_Driver/Src/stm32h7xx_ll_utils.c.obj
LOAD CMakeFiles/STM32H723ZGT6_CMake_2024_11_30.elf.dir/System/Startup/startup_stm32h723zgtx.s.obj
LOAD CMakeFiles/STM32H723ZGT6_CMake_2024_11_30.elf.dir/User/Src/main.c.obj
LOAD CMakeFiles/STM32H723ZGT6_CMake_2024_11_30.elf.dir/User/Src/stm32h7xx_it.c.obj
LOAD CMakeFiles/STM32H723ZGT6_CMake_2024_11_30.elf.dir/User/Src/system_stm32h7xx.c.obj
START GROUP
LOAD d:/toolpath/arm-no~1/base_f~1/102021~1.10/bin/../lib/gcc/arm-none-eabi/10.3.1/thumb/v7e-m+fp/hard\libgcc.a
LOAD d:/toolpath/arm-no~1/base_f~1/102021~1.10/bin/../lib/gcc/arm-none-eabi/10.3.1/../../../../arm-none-eabi/lib/thumb/v7e-m+fp/hard\libg_nano.a
LOAD d:/toolpath/arm-no~1/base_f~1/102021~1.10/bin/../lib/gcc/arm-none-eabi/10.3.1/../../../../arm-none-eabi/lib/thumb/v7e-m+fp/hard\libc_nano.a
END GROUP
START GROUP
LOAD d:/toolpath/arm-no~1/base_f~1/102021~1.10/bin/../lib/gcc/arm-none-eabi/10.3.1/thumb/v7e-m+fp/hard\libgcc.a
LOAD d:/toolpath/arm-no~1/base_f~1/102021~1.10/bin/../lib/gcc/arm-none-eabi/10.3.1/../../../../arm-none-eabi/lib/thumb/v7e-m+fp/hard\libc_nano.a
LOAD d:/toolpath/arm-no~1/base_f~1/102021~1.10/bin/../lib/gcc/arm-none-eabi/10.3.1/../../../../arm-none-eabi/lib/thumb/v7e-m+fp/hard\libnosys.a
END GROUP
START GROUP
LOAD d:/toolpath/arm-no~1/base_f~1/102021~1.10/bin/../lib/gcc/arm-none-eabi/10.3.1/thumb/v7e-m+fp/hard\libgcc.a
LOAD d:/toolpath/arm-no~1/base_f~1/102021~1.10/bin/../lib/gcc/arm-none-eabi/10.3.1/../../../../arm-none-eabi/lib/thumb/v7e-m+fp/hard\libc_nano.a
LOAD d:/toolpath/arm-no~1/base_f~1/102021~1.10/bin/../lib/gcc/arm-none-eabi/10.3.1/../../../../arm-none-eabi/lib/thumb/v7e-m+fp/hard\libnosys.a
END GROUP
LOAD d:/toolpath/arm-no~1/base_f~1/102021~1.10/bin/../lib/gcc/arm-none-eabi/10.3.1/thumb/v7e-m+fp/hard/crtend.o
LOAD d:/toolpath/arm-no~1/base_f~1/102021~1.10/bin/../lib/gcc/arm-none-eabi/10.3.1/thumb/v7e-m+fp/hard/crtn.o
                0x24050000                _estack = (ORIGIN (RAM_D1) + LENGTH (RAM_D1))
                0x00000200                _Min_Heap_Size = 0x200
                0x00000400                _Min_Stack_Size = 0x400

.isr_vector     0x08000000      0x2cc
                0x08000000                . = ALIGN (0x4)
 *(.isr_vector)
 .isr_vector    0x08000000      0x2cc CMakeFiles/STM32H723ZGT6_CMake_2024_11_30.elf.dir/System/Startup/startup_stm32h723zgtx.s.obj
                0x08000000                g_pfnVectors
                0x080002cc                . = ALIGN (0x4)

.text           0x080002d0    0x1024c
                0x080002d0                . = ALIGN (0x4)
 *(.text)
 .text          0x080002d0       0x40 d:/toolpath/arm-no~1/base_f~1/102021~1.10/bin/../lib/gcc/arm-none-eabi/10.3.1/thumb/v7e-m+fp/hard/crtbegin.o
 .text          0x08000310      0x378 d:/toolpath/arm-no~1/base_f~1/102021~1.10/bin/../lib/gcc/arm-none-eabi/10.3.1/thumb/v7e-m+fp/hard\libgcc.a(_arm_addsubdf3.o)
                0x08000310                __aeabi_drsub
                0x08000318                __aeabi_dsub
                0x08000318                __subdf3
                0x0800031c                __aeabi_dadd
                0x0800031c                __adddf3
                0x08000594                __floatunsidf
                0x08000594                __aeabi_ui2d
                0x080005b4                __floatsidf
                0x080005b4                __aeabi_i2d
                0x080005d8                __aeabi_f2d
                0x080005d8                __extendsfdf2
                0x0800061c                __floatundidf
                0x0800061c                __aeabi_ul2d
                0x0800062c                __floatdidf
                0x0800062c                __aeabi_l2d
 .text          0x08000688      0x424 d:/toolpath/arm-no~1/base_f~1/102021~1.10/bin/../lib/gcc/arm-none-eabi/10.3.1/thumb/v7e-m+fp/hard\libgcc.a(_arm_muldivdf3.o)
                0x08000688                __aeabi_dmul
                0x08000688                __muldf3
                0x080008dc                __divdf3
                0x080008dc                __aeabi_ddiv
 .text          0x08000aac      0x110 d:/toolpath/arm-no~1/base_f~1/102021~1.10/bin/../lib/gcc/arm-none-eabi/10.3.1/thumb/v7e-m+fp/hard\libgcc.a(_arm_cmpdf2.o)
                0x08000aac                __gtdf2
                0x08000aac                __gedf2
                0x08000ab4                __ltdf2
                0x08000ab4                __ledf2
                0x08000abc                __nedf2
                0x08000abc                __eqdf2
                0x08000abc                __cmpdf2
                0x08000b38                __aeabi_cdrcmple
                0x08000b48                __aeabi_cdcmpeq
                0x08000b48                __aeabi_cdcmple
                0x08000b58                __aeabi_dcmpeq
                0x08000b6c                __aeabi_dcmplt
                0x08000b80                __aeabi_dcmple
                0x08000b94                __aeabi_dcmpge
                0x08000ba8                __aeabi_dcmpgt
 .text          0x08000bbc       0x50 d:/toolpath/arm-no~1/base_f~1/102021~1.10/bin/../lib/gcc/arm-none-eabi/10.3.1/thumb/v7e-m+fp/hard\libgcc.a(_arm_fixdfsi.o)
                0x08000bbc                __aeabi_d2iz
                0x08000bbc                __fixdfsi
 .text          0x08000c0c       0x30 d:/toolpath/arm-no~1/base_f~1/102021~1.10/bin/../lib/gcc/arm-none-eabi/10.3.1/thumb/v7e-m+fp/hard\libgcc.a(_aeabi_uldivmod.o)
                0x08000c0c                __aeabi_uldivmod
 .text          0x08000c3c      0x2d0 d:/toolpath/arm-no~1/base_f~1/102021~1.10/bin/../lib/gcc/arm-none-eabi/10.3.1/thumb/v7e-m+fp/hard\libgcc.a(_udivmoddi4.o)
                0x08000c3c                __udivmoddi4
 .text          0x08000f0c        0x4 d:/toolpath/arm-no~1/base_f~1/102021~1.10/bin/../lib/gcc/arm-none-eabi/10.3.1/thumb/v7e-m+fp/hard\libgcc.a(_dvmd_tls.o)
                0x08000f0c                __aeabi_idiv0
                0x08000f0c                __aeabi_ldiv0
 .text          0x08000f10       0x10 d:/toolpath/arm-no~1/base_f~1/102021~1.10/bin/../lib/gcc/arm-none-eabi/10.3.1/../../../../arm-none-eabi/lib/thumb/v7e-m+fp/hard\libg_nano.a(lib_a-strlen.o)
                0x08000f10                strlen
 .text          0x08000f20       0xa0 d:/toolpath/arm-no~1/base_f~1/102021~1.10/bin/../lib/gcc/arm-none-eabi/10.3.1/../../../../arm-none-eabi/lib/thumb/v7e-m+fp/hard\libg_nano.a(lib_a-memchr.o)
                0x08000f20                memchr
 .text          0x08000fc0       0x2c d:/toolpath/arm-no~1/base_f~1/102021~1.10/bin/../lib/gcc/arm-none-eabi/10.3.1/thumb/v7e-m+fp/hard\libgcc.a(_arm_unorddf2.o)
                0x08000fc0                __unorddf2
                0x08000fc0                __aeabi_dcmpun
 *(.text*)
 .text.StartDefaultTask
                0x08000fec        0xa CMakeFiles/STM32H723ZGT6_CMake_2024_11_30.elf.dir/App/FreeRTOS/userFreeRTOS.c.obj
                0x08000fec                StartDefaultTask
 .text.Start_w25q64_RW
                0x08000ff6        0xc CMakeFiles/STM32H723ZGT6_CMake_2024_11_30.elf.dir/App/FreeRTOS/userFreeRTOS.c.obj
                0x08000ff6                Start_w25q64_RW
 *fill*         0x08001002        0x2 
 .text.Start_flash_led
                0x08001004       0x18 CMakeFiles/STM32H723ZGT6_CMake_2024_11_30.elf.dir/App/FreeRTOS/userFreeRTOS.c.obj
                0x08001004                Start_flash_led
 .text.Start_usart1_printf
                0x0800101c       0x1c CMakeFiles/STM32H723ZGT6_CMake_2024_11_30.elf.dir/App/FreeRTOS/userFreeRTOS.c.obj
                0x0800101c                Start_usart1_printf
 .text.Start_lcd_printf
                0x08001038       0xf0 CMakeFiles/STM32H723ZGT6_CMake_2024_11_30.elf.dir/App/FreeRTOS/userFreeRTOS.c.obj
                0x08001038                Start_lcd_printf
 .text.MX_FREERTOS_Init
                0x08001128       0xf8 CMakeFiles/STM32H723ZGT6_CMake_2024_11_30.elf.dir/App/FreeRTOS/userFreeRTOS.c.obj
                0x08001128                MX_FREERTOS_Init
 .text.getCoreData
                0x08001220        0x8 CMakeFiles/STM32H723ZGT6_CMake_2024_11_30.elf.dir/App/FreeRTOS/userFreeRTOS.c.obj
                0x08001220                getCoreData
 .text.User_Image
                0x08001228       0x88 CMakeFiles/STM32H723ZGT6_CMake_2024_11_30.elf.dir/App/LCD/lcdMode.c.obj
                0x08001228                User_Image
 .text.HAL_SPI_MspInit
                0x080012b0       0xd4 CMakeFiles/STM32H723ZGT6_CMake_2024_11_30.elf.dir/App/LCD/lcd_spi_154.c.obj
                0x080012b0                HAL_SPI_MspInit
 .text.MX_SPI6_Init
                0x08001384       0x54 CMakeFiles/STM32H723ZGT6_CMake_2024_11_30.elf.dir/App/LCD/lcd_spi_154.c.obj
                0x08001384                MX_SPI6_Init
 .text.LCD_WriteCommand
                0x080013d8       0x34 CMakeFiles/STM32H723ZGT6_CMake_2024_11_30.elf.dir/App/LCD/lcd_spi_154.c.obj
                0x080013d8                LCD_WriteCommand
 .text.LCD_WriteData_8bit
                0x0800140c       0x34 CMakeFiles/STM32H723ZGT6_CMake_2024_11_30.elf.dir/App/LCD/lcd_spi_154.c.obj
                0x0800140c                LCD_WriteData_8bit
 .text.LCD_WriteData_16bit
                0x08001440       0x38 CMakeFiles/STM32H723ZGT6_CMake_2024_11_30.elf.dir/App/LCD/lcd_spi_154.c.obj
                0x08001440                LCD_WriteData_16bit
 .text.LCD_WriteBuff
                0x08001478       0x40 CMakeFiles/STM32H723ZGT6_CMake_2024_11_30.elf.dir/App/LCD/lcd_spi_154.c.obj
                0x08001478                LCD_WriteBuff
 .text.LCD_SetAddress
                0x080014b8       0x54 CMakeFiles/STM32H723ZGT6_CMake_2024_11_30.elf.dir/App/LCD/lcd_spi_154.c.obj
                0x080014b8                LCD_SetAddress
 .text.LCD_SetColor
                0x0800150c       0x24 CMakeFiles/STM32H723ZGT6_CMake_2024_11_30.elf.dir/App/LCD/lcd_spi_154.c.obj
                0x0800150c                LCD_SetColor
 .text.LCD_SetBackColor
                0x08001530       0x24 CMakeFiles/STM32H723ZGT6_CMake_2024_11_30.elf.dir/App/LCD/lcd_spi_154.c.obj
                0x08001530                LCD_SetBackColor
 .text.LCD_SetDirection
                0x08001554       0x90 CMakeFiles/STM32H723ZGT6_CMake_2024_11_30.elf.dir/App/LCD/lcd_spi_154.c.obj
                0x08001554                LCD_SetDirection
 .text.LCD_SetAsciiFont
                0x080015e4        0xc CMakeFiles/STM32H723ZGT6_CMake_2024_11_30.elf.dir/App/LCD/lcd_spi_154.c.obj
                0x080015e4                LCD_SetAsciiFont
 .text.LCD_DisplayChar
                0x080015f0       0xb0 CMakeFiles/STM32H723ZGT6_CMake_2024_11_30.elf.dir/App/LCD/lcd_spi_154.c.obj
                0x080015f0                LCD_DisplayChar
 .text.LCD_DisplayChinese
                0x080016a0       0xdc CMakeFiles/STM32H723ZGT6_CMake_2024_11_30.elf.dir/App/LCD/lcd_spi_154.c.obj
                0x080016a0                LCD_DisplayChinese
 .text.LCD_DisplayText
                0x0800177c       0x4c CMakeFiles/STM32H723ZGT6_CMake_2024_11_30.elf.dir/App/LCD/lcd_spi_154.c.obj
                0x0800177c                LCD_DisplayText
 .text.LCD_ShowNumMode
                0x080017c8        0xc CMakeFiles/STM32H723ZGT6_CMake_2024_11_30.elf.dir/App/LCD/lcd_spi_154.c.obj
                0x080017c8                LCD_ShowNumMode
 .text.LCD_DrawLine_V
                0x080017d4       0x3c CMakeFiles/STM32H723ZGT6_CMake_2024_11_30.elf.dir/App/LCD/lcd_spi_154.c.obj
                0x080017d4                LCD_DrawLine_V
 .text.LCD_DrawLine_H
                0x08001810       0x40 CMakeFiles/STM32H723ZGT6_CMake_2024_11_30.elf.dir/App/LCD/lcd_spi_154.c.obj
                0x08001810                LCD_DrawLine_H
 .text.LCD_DrawRect
                0x08001850       0x3a CMakeFiles/STM32H723ZGT6_CMake_2024_11_30.elf.dir/App/LCD/lcd_spi_154.c.obj
                0x08001850                LCD_DrawRect
 .text.MY_SPI_WaitOnFlagUntilTimeout
                0x0800188a       0x48 CMakeFiles/STM32H723ZGT6_CMake_2024_11_30.elf.dir/App/LCD/lcd_spi_154.c.obj
                0x0800188a                MY_SPI_WaitOnFlagUntilTimeout
 *fill*         0x080018d2        0x2 
 .text.MY_SPI_CloseTransfer
                0x080018d4       0xd0 CMakeFiles/STM32H723ZGT6_CMake_2024_11_30.elf.dir/App/LCD/lcd_spi_154.c.obj
                0x080018d4                MY_SPI_CloseTransfer
 .text.LCD_SPI_Transmit
                0x080019a4      0x16c CMakeFiles/STM32H723ZGT6_CMake_2024_11_30.elf.dir/App/LCD/lcd_spi_154.c.obj
                0x080019a4                LCD_SPI_Transmit
 .text.LCD_Clear
                0x08001b10       0x58 CMakeFiles/STM32H723ZGT6_CMake_2024_11_30.elf.dir/App/LCD/lcd_spi_154.c.obj
                0x08001b10                LCD_Clear
 .text.SPI_LCD_Init
                0x08001b68      0x1b4 CMakeFiles/STM32H723ZGT6_CMake_2024_11_30.elf.dir/App/LCD/lcd_spi_154.c.obj
                0x08001b68                SPI_LCD_Init
 .text.LCD_SPI_TransmitBuffer
                0x08001d1c      0x130 CMakeFiles/STM32H723ZGT6_CMake_2024_11_30.elf.dir/App/LCD/lcd_spi_154.c.obj
                0x08001d1c                LCD_SPI_TransmitBuffer
 .text.LCD_CopyBuffer
                0x08001e4c       0x64 CMakeFiles/STM32H723ZGT6_CMake_2024_11_30.elf.dir/App/LCD/lcd_spi_154.c.obj
                0x08001e4c                LCD_CopyBuffer
 .text.LED_Init
                0x08001eb0       0x58 CMakeFiles/STM32H723ZGT6_CMake_2024_11_30.elf.dir/App/Led/led.c.obj
                0x08001eb0                LED_Init
 .text.FatFs_Check
                0x08001f08       0x74 CMakeFiles/STM32H723ZGT6_CMake_2024_11_30.elf.dir/App/W25Q64/fatFs.c.obj
                0x08001f08                FatFs_Check
 .text.FatFs_GetVolume
                0x08001f7c       0x54 CMakeFiles/STM32H723ZGT6_CMake_2024_11_30.elf.dir/App/W25Q64/fatFs.c.obj
                0x08001f7c                FatFs_GetVolume
 .text.FatFs_FileTest
                0x08001fd0      0x144 CMakeFiles/STM32H723ZGT6_CMake_2024_11_30.elf.dir/App/W25Q64/fatFs.c.obj
                0x08001fd0                FatFs_FileTest
 .text.HAL_OSPI_MspInit
                0x08002114       0xf0 CMakeFiles/STM32H723ZGT6_CMake_2024_11_30.elf.dir/App/W25Q64/ospi_w25q64.c.obj
                0x08002114                HAL_OSPI_MspInit
 .text.MX_OCTOSPI1_Init
                0x08002204       0x84 CMakeFiles/STM32H723ZGT6_CMake_2024_11_30.elf.dir/App/W25Q64/ospi_w25q64.c.obj
                0x08002204                MX_OCTOSPI1_Init
 .text.OSPI_W25Qxx_AutoPollingMemReady
                0x08002288       0x7c CMakeFiles/STM32H723ZGT6_CMake_2024_11_30.elf.dir/App/W25Q64/ospi_w25q64.c.obj
                0x08002288                OSPI_W25Qxx_AutoPollingMemReady
 .text.OSPI_W25Qxx_ReadID
                0x08002304       0x68 CMakeFiles/STM32H723ZGT6_CMake_2024_11_30.elf.dir/App/W25Q64/ospi_w25q64.c.obj
                0x08002304                OSPI_W25Qxx_ReadID
 .text.OSPI_W25Qxx_Init
                0x0800236c       0x34 CMakeFiles/STM32H723ZGT6_CMake_2024_11_30.elf.dir/App/W25Q64/ospi_w25q64.c.obj
                0x0800236c                OSPI_W25Qxx_Init
 .text.OSPI_W25Qxx_WriteEnable
                0x080023a0       0xb0 CMakeFiles/STM32H723ZGT6_CMake_2024_11_30.elf.dir/App/W25Q64/ospi_w25q64.c.obj
                0x080023a0                OSPI_W25Qxx_WriteEnable
 .text.OSPI_W25Qxx_SectorErase
                0x08002450       0x68 CMakeFiles/STM32H723ZGT6_CMake_2024_11_30.elf.dir/App/W25Q64/ospi_w25q64.c.obj
                0x08002450                OSPI_W25Qxx_SectorErase
 .text.OSPI_W25Qxx_WritePage
                0x080024b8       0x84 CMakeFiles/STM32H723ZGT6_CMake_2024_11_30.elf.dir/App/W25Q64/ospi_w25q64.c.obj
                0x080024b8                OSPI_W25Qxx_WritePage
 .text.OSPI_W25Qxx_WriteBuffer
                0x0800253c       0x44 CMakeFiles/STM32H723ZGT6_CMake_2024_11_30.elf.dir/App/W25Q64/ospi_w25q64.c.obj
                0x0800253c                OSPI_W25Qxx_WriteBuffer
 .text.OSPI_W25Qxx_ReadBuffer
                0x08002580       0x7c CMakeFiles/STM32H723ZGT6_CMake_2024_11_30.elf.dir/App/W25Q64/ospi_w25q64.c.obj
                0x08002580                OSPI_W25Qxx_ReadBuffer
 .text.Error_Handler
                0x080025fc        0x4 CMakeFiles/STM32H723ZGT6_CMake_2024_11_30.elf.dir/CMyLib/Define/define.c.obj
                0x080025fc                Error_Handler
 .text.SystemClock_Config
                0x08002600       0xac CMakeFiles/STM32H723ZGT6_CMake_2024_11_30.elf.dir/CMyLib/Define/define.c.obj
                0x08002600                SystemClock_Config
 .text.MX_DTS_Init
                0x080026ac       0x34 CMakeFiles/STM32H723ZGT6_CMake_2024_11_30.elf.dir/CMyLib/Dts/dts.c.obj
                0x080026ac                MX_DTS_Init
 .text.HAL_DTS_MspInit
                0x080026e0       0x30 CMakeFiles/STM32H723ZGT6_CMake_2024_11_30.elf.dir/CMyLib/Dts/dts.c.obj
                0x080026e0                HAL_DTS_MspInit
 .text.disk_status
                0x08002710       0x24 CMakeFiles/STM32H723ZGT6_CMake_2024_11_30.elf.dir/CMyLib/FatFs/diskio.c.obj
                0x08002710                disk_status
 .text.disk_initialize
                0x08002734       0x12 CMakeFiles/STM32H723ZGT6_CMake_2024_11_30.elf.dir/CMyLib/FatFs/diskio.c.obj
                0x08002734                disk_initialize
 .text.disk_read
                0x08002746       0x1c CMakeFiles/STM32H723ZGT6_CMake_2024_11_30.elf.dir/CMyLib/FatFs/diskio.c.obj
                0x08002746                disk_read
 .text.disk_write
                0x08002762       0x24 CMakeFiles/STM32H723ZGT6_CMake_2024_11_30.elf.dir/CMyLib/FatFs/diskio.c.obj
                0x08002762                disk_write
 .text.disk_ioctl
                0x08002786       0x36 CMakeFiles/STM32H723ZGT6_CMake_2024_11_30.elf.dir/CMyLib/FatFs/diskio.c.obj
                0x08002786                disk_ioctl
 .text.get_fattime
                0x080027bc        0x4 CMakeFiles/STM32H723ZGT6_CMake_2024_11_30.elf.dir/CMyLib/FatFs/diskio.c.obj
                0x080027bc                get_fattime
 .text.ld_word  0x080027c0        0xa CMakeFiles/STM32H723ZGT6_CMake_2024_11_30.elf.dir/CMyLib/FatFs/ff.c.obj
 .text.ld_dword
                0x080027ca       0x16 CMakeFiles/STM32H723ZGT6_CMake_2024_11_30.elf.dir/CMyLib/FatFs/ff.c.obj
 .text.st_word  0x080027e0        0x8 CMakeFiles/STM32H723ZGT6_CMake_2024_11_30.elf.dir/CMyLib/FatFs/ff.c.obj
 .text.st_dword
                0x080027e8       0x14 CMakeFiles/STM32H723ZGT6_CMake_2024_11_30.elf.dir/CMyLib/FatFs/ff.c.obj
 .text.mem_cpy  0x080027fc       0x14 CMakeFiles/STM32H723ZGT6_CMake_2024_11_30.elf.dir/CMyLib/FatFs/ff.c.obj
 .text.mem_set  0x08002810        0xa CMakeFiles/STM32H723ZGT6_CMake_2024_11_30.elf.dir/CMyLib/FatFs/ff.c.obj
 .text.mem_cmp  0x0800281a       0x1a CMakeFiles/STM32H723ZGT6_CMake_2024_11_30.elf.dir/CMyLib/FatFs/ff.c.obj
 .text.chk_chr  0x08002834       0x10 CMakeFiles/STM32H723ZGT6_CMake_2024_11_30.elf.dir/CMyLib/FatFs/ff.c.obj
 .text.dbc_1st  0x08002844        0x4 CMakeFiles/STM32H723ZGT6_CMake_2024_11_30.elf.dir/CMyLib/FatFs/ff.c.obj
 .text.dbc_2nd  0x08002848        0x4 CMakeFiles/STM32H723ZGT6_CMake_2024_11_30.elf.dir/CMyLib/FatFs/ff.c.obj
 .text.clst2sect
                0x0800284c       0x18 CMakeFiles/STM32H723ZGT6_CMake_2024_11_30.elf.dir/CMyLib/FatFs/ff.c.obj
 .text.ld_clust
                0x08002864       0x26 CMakeFiles/STM32H723ZGT6_CMake_2024_11_30.elf.dir/CMyLib/FatFs/ff.c.obj
 .text.st_clust
                0x0800288a       0x26 CMakeFiles/STM32H723ZGT6_CMake_2024_11_30.elf.dir/CMyLib/FatFs/ff.c.obj
 .text.put_lfn  0x080028b0       0x78 CMakeFiles/STM32H723ZGT6_CMake_2024_11_30.elf.dir/CMyLib/FatFs/ff.c.obj
 .text.gen_numname
                0x08002928       0xbc CMakeFiles/STM32H723ZGT6_CMake_2024_11_30.elf.dir/CMyLib/FatFs/ff.c.obj
 .text.sum_sfn  0x080029e4       0x20 CMakeFiles/STM32H723ZGT6_CMake_2024_11_30.elf.dir/CMyLib/FatFs/ff.c.obj
 .text.get_ldnumber
                0x08002a04       0x50 CMakeFiles/STM32H723ZGT6_CMake_2024_11_30.elf.dir/CMyLib/FatFs/ff.c.obj
 .text.validate
                0x08002a54       0x46 CMakeFiles/STM32H723ZGT6_CMake_2024_11_30.elf.dir/CMyLib/FatFs/ff.c.obj
 .text.sync_window
                0x08002a9a       0x48 CMakeFiles/STM32H723ZGT6_CMake_2024_11_30.elf.dir/CMyLib/FatFs/ff.c.obj
 .text.move_window
                0x08002ae2       0x36 CMakeFiles/STM32H723ZGT6_CMake_2024_11_30.elf.dir/CMyLib/FatFs/ff.c.obj
 .text.check_fs
                0x08002b18       0x74 CMakeFiles/STM32H723ZGT6_CMake_2024_11_30.elf.dir/CMyLib/FatFs/ff.c.obj
 .text.find_volume
                0x08002b8c      0x35c CMakeFiles/STM32H723ZGT6_CMake_2024_11_30.elf.dir/CMyLib/FatFs/ff.c.obj
 .text.put_fat  0x08002ee8      0x13e CMakeFiles/STM32H723ZGT6_CMake_2024_11_30.elf.dir/CMyLib/FatFs/ff.c.obj
 .text.get_fat  0x08003026       0xfc CMakeFiles/STM32H723ZGT6_CMake_2024_11_30.elf.dir/CMyLib/FatFs/ff.c.obj
 .text.dir_sdi  0x08003122       0xc0 CMakeFiles/STM32H723ZGT6_CMake_2024_11_30.elf.dir/CMyLib/FatFs/ff.c.obj
 .text.create_chain
                0x080031e2      0x118 CMakeFiles/STM32H723ZGT6_CMake_2024_11_30.elf.dir/CMyLib/FatFs/ff.c.obj
 .text.remove_chain
                0x080032fa       0x7e CMakeFiles/STM32H723ZGT6_CMake_2024_11_30.elf.dir/CMyLib/FatFs/ff.c.obj
 .text.dir_clear
                0x08003378       0x50 CMakeFiles/STM32H723ZGT6_CMake_2024_11_30.elf.dir/CMyLib/FatFs/ff.c.obj
 .text.dir_next
                0x080033c8       0xd6 CMakeFiles/STM32H723ZGT6_CMake_2024_11_30.elf.dir/CMyLib/FatFs/ff.c.obj
 .text.dir_alloc
                0x0800349e       0x4e CMakeFiles/STM32H723ZGT6_CMake_2024_11_30.elf.dir/CMyLib/FatFs/ff.c.obj
 .text.sync_fs  0x080034ec       0x88 CMakeFiles/STM32H723ZGT6_CMake_2024_11_30.elf.dir/CMyLib/FatFs/ff.c.obj
 .text.create_name
                0x08003574      0x29c CMakeFiles/STM32H723ZGT6_CMake_2024_11_30.elf.dir/CMyLib/FatFs/ff.c.obj
 .text.cmp_lfn  0x08003810       0xa0 CMakeFiles/STM32H723ZGT6_CMake_2024_11_30.elf.dir/CMyLib/FatFs/ff.c.obj
 .text.dir_find
                0x080038b0       0xe6 CMakeFiles/STM32H723ZGT6_CMake_2024_11_30.elf.dir/CMyLib/FatFs/ff.c.obj
 .text.follow_path
                0x08003996       0x92 CMakeFiles/STM32H723ZGT6_CMake_2024_11_30.elf.dir/CMyLib/FatFs/ff.c.obj
 .text.dir_register
                0x08003a28      0x140 CMakeFiles/STM32H723ZGT6_CMake_2024_11_30.elf.dir/CMyLib/FatFs/ff.c.obj
 .text.f_mount  0x08003b68       0x50 CMakeFiles/STM32H723ZGT6_CMake_2024_11_30.elf.dir/CMyLib/FatFs/ff.c.obj
                0x08003b68                f_mount
 .text.f_open   0x08003bb8      0x1fc CMakeFiles/STM32H723ZGT6_CMake_2024_11_30.elf.dir/CMyLib/FatFs/ff.c.obj
                0x08003bb8                f_open
 .text.f_read   0x08003db4      0x1cc CMakeFiles/STM32H723ZGT6_CMake_2024_11_30.elf.dir/CMyLib/FatFs/ff.c.obj
                0x08003db4                f_read
 .text.f_write  0x08003f80      0x212 CMakeFiles/STM32H723ZGT6_CMake_2024_11_30.elf.dir/CMyLib/FatFs/ff.c.obj
                0x08003f80                f_write
 .text.f_sync   0x08004192       0x98 CMakeFiles/STM32H723ZGT6_CMake_2024_11_30.elf.dir/CMyLib/FatFs/ff.c.obj
                0x08004192                f_sync
 .text.f_close  0x0800422a       0x20 CMakeFiles/STM32H723ZGT6_CMake_2024_11_30.elf.dir/CMyLib/FatFs/ff.c.obj
                0x0800422a                f_close
 .text.f_getfree
                0x0800424a       0xe8 CMakeFiles/STM32H723ZGT6_CMake_2024_11_30.elf.dir/CMyLib/FatFs/ff.c.obj
                0x0800424a                f_getfree
 *fill*         0x08004332        0x2 
 .text.f_mkfs   0x08004334      0x68c CMakeFiles/STM32H723ZGT6_CMake_2024_11_30.elf.dir/CMyLib/FatFs/ff.c.obj
                0x08004334                f_mkfs
 .text.ff_uni2oem
                0x080049c0       0x34 CMakeFiles/STM32H723ZGT6_CMake_2024_11_30.elf.dir/CMyLib/FatFs/ffunicode.c.obj
                0x080049c0                ff_uni2oem
 .text.ff_oem2uni
                0x080049f4       0x2c CMakeFiles/STM32H723ZGT6_CMake_2024_11_30.elf.dir/CMyLib/FatFs/ffunicode.c.obj
                0x080049f4                ff_oem2uni
 .text.ff_wtoupper
                0x08004a20       0x9c CMakeFiles/STM32H723ZGT6_CMake_2024_11_30.elf.dir/CMyLib/FatFs/ffunicode.c.obj
                0x08004a20                ff_wtoupper
 .text.HAL_InitTick
                0x08004abc       0xa4 CMakeFiles/STM32H723ZGT6_CMake_2024_11_30.elf.dir/CMyLib/Src/TimeBase/stm32h7xx_hal_timebase_tim.c.obj
                0x08004abc                HAL_InitTick
 .text.HAL_TIM_PeriodElapsedCallback
                0x08004b60        0x8 CMakeFiles/STM32H723ZGT6_CMake_2024_11_30.elf.dir/CMyLib/Src/TimeBase/stm32h7xx_hal_timebase_tim.c.obj
                0x08004b60                HAL_TIM_PeriodElapsedCallback
 .text.TIM6_DAC_IRQHandler
                0x08004b68       0x10 CMakeFiles/STM32H723ZGT6_CMake_2024_11_30.elf.dir/CMyLib/Src/TimeBase/stm32h7xx_hal_timebase_tim.c.obj
                0x08004b68                TIM6_DAC_IRQHandler
 .text.cJSON_strcasecmp
                0x08004b78       0x5c CMakeFiles/STM32H723ZGT6_CMake_2024_11_30.elf.dir/CMyLib/Src/cJSON.c.obj
 .text.pow2gt   0x08004bd4       0x1a CMakeFiles/STM32H723ZGT6_CMake_2024_11_30.elf.dir/CMyLib/Src/cJSON.c.obj
 .text.parse_hex4
                0x08004bee       0xd8 CMakeFiles/STM32H723ZGT6_CMake_2024_11_30.elf.dir/CMyLib/Src/cJSON.c.obj
 *fill*         0x08004cc6        0x2 
 .text.parse_string
                0x08004cc8      0x1d4 CMakeFiles/STM32H723ZGT6_CMake_2024_11_30.elf.dir/CMyLib/Src/cJSON.c.obj
 .text.skip     0x08004e9c       0x10 CMakeFiles/STM32H723ZGT6_CMake_2024_11_30.elf.dir/CMyLib/Src/cJSON.c.obj
 .text.suffix_object
                0x08004eac        0x6 CMakeFiles/STM32H723ZGT6_CMake_2024_11_30.elf.dir/CMyLib/Src/cJSON.c.obj
 *fill*         0x08004eb2        0x2 
 .text.cJSON_New_Item
                0x08004eb4       0x20 CMakeFiles/STM32H723ZGT6_CMake_2024_11_30.elf.dir/CMyLib/Src/cJSON.c.obj
 *fill*         0x08004ed4        0x4 
 .text.parse_number
                0x08004ed8      0x1c0 CMakeFiles/STM32H723ZGT6_CMake_2024_11_30.elf.dir/CMyLib/Src/cJSON.c.obj
 .text.parse_value
                0x08005098       0xa8 CMakeFiles/STM32H723ZGT6_CMake_2024_11_30.elf.dir/CMyLib/Src/cJSON.c.obj
 .text.parse_array
                0x08005140       0x98 CMakeFiles/STM32H723ZGT6_CMake_2024_11_30.elf.dir/CMyLib/Src/cJSON.c.obj
 .text.parse_object
                0x080051d8       0xf8 CMakeFiles/STM32H723ZGT6_CMake_2024_11_30.elf.dir/CMyLib/Src/cJSON.c.obj
 .text.ensure   0x080052d0       0x60 CMakeFiles/STM32H723ZGT6_CMake_2024_11_30.elf.dir/CMyLib/Src/cJSON.c.obj
 .text.cJSON_strdup
                0x08005330       0x28 CMakeFiles/STM32H723ZGT6_CMake_2024_11_30.elf.dir/CMyLib/Src/cJSON.c.obj
 .text.update   0x08005358       0x1e CMakeFiles/STM32H723ZGT6_CMake_2024_11_30.elf.dir/CMyLib/Src/cJSON.c.obj
 *fill*         0x08005376        0x2 
 .text.print_number
                0x08005378      0x188 CMakeFiles/STM32H723ZGT6_CMake_2024_11_30.elf.dir/CMyLib/Src/cJSON.c.obj
 .text.print_string_ptr
                0x08005500      0x1b0 CMakeFiles/STM32H723ZGT6_CMake_2024_11_30.elf.dir/CMyLib/Src/cJSON.c.obj
 .text.print_string
                0x080056b0        0xa CMakeFiles/STM32H723ZGT6_CMake_2024_11_30.elf.dir/CMyLib/Src/cJSON.c.obj
 *fill*         0x080056ba        0x2 
 .text.print_object
                0x080056bc      0x3d0 CMakeFiles/STM32H723ZGT6_CMake_2024_11_30.elf.dir/CMyLib/Src/cJSON.c.obj
 .text.print_value
                0x08005a8c      0x11c CMakeFiles/STM32H723ZGT6_CMake_2024_11_30.elf.dir/CMyLib/Src/cJSON.c.obj
 .text.print_array
                0x08005ba8      0x22c CMakeFiles/STM32H723ZGT6_CMake_2024_11_30.elf.dir/CMyLib/Src/cJSON.c.obj
 .text.cJSON_GetErrorPtr
                0x08005dd4        0xc CMakeFiles/STM32H723ZGT6_CMake_2024_11_30.elf.dir/CMyLib/Src/cJSON.c.obj
                0x08005dd4                cJSON_GetErrorPtr
 .text.cJSON_InitHooks
                0x08005de0       0x3c CMakeFiles/STM32H723ZGT6_CMake_2024_11_30.elf.dir/CMyLib/Src/cJSON.c.obj
                0x08005de0                cJSON_InitHooks
 .text.cJSON_Delete
                0x08005e1c       0x54 CMakeFiles/STM32H723ZGT6_CMake_2024_11_30.elf.dir/CMyLib/Src/cJSON.c.obj
                0x08005e1c                cJSON_Delete
 .text.cJSON_ParseWithOpts
                0x08005e70       0x58 CMakeFiles/STM32H723ZGT6_CMake_2024_11_30.elf.dir/CMyLib/Src/cJSON.c.obj
                0x08005e70                cJSON_ParseWithOpts
 .text.cJSON_Parse
                0x08005ec8        0xc CMakeFiles/STM32H723ZGT6_CMake_2024_11_30.elf.dir/CMyLib/Src/cJSON.c.obj
                0x08005ec8                cJSON_Parse
 .text.cJSON_Print
                0x08005ed4        0xe CMakeFiles/STM32H723ZGT6_CMake_2024_11_30.elf.dir/CMyLib/Src/cJSON.c.obj
                0x08005ed4                cJSON_Print
 .text.cJSON_GetObjectItem
                0x08005ee2       0x1c CMakeFiles/STM32H723ZGT6_CMake_2024_11_30.elf.dir/CMyLib/Src/cJSON.c.obj
                0x08005ee2                cJSON_GetObjectItem
 .text.cJSON_AddItemToArray
                0x08005efe       0x22 CMakeFiles/STM32H723ZGT6_CMake_2024_11_30.elf.dir/CMyLib/Src/cJSON.c.obj
                0x08005efe                cJSON_AddItemToArray
 .text.cJSON_AddItemToObject
                0x08005f20       0x2c CMakeFiles/STM32H723ZGT6_CMake_2024_11_30.elf.dir/CMyLib/Src/cJSON.c.obj
                0x08005f20                cJSON_AddItemToObject
 .text.cJSON_CreateNumber
                0x08005f4c       0x24 CMakeFiles/STM32H723ZGT6_CMake_2024_11_30.elf.dir/CMyLib/Src/cJSON.c.obj
                0x08005f4c                cJSON_CreateNumber
 .text.cJSON_CreateString
                0x08005f70       0x1c CMakeFiles/STM32H723ZGT6_CMake_2024_11_30.elf.dir/CMyLib/Src/cJSON.c.obj
                0x08005f70                cJSON_CreateString
 .text.cJSON_CreateObject
                0x08005f8c        0xe CMakeFiles/STM32H723ZGT6_CMake_2024_11_30.elf.dir/CMyLib/Src/cJSON.c.obj
                0x08005f8c                cJSON_CreateObject
 *fill*         0x08005f9a        0x2 
 .text.HAL_MspInit
                0x08005f9c       0x34 CMakeFiles/STM32H723ZGT6_CMake_2024_11_30.elf.dir/CMyLib/Src/stm32h7xx_hal_msp.c.obj
                0x08005f9c                HAL_MspInit
 .text._getpid  0x08005fd0        0x4 CMakeFiles/STM32H723ZGT6_CMake_2024_11_30.elf.dir/CMyLib/Src/syscalls.c.obj
                0x08005fd0                _getpid
 .text._kill    0x08005fd4       0x10 CMakeFiles/STM32H723ZGT6_CMake_2024_11_30.elf.dir/CMyLib/Src/syscalls.c.obj
                0x08005fd4                _kill
 .text._exit    0x08005fe4        0xc CMakeFiles/STM32H723ZGT6_CMake_2024_11_30.elf.dir/CMyLib/Src/syscalls.c.obj
                0x08005fe4                _exit
 .text._read    0x08005ff0       0x20 CMakeFiles/STM32H723ZGT6_CMake_2024_11_30.elf.dir/CMyLib/Src/syscalls.c.obj
                0x08005ff0                _read
 .text._write   0x08006010       0x1c CMakeFiles/STM32H723ZGT6_CMake_2024_11_30.elf.dir/CMyLib/Src/syscalls.c.obj
                0x08006010                _write
 .text._close   0x0800602c        0x6 CMakeFiles/STM32H723ZGT6_CMake_2024_11_30.elf.dir/CMyLib/Src/syscalls.c.obj
                0x0800602c                _close
 .text._fstat   0x08006032        0xa CMakeFiles/STM32H723ZGT6_CMake_2024_11_30.elf.dir/CMyLib/Src/syscalls.c.obj
                0x08006032                _fstat
 .text._isatty  0x0800603c        0x4 CMakeFiles/STM32H723ZGT6_CMake_2024_11_30.elf.dir/CMyLib/Src/syscalls.c.obj
                0x0800603c                _isatty
 .text._lseek   0x08006040        0x4 CMakeFiles/STM32H723ZGT6_CMake_2024_11_30.elf.dir/CMyLib/Src/syscalls.c.obj
                0x08006040                _lseek
 .text._sbrk    0x08006044       0x48 CMakeFiles/STM32H723ZGT6_CMake_2024_11_30.elf.dir/CMyLib/Src/sysmem.c.obj
                0x08006044                _sbrk
 .text.MX_USART1_UART_Init
                0x0800608c       0x68 CMakeFiles/STM32H723ZGT6_CMake_2024_11_30.elf.dir/CMyLib/Usart/usart.c.obj
                0x0800608c                MX_USART1_UART_Init
 .text.HAL_UART_MspInit
                0x080060f4       0x98 CMakeFiles/STM32H723ZGT6_CMake_2024_11_30.elf.dir/CMyLib/Usart/usart.c.obj
                0x080060f4                HAL_UART_MspInit
 .text.__io_putchar
                0x0800618c       0x20 CMakeFiles/STM32H723ZGT6_CMake_2024_11_30.elf.dir/CMyLib/Usart/usart.c.obj
                0x0800618c                __io_putchar
 .text.CJSON_Test
                0x080061ac       0x88 CMakeFiles/STM32H723ZGT6_CMake_2024_11_30.elf.dir/CMyLib/cMyLib.c.obj
                0x080061ac                CJSON_Test
 .text.SysTick_Handler
                0x08006234       0x18 CMakeFiles/STM32H723ZGT6_CMake_2024_11_30.elf.dir/System/FreeRTOS/CMSIS_RTOS_V2/cmsis_os2.c.obj
                0x08006234                SysTick_Handler
 .text.osKernelInitialize
                0x0800624c       0x24 CMakeFiles/STM32H723ZGT6_CMake_2024_11_30.elf.dir/System/FreeRTOS/CMSIS_RTOS_V2/cmsis_os2.c.obj
                0x0800624c                osKernelInitialize
 .text.osKernelStart
                0x08006270       0x38 CMakeFiles/STM32H723ZGT6_CMake_2024_11_30.elf.dir/System/FreeRTOS/CMSIS_RTOS_V2/cmsis_os2.c.obj
                0x08006270                osKernelStart
 .text.osThreadNew
                0x080062a8       0xbe CMakeFiles/STM32H723ZGT6_CMake_2024_11_30.elf.dir/System/FreeRTOS/CMSIS_RTOS_V2/cmsis_os2.c.obj
                0x080062a8                osThreadNew
 .text.osDelay  0x08006366       0x1c CMakeFiles/STM32H723ZGT6_CMake_2024_11_30.elf.dir/System/FreeRTOS/CMSIS_RTOS_V2/cmsis_os2.c.obj
                0x08006366                osDelay
 *fill*         0x08006382        0x2 
 .text.vApplicationGetIdleTaskMemory
                0x08006384       0x18 CMakeFiles/STM32H723ZGT6_CMake_2024_11_30.elf.dir/System/FreeRTOS/CMSIS_RTOS_V2/cmsis_os2.c.obj
                0x08006384                vApplicationGetIdleTaskMemory
 .text.vApplicationGetTimerTaskMemory
                0x0800639c       0x18 CMakeFiles/STM32H723ZGT6_CMake_2024_11_30.elf.dir/System/FreeRTOS/CMSIS_RTOS_V2/cmsis_os2.c.obj
                0x0800639c                vApplicationGetTimerTaskMemory
 .text.vListInitialise
                0x080063b4       0x16 CMakeFiles/STM32H723ZGT6_CMake_2024_11_30.elf.dir/System/FreeRTOS/list.c.obj
                0x080063b4                vListInitialise
 .text.vListInitialiseItem
                0x080063ca        0x6 CMakeFiles/STM32H723ZGT6_CMake_2024_11_30.elf.dir/System/FreeRTOS/list.c.obj
                0x080063ca                vListInitialiseItem
 .text.vListInsertEnd
                0x080063d0       0x16 CMakeFiles/STM32H723ZGT6_CMake_2024_11_30.elf.dir/System/FreeRTOS/list.c.obj
                0x080063d0                vListInsertEnd
 .text.vListInsert
                0x080063e6       0x32 CMakeFiles/STM32H723ZGT6_CMake_2024_11_30.elf.dir/System/FreeRTOS/list.c.obj
                0x080063e6                vListInsert
 .text.uxListRemove
                0x08006418       0x26 CMakeFiles/STM32H723ZGT6_CMake_2024_11_30.elf.dir/System/FreeRTOS/list.c.obj
                0x08006418                uxListRemove
 *fill*         0x0800643e        0x2 
 .text.prvTaskExitError
                0x08006440       0x40 CMakeFiles/STM32H723ZGT6_CMake_2024_11_30.elf.dir/System/FreeRTOS/portable/GCC/ARM_CM4F/port.c.obj
 .text.prvPortStartFirstTask
                0x08006480       0x28 CMakeFiles/STM32H723ZGT6_CMake_2024_11_30.elf.dir/System/FreeRTOS/portable/GCC/ARM_CM4F/port.c.obj
 .text.vPortEnableVFP
                0x080064a8       0x14 CMakeFiles/STM32H723ZGT6_CMake_2024_11_30.elf.dir/System/FreeRTOS/portable/GCC/ARM_CM4F/port.c.obj
 .text.pxPortInitialiseStack
                0x080064bc       0x2c CMakeFiles/STM32H723ZGT6_CMake_2024_11_30.elf.dir/System/FreeRTOS/portable/GCC/ARM_CM4F/port.c.obj
                0x080064bc                pxPortInitialiseStack
 *fill*         0x080064e8        0x8 
 .text.SVC_Handler
                0x080064f0       0x24 CMakeFiles/STM32H723ZGT6_CMake_2024_11_30.elf.dir/System/FreeRTOS/portable/GCC/ARM_CM4F/port.c.obj
                0x080064f0                SVC_Handler
 .text.vPortEnterCritical
                0x08006514       0x44 CMakeFiles/STM32H723ZGT6_CMake_2024_11_30.elf.dir/System/FreeRTOS/portable/GCC/ARM_CM4F/port.c.obj
                0x08006514                vPortEnterCritical
 .text.vPortExitCritical
                0x08006558       0x2c CMakeFiles/STM32H723ZGT6_CMake_2024_11_30.elf.dir/System/FreeRTOS/portable/GCC/ARM_CM4F/port.c.obj
                0x08006558                vPortExitCritical
 *fill*         0x08006584        0xc 
 .text.PendSV_Handler
                0x08006590       0x64 CMakeFiles/STM32H723ZGT6_CMake_2024_11_30.elf.dir/System/FreeRTOS/portable/GCC/ARM_CM4F/port.c.obj
                0x08006590                PendSV_Handler
 .text.xPortSysTickHandler
                0x080065f4       0x2c CMakeFiles/STM32H723ZGT6_CMake_2024_11_30.elf.dir/System/FreeRTOS/portable/GCC/ARM_CM4F/port.c.obj
                0x080065f4                xPortSysTickHandler
 .text.vPortSetupTimerInterrupt
                0x08006620       0x28 CMakeFiles/STM32H723ZGT6_CMake_2024_11_30.elf.dir/System/FreeRTOS/portable/GCC/ARM_CM4F/port.c.obj
                0x08006620                vPortSetupTimerInterrupt
 .text.xPortStartScheduler
                0x08006648      0x118 CMakeFiles/STM32H723ZGT6_CMake_2024_11_30.elf.dir/System/FreeRTOS/portable/GCC/ARM_CM4F/port.c.obj
                0x08006648                xPortStartScheduler
 .text.vPortValidateInterruptPriority
                0x08006760       0x5c CMakeFiles/STM32H723ZGT6_CMake_2024_11_30.elf.dir/System/FreeRTOS/portable/GCC/ARM_CM4F/port.c.obj
                0x08006760                vPortValidateInterruptPriority
 .text.prvHeapInit
                0x080067bc       0x64 CMakeFiles/STM32H723ZGT6_CMake_2024_11_30.elf.dir/System/FreeRTOS/portable/MemMang/heap_4.c.obj
 .text.prvInsertBlockIntoFreeList
                0x08006820       0x64 CMakeFiles/STM32H723ZGT6_CMake_2024_11_30.elf.dir/System/FreeRTOS/portable/MemMang/heap_4.c.obj
 .text.pvPortMalloc
                0x08006884       0xfc CMakeFiles/STM32H723ZGT6_CMake_2024_11_30.elf.dir/System/FreeRTOS/portable/MemMang/heap_4.c.obj
                0x08006884                pvPortMalloc
 .text.vPortFree
                0x08006980       0x7c CMakeFiles/STM32H723ZGT6_CMake_2024_11_30.elf.dir/System/FreeRTOS/portable/MemMang/heap_4.c.obj
                0x08006980                vPortFree
 .text.prvIsQueueFull
                0x080069fc       0x1e CMakeFiles/STM32H723ZGT6_CMake_2024_11_30.elf.dir/System/FreeRTOS/queue.c.obj
 .text.prvIsQueueEmpty
                0x08006a1a       0x1a CMakeFiles/STM32H723ZGT6_CMake_2024_11_30.elf.dir/System/FreeRTOS/queue.c.obj
 .text.prvCopyDataToQueue
                0x08006a34       0x76 CMakeFiles/STM32H723ZGT6_CMake_2024_11_30.elf.dir/System/FreeRTOS/queue.c.obj
 .text.prvCopyDataFromQueue
                0x08006aaa       0x24 CMakeFiles/STM32H723ZGT6_CMake_2024_11_30.elf.dir/System/FreeRTOS/queue.c.obj
 .text.prvUnlockQueue
                0x08006ace       0x6e CMakeFiles/STM32H723ZGT6_CMake_2024_11_30.elf.dir/System/FreeRTOS/queue.c.obj
 .text.xQueueGenericReset
                0x08006b3c       0x84 CMakeFiles/STM32H723ZGT6_CMake_2024_11_30.elf.dir/System/FreeRTOS/queue.c.obj
                0x08006b3c                xQueueGenericReset
 .text.prvInitialiseNewQueue
                0x08006bc0       0x22 CMakeFiles/STM32H723ZGT6_CMake_2024_11_30.elf.dir/System/FreeRTOS/queue.c.obj
 .text.xQueueGenericCreateStatic
                0x08006be2       0xa6 CMakeFiles/STM32H723ZGT6_CMake_2024_11_30.elf.dir/System/FreeRTOS/queue.c.obj
                0x08006be2                xQueueGenericCreateStatic
 .text.xQueueGenericSend
                0x08006c88      0x188 CMakeFiles/STM32H723ZGT6_CMake_2024_11_30.elf.dir/System/FreeRTOS/queue.c.obj
                0x08006c88                xQueueGenericSend
 .text.xQueueGenericSendFromISR
                0x08006e10       0xce CMakeFiles/STM32H723ZGT6_CMake_2024_11_30.elf.dir/System/FreeRTOS/queue.c.obj
                0x08006e10                xQueueGenericSendFromISR
 .text.xQueueReceive
                0x08006ede      0x15e CMakeFiles/STM32H723ZGT6_CMake_2024_11_30.elf.dir/System/FreeRTOS/queue.c.obj
                0x08006ede                xQueueReceive
 .text.vQueueAddToRegistry
                0x0800703c       0x28 CMakeFiles/STM32H723ZGT6_CMake_2024_11_30.elf.dir/System/FreeRTOS/queue.c.obj
                0x0800703c                vQueueAddToRegistry
 .text.vQueueWaitForMessageRestricted
                0x08007064       0x52 CMakeFiles/STM32H723ZGT6_CMake_2024_11_30.elf.dir/System/FreeRTOS/queue.c.obj
                0x08007064                vQueueWaitForMessageRestricted
 *fill*         0x080070b6        0x2 
 .text.prvResetNextTaskUnblockTime
                0x080070b8       0x2c CMakeFiles/STM32H723ZGT6_CMake_2024_11_30.elf.dir/System/FreeRTOS/tasks.c.obj
 .text.prvInitialiseNewTask
                0x080070e4      0x106 CMakeFiles/STM32H723ZGT6_CMake_2024_11_30.elf.dir/System/FreeRTOS/tasks.c.obj
 *fill*         0x080071ea        0x2 
 .text.prvInitialiseTaskLists
                0x080071ec       0x68 CMakeFiles/STM32H723ZGT6_CMake_2024_11_30.elf.dir/System/FreeRTOS/tasks.c.obj
 .text.prvAddNewTaskToReadyList
                0x08007254       0xac CMakeFiles/STM32H723ZGT6_CMake_2024_11_30.elf.dir/System/FreeRTOS/tasks.c.obj
 .text.prvDeleteTCB
                0x08007300       0x40 CMakeFiles/STM32H723ZGT6_CMake_2024_11_30.elf.dir/System/FreeRTOS/tasks.c.obj
 .text.prvCheckTasksWaitingTermination
                0x08007340       0x4c CMakeFiles/STM32H723ZGT6_CMake_2024_11_30.elf.dir/System/FreeRTOS/tasks.c.obj
 .text.prvIdleTask
                0x0800738c       0x28 CMakeFiles/STM32H723ZGT6_CMake_2024_11_30.elf.dir/System/FreeRTOS/tasks.c.obj
 .text.prvAddCurrentTaskToDelayedList
                0x080073b4       0x84 CMakeFiles/STM32H723ZGT6_CMake_2024_11_30.elf.dir/System/FreeRTOS/tasks.c.obj
 .text.xTaskCreateStatic
                0x08007438       0x7a CMakeFiles/STM32H723ZGT6_CMake_2024_11_30.elf.dir/System/FreeRTOS/tasks.c.obj
                0x08007438                xTaskCreateStatic
 .text.xTaskCreate
                0x080074b2       0x6a CMakeFiles/STM32H723ZGT6_CMake_2024_11_30.elf.dir/System/FreeRTOS/tasks.c.obj
                0x080074b2                xTaskCreate
 .text.vTaskStartScheduler
                0x0800751c       0xac CMakeFiles/STM32H723ZGT6_CMake_2024_11_30.elf.dir/System/FreeRTOS/tasks.c.obj
                0x0800751c                vTaskStartScheduler
 .text.vTaskSuspendAll
                0x080075c8       0x10 CMakeFiles/STM32H723ZGT6_CMake_2024_11_30.elf.dir/System/FreeRTOS/tasks.c.obj
                0x080075c8                vTaskSuspendAll
 .text.xTaskGetTickCount
                0x080075d8        0xc CMakeFiles/STM32H723ZGT6_CMake_2024_11_30.elf.dir/System/FreeRTOS/tasks.c.obj
                0x080075d8                xTaskGetTickCount
 .text.xTaskIncrementTick
                0x080075e4      0x118 CMakeFiles/STM32H723ZGT6_CMake_2024_11_30.elf.dir/System/FreeRTOS/tasks.c.obj
                0x080075e4                xTaskIncrementTick
 .text.xTaskResumeAll
                0x080076fc       0xf8 CMakeFiles/STM32H723ZGT6_CMake_2024_11_30.elf.dir/System/FreeRTOS/tasks.c.obj
                0x080076fc                xTaskResumeAll
 .text.vTaskDelay
                0x080077f4       0x4c CMakeFiles/STM32H723ZGT6_CMake_2024_11_30.elf.dir/System/FreeRTOS/tasks.c.obj
                0x080077f4                vTaskDelay
 .text.vTaskSwitchContext
                0x08007840       0xa0 CMakeFiles/STM32H723ZGT6_CMake_2024_11_30.elf.dir/System/FreeRTOS/tasks.c.obj
                0x08007840                vTaskSwitchContext
 .text.vTaskPlaceOnEventList
                0x080078e0       0x30 CMakeFiles/STM32H723ZGT6_CMake_2024_11_30.elf.dir/System/FreeRTOS/tasks.c.obj
                0x080078e0                vTaskPlaceOnEventList
 .text.vTaskPlaceOnEventListRestricted
                0x08007910       0x38 CMakeFiles/STM32H723ZGT6_CMake_2024_11_30.elf.dir/System/FreeRTOS/tasks.c.obj
                0x08007910                vTaskPlaceOnEventListRestricted
 .text.xTaskRemoveFromEventList
                0x08007948       0x8c CMakeFiles/STM32H723ZGT6_CMake_2024_11_30.elf.dir/System/FreeRTOS/tasks.c.obj
                0x08007948                xTaskRemoveFromEventList
 .text.vTaskInternalSetTimeOutState
                0x080079d4       0x18 CMakeFiles/STM32H723ZGT6_CMake_2024_11_30.elf.dir/System/FreeRTOS/tasks.c.obj
                0x080079d4                vTaskInternalSetTimeOutState
 .text.xTaskCheckForTimeOut
                0x080079ec       0x84 CMakeFiles/STM32H723ZGT6_CMake_2024_11_30.elf.dir/System/FreeRTOS/tasks.c.obj
                0x080079ec                xTaskCheckForTimeOut
 .text.vTaskMissedYield
                0x08007a70        0xc CMakeFiles/STM32H723ZGT6_CMake_2024_11_30.elf.dir/System/FreeRTOS/tasks.c.obj
                0x08007a70                vTaskMissedYield
 .text.xTaskGetSchedulerState
                0x08007a7c       0x20 CMakeFiles/STM32H723ZGT6_CMake_2024_11_30.elf.dir/System/FreeRTOS/tasks.c.obj
                0x08007a7c                xTaskGetSchedulerState
 .text.xTaskPriorityDisinherit
                0x08007a9c       0x90 CMakeFiles/STM32H723ZGT6_CMake_2024_11_30.elf.dir/System/FreeRTOS/tasks.c.obj
                0x08007a9c                xTaskPriorityDisinherit
 .text.prvGetNextExpireTime
                0x08007b2c       0x20 CMakeFiles/STM32H723ZGT6_CMake_2024_11_30.elf.dir/System/FreeRTOS/timers.c.obj
 .text.prvInsertTimerInActiveList
                0x08007b4c       0x50 CMakeFiles/STM32H723ZGT6_CMake_2024_11_30.elf.dir/System/FreeRTOS/timers.c.obj
 .text.prvCheckForValidListAndQueue
                0x08007b9c       0x70 CMakeFiles/STM32H723ZGT6_CMake_2024_11_30.elf.dir/System/FreeRTOS/timers.c.obj
 .text.xTimerCreateTimerTask
                0x08007c0c       0x64 CMakeFiles/STM32H723ZGT6_CMake_2024_11_30.elf.dir/System/FreeRTOS/timers.c.obj
                0x08007c0c                xTimerCreateTimerTask
 .text.xTimerGenericCommand
                0x08007c70       0x6c CMakeFiles/STM32H723ZGT6_CMake_2024_11_30.elf.dir/System/FreeRTOS/timers.c.obj
                0x08007c70                xTimerGenericCommand
 .text.prvSwitchTimerLists
                0x08007cdc       0x7c CMakeFiles/STM32H723ZGT6_CMake_2024_11_30.elf.dir/System/FreeRTOS/timers.c.obj
 .text.prvSampleTimeNow
                0x08007d58       0x2c CMakeFiles/STM32H723ZGT6_CMake_2024_11_30.elf.dir/System/FreeRTOS/timers.c.obj
 .text.prvProcessExpiredTimer
                0x08007d84       0x6c CMakeFiles/STM32H723ZGT6_CMake_2024_11_30.elf.dir/System/FreeRTOS/timers.c.obj
 .text.prvProcessTimerOrBlockTask
                0x08007df0       0x78 CMakeFiles/STM32H723ZGT6_CMake_2024_11_30.elf.dir/System/FreeRTOS/timers.c.obj
 .text.prvProcessReceivedCommands
                0x08007e68      0x10c CMakeFiles/STM32H723ZGT6_CMake_2024_11_30.elf.dir/System/FreeRTOS/timers.c.obj
 .text.prvTimerTask
                0x08007f74       0x16 CMakeFiles/STM32H723ZGT6_CMake_2024_11_30.elf.dir/System/FreeRTOS/timers.c.obj
 *fill*         0x08007f8a        0x2 
 .text.HAL_Init
                0x08007f8c       0x5c CMakeFiles/STM32H723ZGT6_CMake_2024_11_30.elf.dir/System/STM32H7xx_HAL_Driver/Src/stm32h7xx_hal.c.obj
                0x08007f8c                HAL_Init
 .text.HAL_IncTick
                0x08007fe8       0x18 CMakeFiles/STM32H723ZGT6_CMake_2024_11_30.elf.dir/System/STM32H7xx_HAL_Driver/Src/stm32h7xx_hal.c.obj
                0x08007fe8                HAL_IncTick
 .text.HAL_GetTick
                0x08008000        0xc CMakeFiles/STM32H723ZGT6_CMake_2024_11_30.elf.dir/System/STM32H7xx_HAL_Driver/Src/stm32h7xx_hal.c.obj
                0x08008000                HAL_GetTick
 .text.HAL_Delay
                0x0800800c       0x28 CMakeFiles/STM32H723ZGT6_CMake_2024_11_30.elf.dir/System/STM32H7xx_HAL_Driver/Src/stm32h7xx_hal.c.obj
                0x0800800c                HAL_Delay
 .text.HAL_NVIC_SetPriorityGrouping
                0x08008034       0x24 CMakeFiles/STM32H723ZGT6_CMake_2024_11_30.elf.dir/System/STM32H7xx_HAL_Driver/Src/stm32h7xx_hal_cortex.c.obj
                0x08008034                HAL_NVIC_SetPriorityGrouping
 .text.HAL_NVIC_SetPriority
                0x08008058       0x6c CMakeFiles/STM32H723ZGT6_CMake_2024_11_30.elf.dir/System/STM32H7xx_HAL_Driver/Src/stm32h7xx_hal_cortex.c.obj
                0x08008058                HAL_NVIC_SetPriority
 .text.HAL_NVIC_EnableIRQ
                0x080080c4       0x1c CMakeFiles/STM32H723ZGT6_CMake_2024_11_30.elf.dir/System/STM32H7xx_HAL_Driver/Src/stm32h7xx_hal_cortex.c.obj
                0x080080c4                HAL_NVIC_EnableIRQ
 .text.HAL_DTS_Init
                0x080080e0       0xd0 CMakeFiles/STM32H723ZGT6_CMake_2024_11_30.elf.dir/System/STM32H7xx_HAL_Driver/Src/stm32h7xx_hal_dts.c.obj
                0x080080e0                HAL_DTS_Init
 .text.HAL_DTS_Start
                0x080081b0       0x68 CMakeFiles/STM32H723ZGT6_CMake_2024_11_30.elf.dir/System/STM32H7xx_HAL_Driver/Src/stm32h7xx_hal_dts.c.obj
                0x080081b0                HAL_DTS_Start
 .text.HAL_DTS_GetTemperature
                0x08008218       0x96 CMakeFiles/STM32H723ZGT6_CMake_2024_11_30.elf.dir/System/STM32H7xx_HAL_Driver/Src/stm32h7xx_hal_dts.c.obj
                0x08008218                HAL_DTS_GetTemperature
 *fill*         0x080082ae        0x2 
 .text.HAL_GPIO_Init
                0x080082b0      0x214 CMakeFiles/STM32H723ZGT6_CMake_2024_11_30.elf.dir/System/STM32H7xx_HAL_Driver/Src/stm32h7xx_hal_gpio.c.obj
                0x080082b0                HAL_GPIO_Init
 .text.HAL_GPIO_WritePin
                0x080084c4        0xc CMakeFiles/STM32H723ZGT6_CMake_2024_11_30.elf.dir/System/STM32H7xx_HAL_Driver/Src/stm32h7xx_hal_gpio.c.obj
                0x080084c4                HAL_GPIO_WritePin
 .text.HAL_GPIO_TogglePin
                0x080084d0       0x12 CMakeFiles/STM32H723ZGT6_CMake_2024_11_30.elf.dir/System/STM32H7xx_HAL_Driver/Src/stm32h7xx_hal_gpio.c.obj
                0x080084d0                HAL_GPIO_TogglePin
 *fill*         0x080084e2        0x2 
 .text.OSPI_ConfigCmd
                0x080084e4      0x1c4 CMakeFiles/STM32H723ZGT6_CMake_2024_11_30.elf.dir/System/STM32H7xx_HAL_Driver/Src/stm32h7xx_hal_ospi.c.obj
 .text.OSPIM_GetConfig
                0x080086a8       0xec CMakeFiles/STM32H723ZGT6_CMake_2024_11_30.elf.dir/System/STM32H7xx_HAL_Driver/Src/stm32h7xx_hal_ospi.c.obj
 .text.OSPI_WaitFlagStateUntilTimeout
                0x08008794       0x54 CMakeFiles/STM32H723ZGT6_CMake_2024_11_30.elf.dir/System/STM32H7xx_HAL_Driver/Src/stm32h7xx_hal_ospi.c.obj
 .text.HAL_OSPI_MspDeInit
                0x080087e8        0x2 CMakeFiles/STM32H723ZGT6_CMake_2024_11_30.elf.dir/System/STM32H7xx_HAL_Driver/Src/stm32h7xx_hal_ospi.c.obj
                0x080087e8                HAL_OSPI_MspDeInit
 .text.HAL_OSPI_DeInit
                0x080087ea       0x28 CMakeFiles/STM32H723ZGT6_CMake_2024_11_30.elf.dir/System/STM32H7xx_HAL_Driver/Src/stm32h7xx_hal_ospi.c.obj
                0x080087ea                HAL_OSPI_DeInit
 .text.HAL_OSPI_Command
                0x08008812       0xc2 CMakeFiles/STM32H723ZGT6_CMake_2024_11_30.elf.dir/System/STM32H7xx_HAL_Driver/Src/stm32h7xx_hal_ospi.c.obj
                0x08008812                HAL_OSPI_Command
 .text.HAL_OSPI_Transmit
                0x080088d4       0x9a CMakeFiles/STM32H723ZGT6_CMake_2024_11_30.elf.dir/System/STM32H7xx_HAL_Driver/Src/stm32h7xx_hal_ospi.c.obj
                0x080088d4                HAL_OSPI_Transmit
 .text.HAL_OSPI_Receive
                0x0800896e       0xc6 CMakeFiles/STM32H723ZGT6_CMake_2024_11_30.elf.dir/System/STM32H7xx_HAL_Driver/Src/stm32h7xx_hal_ospi.c.obj
                0x0800896e                HAL_OSPI_Receive
 .text.HAL_OSPI_AutoPolling
                0x08008a34       0xb8 CMakeFiles/STM32H723ZGT6_CMake_2024_11_30.elf.dir/System/STM32H7xx_HAL_Driver/Src/stm32h7xx_hal_ospi.c.obj
                0x08008a34                HAL_OSPI_AutoPolling
 .text.HAL_OSPI_SetTimeout
                0x08008aec        0x6 CMakeFiles/STM32H723ZGT6_CMake_2024_11_30.elf.dir/System/STM32H7xx_HAL_Driver/Src/stm32h7xx_hal_ospi.c.obj
                0x08008aec                HAL_OSPI_SetTimeout
 *fill*         0x08008af2        0x2 
 .text.HAL_OSPI_Init
                0x08008af4      0x108 CMakeFiles/STM32H723ZGT6_CMake_2024_11_30.elf.dir/System/STM32H7xx_HAL_Driver/Src/stm32h7xx_hal_ospi.c.obj
                0x08008af4                HAL_OSPI_Init
 .text.HAL_OSPIM_Config
                0x08008bfc      0x514 CMakeFiles/STM32H723ZGT6_CMake_2024_11_30.elf.dir/System/STM32H7xx_HAL_Driver/Src/stm32h7xx_hal_ospi.c.obj
                0x08008bfc                HAL_OSPIM_Config
 .text.HAL_PWREx_ConfigSupply
                0x08009110       0x54 CMakeFiles/STM32H723ZGT6_CMake_2024_11_30.elf.dir/System/STM32H7xx_HAL_Driver/Src/stm32h7xx_hal_pwr_ex.c.obj
                0x08009110                HAL_PWREx_ConfigSupply
 .text.HAL_RCC_OscConfig
                0x08009164      0x5ec CMakeFiles/STM32H723ZGT6_CMake_2024_11_30.elf.dir/System/STM32H7xx_HAL_Driver/Src/stm32h7xx_hal_rcc.c.obj
                0x08009164                HAL_RCC_OscConfig
 .text.HAL_RCC_GetSysClockFreq
                0x08009750      0x1f4 CMakeFiles/STM32H723ZGT6_CMake_2024_11_30.elf.dir/System/STM32H7xx_HAL_Driver/Src/stm32h7xx_hal_rcc.c.obj
                0x08009750                HAL_RCC_GetSysClockFreq
 .text.HAL_RCC_ClockConfig
                0x08009944      0x294 CMakeFiles/STM32H723ZGT6_CMake_2024_11_30.elf.dir/System/STM32H7xx_HAL_Driver/Src/stm32h7xx_hal_rcc.c.obj
                0x08009944                HAL_RCC_ClockConfig
 .text.HAL_RCC_GetHCLKFreq
                0x08009bd8       0x44 CMakeFiles/STM32H723ZGT6_CMake_2024_11_30.elf.dir/System/STM32H7xx_HAL_Driver/Src/stm32h7xx_hal_rcc.c.obj
                0x08009bd8                HAL_RCC_GetHCLKFreq
 .text.HAL_RCC_GetPCLK1Freq
                0x08009c1c       0x24 CMakeFiles/STM32H723ZGT6_CMake_2024_11_30.elf.dir/System/STM32H7xx_HAL_Driver/Src/stm32h7xx_hal_rcc.c.obj
                0x08009c1c                HAL_RCC_GetPCLK1Freq
 .text.HAL_RCC_GetPCLK2Freq
                0x08009c40       0x24 CMakeFiles/STM32H723ZGT6_CMake_2024_11_30.elf.dir/System/STM32H7xx_HAL_Driver/Src/stm32h7xx_hal_rcc.c.obj
                0x08009c40                HAL_RCC_GetPCLK2Freq
 .text.HAL_RCC_GetClockConfig
                0x08009c64       0x54 CMakeFiles/STM32H723ZGT6_CMake_2024_11_30.elf.dir/System/STM32H7xx_HAL_Driver/Src/stm32h7xx_hal_rcc.c.obj
                0x08009c64                HAL_RCC_GetClockConfig
 .text.RCCEx_PLL2_Config
                0x08009cb8      0x10c CMakeFiles/STM32H723ZGT6_CMake_2024_11_30.elf.dir/System/STM32H7xx_HAL_Driver/Src/stm32h7xx_hal_rcc_ex.c.obj
 .text.RCCEx_PLL3_Config
                0x08009dc4      0x10c CMakeFiles/STM32H723ZGT6_CMake_2024_11_30.elf.dir/System/STM32H7xx_HAL_Driver/Src/stm32h7xx_hal_rcc_ex.c.obj
 .text.HAL_RCCEx_PeriphCLKConfig
                0x08009ed0      0xa0c CMakeFiles/STM32H723ZGT6_CMake_2024_11_30.elf.dir/System/STM32H7xx_HAL_Driver/Src/stm32h7xx_hal_rcc_ex.c.obj
                0x08009ed0                HAL_RCCEx_PeriphCLKConfig
 .text.HAL_RCCEx_GetD3PCLK1Freq
                0x0800a8dc       0x24 CMakeFiles/STM32H723ZGT6_CMake_2024_11_30.elf.dir/System/STM32H7xx_HAL_Driver/Src/stm32h7xx_hal_rcc_ex.c.obj
                0x0800a8dc                HAL_RCCEx_GetD3PCLK1Freq
 .text.HAL_RCCEx_GetPLL2ClockFreq
                0x0800a900      0x1f8 CMakeFiles/STM32H723ZGT6_CMake_2024_11_30.elf.dir/System/STM32H7xx_HAL_Driver/Src/stm32h7xx_hal_rcc_ex.c.obj
                0x0800a900                HAL_RCCEx_GetPLL2ClockFreq
 .text.HAL_RCCEx_GetPLL3ClockFreq
                0x0800aaf8      0x1f8 CMakeFiles/STM32H723ZGT6_CMake_2024_11_30.elf.dir/System/STM32H7xx_HAL_Driver/Src/stm32h7xx_hal_rcc_ex.c.obj
                0x0800aaf8                HAL_RCCEx_GetPLL3ClockFreq
 .text.SPI_CloseTransfer
                0x0800acf0       0xd0 CMakeFiles/STM32H723ZGT6_CMake_2024_11_30.elf.dir/System/STM32H7xx_HAL_Driver/Src/stm32h7xx_hal_spi.c.obj
 .text.SPI_GetPacketSize
                0x0800adc0       0x10 CMakeFiles/STM32H723ZGT6_CMake_2024_11_30.elf.dir/System/STM32H7xx_HAL_Driver/Src/stm32h7xx_hal_spi.c.obj
 .text.SPI_WaitOnFlagUntilTimeout
                0x0800add0       0x46 CMakeFiles/STM32H723ZGT6_CMake_2024_11_30.elf.dir/System/STM32H7xx_HAL_Driver/Src/stm32h7xx_hal_spi.c.obj
 *fill*         0x0800ae16        0x2 
 .text.HAL_SPI_Init
                0x0800ae18      0x190 CMakeFiles/STM32H723ZGT6_CMake_2024_11_30.elf.dir/System/STM32H7xx_HAL_Driver/Src/stm32h7xx_hal_spi.c.obj
                0x0800ae18                HAL_SPI_Init
 .text.HAL_SPI_Transmit
                0x0800afa8      0x2c4 CMakeFiles/STM32H723ZGT6_CMake_2024_11_30.elf.dir/System/STM32H7xx_HAL_Driver/Src/stm32h7xx_hal_spi.c.obj
                0x0800afa8                HAL_SPI_Transmit
 .text.HAL_TIM_Base_MspInit
                0x0800b26c        0x2 CMakeFiles/STM32H723ZGT6_CMake_2024_11_30.elf.dir/System/STM32H7xx_HAL_Driver/Src/stm32h7xx_hal_tim.c.obj
                0x0800b26c                HAL_TIM_Base_MspInit
 *fill*         0x0800b26e        0x2 
 .text.HAL_TIM_Base_Start_IT
                0x0800b270       0xa0 CMakeFiles/STM32H723ZGT6_CMake_2024_11_30.elf.dir/System/STM32H7xx_HAL_Driver/Src/stm32h7xx_hal_tim.c.obj
                0x0800b270                HAL_TIM_Base_Start_IT
 .text.HAL_TIM_OC_DelayElapsedCallback
                0x0800b310        0x2 CMakeFiles/STM32H723ZGT6_CMake_2024_11_30.elf.dir/System/STM32H7xx_HAL_Driver/Src/stm32h7xx_hal_tim.c.obj
                0x0800b310                HAL_TIM_OC_DelayElapsedCallback
 .text.HAL_TIM_IC_CaptureCallback
                0x0800b312        0x2 CMakeFiles/STM32H723ZGT6_CMake_2024_11_30.elf.dir/System/STM32H7xx_HAL_Driver/Src/stm32h7xx_hal_tim.c.obj
                0x0800b312                HAL_TIM_IC_CaptureCallback
 .text.HAL_TIM_PWM_PulseFinishedCallback
                0x0800b314        0x2 CMakeFiles/STM32H723ZGT6_CMake_2024_11_30.elf.dir/System/STM32H7xx_HAL_Driver/Src/stm32h7xx_hal_tim.c.obj
                0x0800b314                HAL_TIM_PWM_PulseFinishedCallback
 .text.HAL_TIM_TriggerCallback
                0x0800b316        0x2 CMakeFiles/STM32H723ZGT6_CMake_2024_11_30.elf.dir/System/STM32H7xx_HAL_Driver/Src/stm32h7xx_hal_tim.c.obj
                0x0800b316                HAL_TIM_TriggerCallback
 .text.HAL_TIM_IRQHandler
                0x0800b318      0x17a CMakeFiles/STM32H723ZGT6_CMake_2024_11_30.elf.dir/System/STM32H7xx_HAL_Driver/Src/stm32h7xx_hal_tim.c.obj
                0x0800b318                HAL_TIM_IRQHandler
 *fill*         0x0800b492        0x2 
 .text.TIM_Base_SetConfig
                0x0800b494      0x120 CMakeFiles/STM32H723ZGT6_CMake_2024_11_30.elf.dir/System/STM32H7xx_HAL_Driver/Src/stm32h7xx_hal_tim.c.obj
                0x0800b494                TIM_Base_SetConfig
 .text.HAL_TIM_Base_Init
                0x0800b5b4       0x60 CMakeFiles/STM32H723ZGT6_CMake_2024_11_30.elf.dir/System/STM32H7xx_HAL_Driver/Src/stm32h7xx_hal_tim.c.obj
                0x0800b5b4                HAL_TIM_Base_Init
 .text.HAL_TIMEx_CommutCallback
                0x0800b614        0x2 CMakeFiles/STM32H723ZGT6_CMake_2024_11_30.elf.dir/System/STM32H7xx_HAL_Driver/Src/stm32h7xx_hal_tim_ex.c.obj
                0x0800b614                HAL_TIMEx_CommutCallback
 .text.HAL_TIMEx_BreakCallback
                0x0800b616        0x2 CMakeFiles/STM32H723ZGT6_CMake_2024_11_30.elf.dir/System/STM32H7xx_HAL_Driver/Src/stm32h7xx_hal_tim_ex.c.obj
                0x0800b616                HAL_TIMEx_BreakCallback
 .text.HAL_TIMEx_Break2Callback
                0x0800b618        0x2 CMakeFiles/STM32H723ZGT6_CMake_2024_11_30.elf.dir/System/STM32H7xx_HAL_Driver/Src/stm32h7xx_hal_tim_ex.c.obj
                0x0800b618                HAL_TIMEx_Break2Callback
 *fill*         0x0800b61a        0x2 
 .text.UART_EndRxTransfer
                0x0800b61c       0x58 CMakeFiles/STM32H723ZGT6_CMake_2024_11_30.elf.dir/System/STM32H7xx_HAL_Driver/Src/stm32h7xx_hal_uart.c.obj
 .text.UART_SetConfig
                0x0800b674      0x6bc CMakeFiles/STM32H723ZGT6_CMake_2024_11_30.elf.dir/System/STM32H7xx_HAL_Driver/Src/stm32h7xx_hal_uart.c.obj
                0x0800b674                UART_SetConfig
 .text.UART_AdvFeatureConfig
                0x0800bd30       0xca CMakeFiles/STM32H723ZGT6_CMake_2024_11_30.elf.dir/System/STM32H7xx_HAL_Driver/Src/stm32h7xx_hal_uart.c.obj
                0x0800bd30                UART_AdvFeatureConfig
 .text.UART_WaitOnFlagUntilTimeout
                0x0800bdfa       0xaa CMakeFiles/STM32H723ZGT6_CMake_2024_11_30.elf.dir/System/STM32H7xx_HAL_Driver/Src/stm32h7xx_hal_uart.c.obj
                0x0800bdfa                UART_WaitOnFlagUntilTimeout
 .text.HAL_UART_Transmit
                0x0800bea4       0xd0 CMakeFiles/STM32H723ZGT6_CMake_2024_11_30.elf.dir/System/STM32H7xx_HAL_Driver/Src/stm32h7xx_hal_uart.c.obj
                0x0800bea4                HAL_UART_Transmit
 .text.UART_CheckIdleState
                0x0800bf74       0xca CMakeFiles/STM32H723ZGT6_CMake_2024_11_30.elf.dir/System/STM32H7xx_HAL_Driver/Src/stm32h7xx_hal_uart.c.obj
                0x0800bf74                UART_CheckIdleState
 .text.HAL_UART_Init
                0x0800c03e       0x66 CMakeFiles/STM32H723ZGT6_CMake_2024_11_30.elf.dir/System/STM32H7xx_HAL_Driver/Src/stm32h7xx_hal_uart.c.obj
                0x0800c03e                HAL_UART_Init
 .text.UARTEx_SetNbDataToProcess
                0x0800c0a4       0x4c CMakeFiles/STM32H723ZGT6_CMake_2024_11_30.elf.dir/System/STM32H7xx_HAL_Driver/Src/stm32h7xx_hal_uart_ex.c.obj
 .text.HAL_UARTEx_DisableFifoMode
                0x0800c0f0       0x3e CMakeFiles/STM32H723ZGT6_CMake_2024_11_30.elf.dir/System/STM32H7xx_HAL_Driver/Src/stm32h7xx_hal_uart_ex.c.obj
                0x0800c0f0                HAL_UARTEx_DisableFifoMode
 .text.HAL_UARTEx_SetTxFifoThreshold
                0x0800c12e       0x4a CMakeFiles/STM32H723ZGT6_CMake_2024_11_30.elf.dir/System/STM32H7xx_HAL_Driver/Src/stm32h7xx_hal_uart_ex.c.obj
                0x0800c12e                HAL_UARTEx_SetTxFifoThreshold
 .text.HAL_UARTEx_SetRxFifoThreshold
                0x0800c178       0x4a CMakeFiles/STM32H723ZGT6_CMake_2024_11_30.elf.dir/System/STM32H7xx_HAL_Driver/Src/stm32h7xx_hal_uart_ex.c.obj
                0x0800c178                HAL_UARTEx_SetRxFifoThreshold
 *fill*         0x0800c1c2        0x2 
 .text.Reset_Handler
                0x0800c1c4       0x50 CMakeFiles/STM32H723ZGT6_CMake_2024_11_30.elf.dir/System/Startup/startup_stm32h723zgtx.s.obj
                0x0800c1c4                Reset_Handler
 .text.Default_Handler
                0x0800c214        0x2 CMakeFiles/STM32H723ZGT6_CMake_2024_11_30.elf.dir/System/Startup/startup_stm32h723zgtx.s.obj
                0x0800c214                RTC_Alarm_IRQHandler
                0x0800c214                EXTI2_IRQHandler
                0x0800c214                TIM8_CC_IRQHandler
                0x0800c214                UART8_IRQHandler
                0x0800c214                SPI4_IRQHandler
                0x0800c214                FDCAN3_IT0_IRQHandler
                0x0800c214                TIM1_CC_IRQHandler
                0x0800c214                BDMA_Channel6_IRQHandler
                0x0800c214                DMA2_Stream5_IRQHandler
                0x0800c214                DMA1_Stream5_IRQHandler
                0x0800c214                CORDIC_IRQHandler
                0x0800c214                BDMA_Channel1_IRQHandler
                0x0800c214                TAMP_STAMP_IRQHandler
                0x0800c214                EXTI3_IRQHandler
                0x0800c214                LPTIM4_IRQHandler
                0x0800c214                TIM8_TRG_COM_TIM14_IRQHandler
                0x0800c214                LPTIM2_IRQHandler
                0x0800c214                DFSDM1_FLT1_IRQHandler
                0x0800c214                DMAMUX2_OVR_IRQHandler
                0x0800c214                TIM8_UP_TIM13_IRQHandler
                0x0800c214                I2C3_ER_IRQHandler
                0x0800c214                DFSDM1_FLT2_IRQHandler
                0x0800c214                I2C5_EV_IRQHandler
                0x0800c214                USART10_IRQHandler
                0x0800c214                MDMA_IRQHandler
                0x0800c214                LPTIM3_IRQHandler
                0x0800c214                HSEM1_IRQHandler
                0x0800c214                EXTI0_IRQHandler
                0x0800c214                I2C2_EV_IRQHandler
                0x0800c214                DMA1_Stream2_IRQHandler
                0x0800c214                FPU_IRQHandler
                0x0800c214                OTG_HS_WKUP_IRQHandler
                0x0800c214                FDCAN1_IT1_IRQHandler
                0x0800c214                LTDC_ER_IRQHandler
                0x0800c214                DMA2_Stream2_IRQHandler
                0x0800c214                SPI1_IRQHandler
                0x0800c214                OCTOSPI1_IRQHandler
                0x0800c214                DMA2_Stream3_IRQHandler
                0x0800c214                OCTOSPI2_IRQHandler
                0x0800c214                DFSDM1_FLT3_IRQHandler
                0x0800c214                TIM23_IRQHandler
                0x0800c214                USART6_IRQHandler
                0x0800c214                TIM17_IRQHandler
                0x0800c214                USART3_IRQHandler
                0x0800c214                BDMA_Channel7_IRQHandler
                0x0800c214                LPTIM5_IRQHandler
                0x0800c214                UART5_IRQHandler
                0x0800c214                ADC3_IRQHandler
                0x0800c214                DMA2_Stream0_IRQHandler
                0x0800c214                TIM4_IRQHandler
                0x0800c214                BDMA_Channel2_IRQHandler
                0x0800c214                I2C1_EV_IRQHandler
                0x0800c214                DMA1_Stream6_IRQHandler
                0x0800c214                DMAMUX1_OVR_IRQHandler
                0x0800c214                DMA1_Stream1_IRQHandler
                0x0800c214                TIM16_IRQHandler
                0x0800c214                UART4_IRQHandler
                0x0800c214                BDMA_Channel5_IRQHandler
                0x0800c214                TIM3_IRQHandler
                0x0800c214                RCC_IRQHandler
                0x0800c214                UART9_IRQHandler
                0x0800c214                TIM8_BRK_TIM12_IRQHandler
                0x0800c214                TIM1_TRG_COM_IRQHandler
                0x0800c214                Default_Handler
                0x0800c214                ECC_IRQHandler
                0x0800c214                FMAC_IRQHandler
                0x0800c214                CEC_IRQHandler
                0x0800c214                EXTI15_10_IRQHandler
                0x0800c214                BDMA_Channel0_IRQHandler
                0x0800c214                ADC_IRQHandler
                0x0800c214                I2C5_ER_IRQHandler
                0x0800c214                DMA1_Stream7_IRQHandler
                0x0800c214                SPI5_IRQHandler
                0x0800c214                TIM7_IRQHandler
                0x0800c214                FDCAN3_IT1_IRQHandler
                0x0800c214                SDMMC1_IRQHandler
                0x0800c214                TIM5_IRQHandler
                0x0800c214                DMA2_Stream7_IRQHandler
                0x0800c214                TIM15_IRQHandler
                0x0800c214                PVD_AVD_IRQHandler
                0x0800c214                I2C3_EV_IRQHandler
                0x0800c214                EXTI9_5_IRQHandler
                0x0800c214                RTC_WKUP_IRQHandler
                0x0800c214                LTDC_IRQHandler
                0x0800c214                ETH_WKUP_IRQHandler
                0x0800c214                SPDIF_RX_IRQHandler
                0x0800c214                SPI2_IRQHandler
                0x0800c214                OTG_HS_EP1_IN_IRQHandler
                0x0800c214                DMA1_Stream0_IRQHandler
                0x0800c214                TIM24_IRQHandler
                0x0800c214                CRS_IRQHandler
                0x0800c214                EXTI4_IRQHandler
                0x0800c214                RNG_IRQHandler
                0x0800c214                FDCAN2_IT1_IRQHandler
                0x0800c214                ETH_IRQHandler
                0x0800c214                TIM1_UP_IRQHandler
                0x0800c214                BDMA_Channel4_IRQHandler
                0x0800c214                OTG_HS_EP1_OUT_IRQHandler
                0x0800c214                WWDG_IRQHandler
                0x0800c214                SPI6_IRQHandler
                0x0800c214                MDIOS_IRQHandler
                0x0800c214                I2C4_EV_IRQHandler
                0x0800c214                FDCAN2_IT0_IRQHandler
                0x0800c214                LPUART1_IRQHandler
                0x0800c214                FDCAN1_IT0_IRQHandler
                0x0800c214                TIM2_IRQHandler
                0x0800c214                OTG_HS_IRQHandler
                0x0800c214                DMA2D_IRQHandler
                0x0800c214                TIM1_BRK_IRQHandler
                0x0800c214                EXTI1_IRQHandler
                0x0800c214                SDMMC2_IRQHandler
                0x0800c214                BDMA_Channel3_IRQHandler
                0x0800c214                DTS_IRQHandler
                0x0800c214                UART7_IRQHandler
                0x0800c214                MDIOS_WKUP_IRQHandler
                0x0800c214                USART2_IRQHandler
                0x0800c214                DFSDM1_FLT0_IRQHandler
                0x0800c214                SAI4_IRQHandler
                0x0800c214                I2C2_ER_IRQHandler
                0x0800c214                DMA2_Stream1_IRQHandler
                0x0800c214                FLASH_IRQHandler
                0x0800c214                DMA2_Stream4_IRQHandler
                0x0800c214                USART1_IRQHandler
                0x0800c214                SPI3_IRQHandler
                0x0800c214                WAKEUP_PIN_IRQHandler
                0x0800c214                DMA1_Stream4_IRQHandler
                0x0800c214                I2C1_ER_IRQHandler
                0x0800c214                FMC_IRQHandler
                0x0800c214                FDCAN_CAL_IRQHandler
                0x0800c214                SWPMI1_IRQHandler
                0x0800c214                COMP1_IRQHandler
                0x0800c214                LPTIM1_IRQHandler
                0x0800c214                DCMI_PSSI_IRQHandler
                0x0800c214                I2C4_ER_IRQHandler
                0x0800c214                DMA2_Stream6_IRQHandler
                0x0800c214                SAI1_IRQHandler
                0x0800c214                DMA1_Stream3_IRQHandler
 *fill*         0x0800c216        0x2 
 .text.main     0x0800c218       0xec CMakeFiles/STM32H723ZGT6_CMake_2024_11_30.elf.dir/User/Src/main.c.obj
                0x0800c218                main
 .text.NMI_Handler
                0x0800c304        0x2 CMakeFiles/STM32H723ZGT6_CMake_2024_11_30.elf.dir/User/Src/stm32h7xx_it.c.obj
                0x0800c304                NMI_Handler
 .text.HardFault_Handler
                0x0800c306        0x2 CMakeFiles/STM32H723ZGT6_CMake_2024_11_30.elf.dir/User/Src/stm32h7xx_it.c.obj
                0x0800c306                HardFault_Handler
 .text.MemManage_Handler
                0x0800c308        0x2 CMakeFiles/STM32H723ZGT6_CMake_2024_11_30.elf.dir/User/Src/stm32h7xx_it.c.obj
                0x0800c308                MemManage_Handler
 .text.BusFault_Handler
                0x0800c30a        0x2 CMakeFiles/STM32H723ZGT6_CMake_2024_11_30.elf.dir/User/Src/stm32h7xx_it.c.obj
                0x0800c30a                BusFault_Handler
 .text.UsageFault_Handler
                0x0800c30c        0x2 CMakeFiles/STM32H723ZGT6_CMake_2024_11_30.elf.dir/User/Src/stm32h7xx_it.c.obj
                0x0800c30c                UsageFault_Handler
 .text.DebugMon_Handler
                0x0800c30e        0x2 CMakeFiles/STM32H723ZGT6_CMake_2024_11_30.elf.dir/User/Src/stm32h7xx_it.c.obj
                0x0800c30e                DebugMon_Handler
 .text.SystemInit
                0x0800c310       0xac CMakeFiles/STM32H723ZGT6_CMake_2024_11_30.elf.dir/User/Src/system_stm32h7xx.c.obj
                0x0800c310                SystemInit
 .text.__errno  0x0800c3bc        0xc d:/toolpath/arm-no~1/base_f~1/102021~1.10/bin/../lib/gcc/arm-none-eabi/10.3.1/../../../../arm-none-eabi/lib/thumb/v7e-m+fp/hard\libg_nano.a(lib_a-errno.o)
                0x0800c3bc                __errno
 .text.__libc_init_array
                0x0800c3c8       0x48 d:/toolpath/arm-no~1/base_f~1/102021~1.10/bin/../lib/gcc/arm-none-eabi/10.3.1/../../../../arm-none-eabi/lib/thumb/v7e-m+fp/hard\libg_nano.a(lib_a-init.o)
                0x0800c3c8                __libc_init_array
 .text.malloc   0x0800c410       0x10 d:/toolpath/arm-no~1/base_f~1/102021~1.10/bin/../lib/gcc/arm-none-eabi/10.3.1/../../../../arm-none-eabi/lib/thumb/v7e-m+fp/hard\libg_nano.a(lib_a-malloc.o)
                0x0800c410                malloc
 .text.free     0x0800c420       0x10 d:/toolpath/arm-no~1/base_f~1/102021~1.10/bin/../lib/gcc/arm-none-eabi/10.3.1/../../../../arm-none-eabi/lib/thumb/v7e-m+fp/hard\libg_nano.a(lib_a-malloc.o)
                0x0800c420                free
 .text.memcpy   0x0800c430       0x1c d:/toolpath/arm-no~1/base_f~1/102021~1.10/bin/../lib/gcc/arm-none-eabi/10.3.1/../../../../arm-none-eabi/lib/thumb/v7e-m+fp/hard\libg_nano.a(lib_a-memcpy-stub.o)
                0x0800c430                memcpy
 .text.memset   0x0800c44c       0x10 d:/toolpath/arm-no~1/base_f~1/102021~1.10/bin/../lib/gcc/arm-none-eabi/10.3.1/../../../../arm-none-eabi/lib/thumb/v7e-m+fp/hard\libg_nano.a(lib_a-memset.o)
                0x0800c44c                memset
 .text._free_r  0x0800c45c       0x98 d:/toolpath/arm-no~1/base_f~1/102021~1.10/bin/../lib/gcc/arm-none-eabi/10.3.1/../../../../arm-none-eabi/lib/thumb/v7e-m+fp/hard\libg_nano.a(lib_a-nano-freer.o)
                0x0800c45c                _free_r
 .text.sbrk_aligned
                0x0800c4f4       0x40 d:/toolpath/arm-no~1/base_f~1/102021~1.10/bin/../lib/gcc/arm-none-eabi/10.3.1/../../../../arm-none-eabi/lib/thumb/v7e-m+fp/hard\libg_nano.a(lib_a-nano-mallocr.o)
 .text._malloc_r
                0x0800c534       0xe8 d:/toolpath/arm-no~1/base_f~1/102021~1.10/bin/../lib/gcc/arm-none-eabi/10.3.1/../../../../arm-none-eabi/lib/thumb/v7e-m+fp/hard\libg_nano.a(lib_a-nano-mallocr.o)
                0x0800c534                _malloc_r
 .text.__cvt    0x0800c61c       0xc4 d:/toolpath/arm-no~1/base_f~1/102021~1.10/bin/../lib/gcc/arm-none-eabi/10.3.1/../../../../arm-none-eabi/lib/thumb/v7e-m+fp/hard\libg_nano.a(lib_a-nano-vfprintf_float.o)
                0x0800c61c                __cvt
 .text.__exponent
                0x0800c6e0       0x7c d:/toolpath/arm-no~1/base_f~1/102021~1.10/bin/../lib/gcc/arm-none-eabi/10.3.1/../../../../arm-none-eabi/lib/thumb/v7e-m+fp/hard\libg_nano.a(lib_a-nano-vfprintf_float.o)
                0x0800c6e0                __exponent
 .text._printf_float
                0x0800c75c      0x46c d:/toolpath/arm-no~1/base_f~1/102021~1.10/bin/../lib/gcc/arm-none-eabi/10.3.1/../../../../arm-none-eabi/lib/thumb/v7e-m+fp/hard\libg_nano.a(lib_a-nano-vfprintf_float.o)
                0x0800c75c                _printf_float
 .text._printf_common
                0x0800cbc8       0xda d:/toolpath/arm-no~1/base_f~1/102021~1.10/bin/../lib/gcc/arm-none-eabi/10.3.1/../../../../arm-none-eabi/lib/thumb/v7e-m+fp/hard\libg_nano.a(lib_a-nano-vfprintf_i.o)
                0x0800cbc8                _printf_common
 *fill*         0x0800cca2        0x2 
 .text._printf_i
                0x0800cca4      0x24c d:/toolpath/arm-no~1/base_f~1/102021~1.10/bin/../lib/gcc/arm-none-eabi/10.3.1/../../../../arm-none-eabi/lib/thumb/v7e-m+fp/hard\libg_nano.a(lib_a-nano-vfprintf_i.o)
                0x0800cca4                _printf_i
 .text.printf   0x0800cef0       0x30 d:/toolpath/arm-no~1/base_f~1/102021~1.10/bin/../lib/gcc/arm-none-eabi/10.3.1/../../../../arm-none-eabi/lib/thumb/v7e-m+fp/hard\libg_nano.a(lib_a-printf.o)
                0x0800cef0                iprintf
                0x0800cef0                printf
 .text._puts_r  0x0800cf20       0xdc d:/toolpath/arm-no~1/base_f~1/102021~1.10/bin/../lib/gcc/arm-none-eabi/10.3.1/../../../../arm-none-eabi/lib/thumb/v7e-m+fp/hard\libg_nano.a(lib_a-puts.o)
                0x0800cf20                _puts_r
 .text.puts     0x0800cffc       0x10 d:/toolpath/arm-no~1/base_f~1/102021~1.10/bin/../lib/gcc/arm-none-eabi/10.3.1/../../../../arm-none-eabi/lib/thumb/v7e-m+fp/hard\libg_nano.a(lib_a-puts.o)
                0x0800cffc                puts
 .text.cleanup_glue